Archive member included because of file (symbol)

.\CortexM3\ARM_GCC_473\Debug\BotPsoc.a(cyfitter_cfg.o)
                              .\CortexM3\ARM_GCC_473\Debug\Cm3Start.o (cyfitter_cfg)
.\CortexM3\ARM_GCC_473\Debug\BotPsoc.a(CyBootAsmGnu.o)
                              .\CortexM3\ARM_GCC_473\Debug\BotPsoc.a(cyfitter_cfg.o) (CyDelayCycles)
.\CortexM3\ARM_GCC_473\Debug\BotPsoc.a(CyDmac.o)
                              .\CortexM3\ARM_GCC_473\Debug\Cm3Start.o (CyDmacConfigure)
.\CortexM3\ARM_GCC_473\Debug\BotPsoc.a(CyLib.o)
                              .\CortexM3\ARM_GCC_473\Debug\Cm3Start.o (CyResetStatus)
.\CortexM3\ARM_GCC_473\Debug\BotPsoc.a(cyPm.o)
                              .\CortexM3\ARM_GCC_473\Debug\BotPsoc.a(CyLib.o) (CyPmReadStatus)
.\CortexM3\ARM_GCC_473\Debug\BotPsoc.a(PiComs.o)
                              .\CortexM3\ARM_GCC_473\Debug\spi_ring.o (PiComs_Start)
.\CortexM3\ARM_GCC_473\Debug\BotPsoc.a(SpiXmitDma_dma.o)
                              .\CortexM3\ARM_GCC_473\Debug\spi_ring.o (SpiXmitDma_DmaInitialize)
.\CortexM3\ARM_GCC_473\Debug\BotPsoc.a(SpiRcvDma_dma.o)
                              .\CortexM3\ARM_GCC_473\Debug\spi_ring.o (SpiRcvDma_DmaInitialize)
.\CortexM3\ARM_GCC_473\Debug\BotPsoc.a(SpiXferDone.o)
                              .\CortexM3\ARM_GCC_473\Debug\spi_ring.o (SpiXferDone_Start)
.\CortexM3\ARM_GCC_473\Debug\BotPsoc.a(LMotorPwm.o)
                              .\CortexM3\ARM_GCC_473\Debug\base_motion.o (LMotorPwm_Start)
.\CortexM3\ARM_GCC_473\Debug\BotPsoc.a(RMotorPwm.o)
                              .\CortexM3\ARM_GCC_473\Debug\base_motion.o (RMotorPwm_Start)
.\CortexM3\ARM_GCC_473\Debug\BotPsoc.a(MotorControlReg.o)
                              .\CortexM3\ARM_GCC_473\Debug\base_motion.o (MotorControlReg_Write)
.\CortexM3\ARM_GCC_473\Debug\BotPsoc.a(CyFlash.o)
                              .\CortexM3\ARM_GCC_473\Debug\BotPsoc.a(cyPm.o) (CyFlash_SetWaitCycles)
.\CortexM3\ARM_GCC_473\Debug\BotPsoc.a(CySpc.o)
                              .\CortexM3\ARM_GCC_473\Debug\BotPsoc.a(CyFlash.o) (CySpcStart)
c:/program files (x86)/cypress/psoc creator/3.0/psoc creator/import/gnu_cs/arm/4.7.3/bin/../lib/gcc/arm-none-eabi/4.7.3/../../../../arm-none-eabi/lib/armv7-m\libc_s.a(lib_a-__atexit2.o)
                              c:/program files (x86)/cypress/psoc creator/3.0/psoc creator/import/gnu_cs/arm/4.7.3/bin/../lib/gcc/arm-none-eabi/4.7.3/../../../../arm-none-eabi/lib/armv7-m/crt0.o (__register_exitproc)
c:/program files (x86)/cypress/psoc creator/3.0/psoc creator/import/gnu_cs/arm/4.7.3/bin/../lib/gcc/arm-none-eabi/4.7.3/../../../../arm-none-eabi/lib/armv7-m\libc_s.a(lib_a-exit.o)
                              c:/program files (x86)/cypress/psoc creator/3.0/psoc creator/import/gnu_cs/arm/4.7.3/bin/../lib/gcc/arm-none-eabi/4.7.3/../../../../arm-none-eabi/lib/armv7-m/crt0.o (exit)
c:/program files (x86)/cypress/psoc creator/3.0/psoc creator/import/gnu_cs/arm/4.7.3/bin/../lib/gcc/arm-none-eabi/4.7.3/../../../../arm-none-eabi/lib/armv7-m\libc_s.a(lib_a-fini.o)
                              c:/program files (x86)/cypress/psoc creator/3.0/psoc creator/import/gnu_cs/arm/4.7.3/bin/../lib/gcc/arm-none-eabi/4.7.3/../../../../arm-none-eabi/lib/armv7-m/crt0.o (__libc_fini_array)
c:/program files (x86)/cypress/psoc creator/3.0/psoc creator/import/gnu_cs/arm/4.7.3/bin/../lib/gcc/arm-none-eabi/4.7.3/../../../../arm-none-eabi/lib/armv7-m\libc_s.a(lib_a-impure.o)
                              c:/program files (x86)/cypress/psoc creator/3.0/psoc creator/import/gnu_cs/arm/4.7.3/bin/../lib/gcc/arm-none-eabi/4.7.3/../../../../arm-none-eabi/lib/armv7-m\libc_s.a(lib_a-exit.o) (_global_impure_ptr)
c:/program files (x86)/cypress/psoc creator/3.0/psoc creator/import/gnu_cs/arm/4.7.3/bin/../lib/gcc/arm-none-eabi/4.7.3/../../../../arm-none-eabi/lib/armv7-m\libc_s.a(lib_a-init.o)
                              c:/program files (x86)/cypress/psoc creator/3.0/psoc creator/import/gnu_cs/arm/4.7.3/bin/../lib/gcc/arm-none-eabi/4.7.3/../../../../arm-none-eabi/lib/armv7-m/crt0.o (__libc_init_array)
c:/program files (x86)/cypress/psoc creator/3.0/psoc creator/import/gnu_cs/arm/4.7.3/bin/../lib/gcc/arm-none-eabi/4.7.3/../../../../arm-none-eabi/lib/armv7-m\libc_s.a(lib_a-memcpy.o)
                              .\CortexM3\ARM_GCC_473\Debug\BotPsoc.a(cyfitter_cfg.o) (memcpy)
c:/program files (x86)/cypress/psoc creator/3.0/psoc creator/import/gnu_cs/arm/4.7.3/bin/../lib/gcc/arm-none-eabi/4.7.3/../../../../arm-none-eabi/lib/armv7-m\libc_s.a(lib_a-memset.o)
                              c:/program files (x86)/cypress/psoc creator/3.0/psoc creator/import/gnu_cs/arm/4.7.3/bin/../lib/gcc/arm-none-eabi/4.7.3/../../../../arm-none-eabi/lib/armv7-m/crt0.o (memset)

Allocating common symbols
Common symbol       size              file

spiDmaReceiveChannel
                    0x1               .\CortexM3\ARM_GCC_473\Debug\spi_ring.o
g_spiRing           0x40              .\CortexM3\ARM_GCC_473\Debug\main.o
PiComs_swStatusTx   0x1               .\CortexM3\ARM_GCC_473\Debug\BotPsoc.a(PiComs.o)
g_spiReady          0x1               .\CortexM3\ARM_GCC_473\Debug\main.o
spiDmaTransmitChannel
                    0x1               .\CortexM3\ARM_GCC_473\Debug\spi_ring.o
PiComs_swStatusRx   0x1               .\CortexM3\ARM_GCC_473\Debug\BotPsoc.a(PiComs.o)
spiDmaTransmitTD    0x1               .\CortexM3\ARM_GCC_473\Debug\spi_ring.o
dieTemperature      0x2               .\CortexM3\ARM_GCC_473\Debug\BotPsoc.a(CyFlash.o)
spiDmaReceiveTD     0x1               .\CortexM3\ARM_GCC_473\Debug\spi_ring.o

Discarded input sections

 .text          0x00000000        0x0 c:/program files (x86)/cypress/psoc creator/3.0/psoc creator/import/gnu_cs/arm/4.7.3/bin/../lib/gcc/arm-none-eabi/4.7.3/armv7-m/crti.o
 .data          0x00000000        0x0 c:/program files (x86)/cypress/psoc creator/3.0/psoc creator/import/gnu_cs/arm/4.7.3/bin/../lib/gcc/arm-none-eabi/4.7.3/armv7-m/crti.o
 .bss           0x00000000        0x0 c:/program files (x86)/cypress/psoc creator/3.0/psoc creator/import/gnu_cs/arm/4.7.3/bin/../lib/gcc/arm-none-eabi/4.7.3/armv7-m/crti.o
 .data          0x00000000        0x4 c:/program files (x86)/cypress/psoc creator/3.0/psoc creator/import/gnu_cs/arm/4.7.3/bin/../lib/gcc/arm-none-eabi/4.7.3/armv7-m/crtbegin.o
 .text          0x00000000       0x70 c:/program files (x86)/cypress/psoc creator/3.0/psoc creator/import/gnu_cs/arm/4.7.3/bin/../lib/gcc/arm-none-eabi/4.7.3/../../../../arm-none-eabi/lib/armv7-m/crt0.o
 .data          0x00000000        0x0 c:/program files (x86)/cypress/psoc creator/3.0/psoc creator/import/gnu_cs/arm/4.7.3/bin/../lib/gcc/arm-none-eabi/4.7.3/../../../../arm-none-eabi/lib/armv7-m/crt0.o
 .bss           0x00000000        0x0 c:/program files (x86)/cypress/psoc creator/3.0/psoc creator/import/gnu_cs/arm/4.7.3/bin/../lib/gcc/arm-none-eabi/4.7.3/../../../../arm-none-eabi/lib/armv7-m/crt0.o
 .ARM.extab     0x00000000        0x0 c:/program files (x86)/cypress/psoc creator/3.0/psoc creator/import/gnu_cs/arm/4.7.3/bin/../lib/gcc/arm-none-eabi/4.7.3/../../../../arm-none-eabi/lib/armv7-m/crt0.o
 .ARM.exidx     0x00000000        0x8 c:/program files (x86)/cypress/psoc creator/3.0/psoc creator/import/gnu_cs/arm/4.7.3/bin/../lib/gcc/arm-none-eabi/4.7.3/../../../../arm-none-eabi/lib/armv7-m/crt0.o
 .text          0x00000000        0x0 .\CortexM3\ARM_GCC_473\Debug\main.o
 .data          0x00000000        0x0 .\CortexM3\ARM_GCC_473\Debug\main.o
 .bss           0x00000000        0x0 .\CortexM3\ARM_GCC_473\Debug\main.o
 .text          0x00000000        0x0 .\CortexM3\ARM_GCC_473\Debug\spi_ring.o
 .data          0x00000000        0x0 .\CortexM3\ARM_GCC_473\Debug\spi_ring.o
 .bss           0x00000000        0x0 .\CortexM3\ARM_GCC_473\Debug\spi_ring.o
 .text          0x00000000        0x0 .\CortexM3\ARM_GCC_473\Debug\base_motion.o
 .bss           0x00000000        0x0 .\CortexM3\ARM_GCC_473\Debug\base_motion.o
 .text          0x00000000        0x0 .\CortexM3\ARM_GCC_473\Debug\cymetadata.o
 .data          0x00000000        0x0 .\CortexM3\ARM_GCC_473\Debug\cymetadata.o
 .bss           0x00000000        0x0 .\CortexM3\ARM_GCC_473\Debug\cymetadata.o
 .text          0x00000000        0x0 .\CortexM3\ARM_GCC_473\Debug\Cm3Start.o
 .data          0x00000000        0x0 .\CortexM3\ARM_GCC_473\Debug\Cm3Start.o
 .bss           0x00000000        0x0 .\CortexM3\ARM_GCC_473\Debug\Cm3Start.o
 .text._exit    0x00000000       0x30 .\CortexM3\ARM_GCC_473\Debug\Cm3Start.o
 .text          0x00000000        0x0 .\CortexM3\ARM_GCC_473\Debug\BotPsoc.a(cyfitter_cfg.o)
 .data          0x00000000        0x0 .\CortexM3\ARM_GCC_473\Debug\BotPsoc.a(cyfitter_cfg.o)
 .bss           0x00000000        0x0 .\CortexM3\ARM_GCC_473\Debug\BotPsoc.a(cyfitter_cfg.o)
 .text.CYCONFIGCPYCODE
                0x00000000       0x20 .\CortexM3\ARM_GCC_473\Debug\BotPsoc.a(cyfitter_cfg.o)
 .text.SetAnalogRoutingPumps
                0x00000000       0x34 .\CortexM3\ARM_GCC_473\Debug\BotPsoc.a(cyfitter_cfg.o)
 .data          0x00000000        0x0 .\CortexM3\ARM_GCC_473\Debug\BotPsoc.a(CyBootAsmGnu.o)
 .bss           0x00000000        0x0 .\CortexM3\ARM_GCC_473\Debug\BotPsoc.a(CyBootAsmGnu.o)
 .text          0x00000000        0x0 .\CortexM3\ARM_GCC_473\Debug\BotPsoc.a(CyDmac.o)
 .bss           0x00000000        0x0 .\CortexM3\ARM_GCC_473\Debug\BotPsoc.a(CyDmac.o)
 .text.CyDmacError
                0x00000000       0x20 .\CortexM3\ARM_GCC_473\Debug\BotPsoc.a(CyDmac.o)
 .text.CyDmacClearError
                0x00000000       0x24 .\CortexM3\ARM_GCC_473\Debug\BotPsoc.a(CyDmac.o)
 .text.CyDmacErrorAddress
                0x00000000       0x18 .\CortexM3\ARM_GCC_473\Debug\BotPsoc.a(CyDmac.o)
 .text.CyDmaChAlloc
                0x00000000       0x80 .\CortexM3\ARM_GCC_473\Debug\BotPsoc.a(CyDmac.o)
 .text.CyDmaChFree
                0x00000000       0x5c .\CortexM3\ARM_GCC_473\Debug\BotPsoc.a(CyDmac.o)
 .text.CyDmaChDisable
                0x00000000       0x84 .\CortexM3\ARM_GCC_473\Debug\BotPsoc.a(CyDmac.o)
 .text.CyDmaClearPendingDrq
                0x00000000       0x84 .\CortexM3\ARM_GCC_473\Debug\BotPsoc.a(CyDmac.o)
 .text.CyDmaChSetRequest
                0x00000000       0x64 .\CortexM3\ARM_GCC_473\Debug\BotPsoc.a(CyDmac.o)
 .text.CyDmaChGetRequest
                0x00000000       0x40 .\CortexM3\ARM_GCC_473\Debug\BotPsoc.a(CyDmac.o)
 .text.CyDmaChStatus
                0x00000000       0x70 .\CortexM3\ARM_GCC_473\Debug\BotPsoc.a(CyDmac.o)
 .text.CyDmaTdFree
                0x00000000       0x6c .\CortexM3\ARM_GCC_473\Debug\BotPsoc.a(CyDmac.o)
 .text.CyDmaTdFreeCount
                0x00000000       0x1c .\CortexM3\ARM_GCC_473\Debug\BotPsoc.a(CyDmac.o)
 .text.CyDmaTdGetConfiguration
                0x00000000       0x94 .\CortexM3\ARM_GCC_473\Debug\BotPsoc.a(CyDmac.o)
 .text.CyDmaTdGetAddress
                0x00000000       0x78 .\CortexM3\ARM_GCC_473\Debug\BotPsoc.a(CyDmac.o)
 .text.CyDmaChRoundRobin
                0x00000000       0x90 .\CortexM3\ARM_GCC_473\Debug\BotPsoc.a(CyDmac.o)
 .text          0x00000000        0x0 .\CortexM3\ARM_GCC_473\Debug\BotPsoc.a(CyLib.o)
 .data          0x00000000       0x10 .\CortexM3\ARM_GCC_473\Debug\BotPsoc.a(CyLib.o)
 .bss           0x00000000        0x0 .\CortexM3\ARM_GCC_473\Debug\BotPsoc.a(CyLib.o)
 .text.CyPLL_OUT_Start
                0x00000000       0xe0 .\CortexM3\ARM_GCC_473\Debug\BotPsoc.a(CyLib.o)
 .text.CyPLL_OUT_Stop
                0x00000000       0x28 .\CortexM3\ARM_GCC_473\Debug\BotPsoc.a(CyLib.o)
 .text.CyPLL_OUT_SetPQ
                0x00000000       0xac .\CortexM3\ARM_GCC_473\Debug\BotPsoc.a(CyLib.o)
 .text.CyPLL_OUT_SetSource
                0x00000000       0x60 .\CortexM3\ARM_GCC_473\Debug\BotPsoc.a(CyLib.o)
 .text.CyIMO_Start
                0x00000000       0xbc .\CortexM3\ARM_GCC_473\Debug\BotPsoc.a(CyLib.o)
 .text.CyIMO_Stop
                0x00000000       0x44 .\CortexM3\ARM_GCC_473\Debug\BotPsoc.a(CyLib.o)
 .text.CyUSB_PowerOnCheck
                0x00000000       0x70 .\CortexM3\ARM_GCC_473\Debug\BotPsoc.a(CyLib.o)
 .text.CyIMO_SetTrimValue
                0x00000000      0x160 .\CortexM3\ARM_GCC_473\Debug\BotPsoc.a(CyLib.o)
 .text.CyIMO_SetFreq
                0x00000000      0x224 .\CortexM3\ARM_GCC_473\Debug\BotPsoc.a(CyLib.o)
 .text.CyIMO_SetSource
                0x00000000       0xb0 .\CortexM3\ARM_GCC_473\Debug\BotPsoc.a(CyLib.o)
 .text.CyIMO_EnableDoubler
                0x00000000       0x28 .\CortexM3\ARM_GCC_473\Debug\BotPsoc.a(CyLib.o)
 .text.CyIMO_DisableDoubler
                0x00000000       0x28 .\CortexM3\ARM_GCC_473\Debug\BotPsoc.a(CyLib.o)
 .text.CyMasterClk_SetSource
                0x00000000       0x3c .\CortexM3\ARM_GCC_473\Debug\BotPsoc.a(CyLib.o)
 .text.CyMasterClk_SetDivider
                0x00000000       0x20 .\CortexM3\ARM_GCC_473\Debug\BotPsoc.a(CyLib.o)
 .text.CyBusClk_Internal_SetDivider
                0x00000000       0x98 .\CortexM3\ARM_GCC_473\Debug\BotPsoc.a(CyLib.o)
 .text.CyBusClk_SetDivider
                0x00000000       0xd0 .\CortexM3\ARM_GCC_473\Debug\BotPsoc.a(CyLib.o)
 .text.CyUsbClk_SetSource
                0x00000000       0x3c .\CortexM3\ARM_GCC_473\Debug\BotPsoc.a(CyLib.o)
 .text.CyILO_Start1K
                0x00000000       0x28 .\CortexM3\ARM_GCC_473\Debug\BotPsoc.a(CyLib.o)
 .text.CyILO_Stop1K
                0x00000000       0x28 .\CortexM3\ARM_GCC_473\Debug\BotPsoc.a(CyLib.o)
 .text.CyILO_Start100K
                0x00000000       0x28 .\CortexM3\ARM_GCC_473\Debug\BotPsoc.a(CyLib.o)
 .text.CyILO_Stop100K
                0x00000000       0x28 .\CortexM3\ARM_GCC_473\Debug\BotPsoc.a(CyLib.o)
 .text.CyILO_Enable33K
                0x00000000       0x28 .\CortexM3\ARM_GCC_473\Debug\BotPsoc.a(CyLib.o)
 .text.CyILO_Disable33K
                0x00000000       0x28 .\CortexM3\ARM_GCC_473\Debug\BotPsoc.a(CyLib.o)
 .text.CyILO_SetSource
                0x00000000       0x3c .\CortexM3\ARM_GCC_473\Debug\BotPsoc.a(CyLib.o)
 .text.CyILO_SetPowerMode
                0x00000000       0x5c .\CortexM3\ARM_GCC_473\Debug\BotPsoc.a(CyLib.o)
 .text.CyXTAL_32KHZ_Start
                0x00000000       0xa4 .\CortexM3\ARM_GCC_473\Debug\BotPsoc.a(CyLib.o)
 .text.CyXTAL_32KHZ_Stop
                0x00000000       0x64 .\CortexM3\ARM_GCC_473\Debug\BotPsoc.a(CyLib.o)
 .text.CyXTAL_32KHZ_ReadStatus
                0x00000000       0x20 .\CortexM3\ARM_GCC_473\Debug\BotPsoc.a(CyLib.o)
 .text.CyXTAL_32KHZ_SetPowerMode
                0x00000000       0xfc .\CortexM3\ARM_GCC_473\Debug\BotPsoc.a(CyLib.o)
 .text.CyXTAL_Start
                0x00000000      0x108 .\CortexM3\ARM_GCC_473\Debug\BotPsoc.a(CyLib.o)
 .text.CyXTAL_Stop
                0x00000000       0x28 .\CortexM3\ARM_GCC_473\Debug\BotPsoc.a(CyLib.o)
 .text.CyXTAL_EnableErrStatus
                0x00000000       0x28 .\CortexM3\ARM_GCC_473\Debug\BotPsoc.a(CyLib.o)
 .text.CyXTAL_DisableErrStatus
                0x00000000       0x28 .\CortexM3\ARM_GCC_473\Debug\BotPsoc.a(CyLib.o)
 .text.CyXTAL_ReadStatus
                0x00000000       0x2c .\CortexM3\ARM_GCC_473\Debug\BotPsoc.a(CyLib.o)
 .text.CyXTAL_EnableFaultRecovery
                0x00000000       0x28 .\CortexM3\ARM_GCC_473\Debug\BotPsoc.a(CyLib.o)
 .text.CyXTAL_DisableFaultRecovery
                0x00000000       0x28 .\CortexM3\ARM_GCC_473\Debug\BotPsoc.a(CyLib.o)
 .text.CyXTAL_SetStartup
                0x00000000       0x3c .\CortexM3\ARM_GCC_473\Debug\BotPsoc.a(CyLib.o)
 .text.CyXTAL_SetFbVoltage
                0x00000000       0x3c .\CortexM3\ARM_GCC_473\Debug\BotPsoc.a(CyLib.o)
 .text.CyXTAL_SetWdVoltage
                0x00000000       0x44 .\CortexM3\ARM_GCC_473\Debug\BotPsoc.a(CyLib.o)
 .text.CyHalt   0x00000000       0x18 .\CortexM3\ARM_GCC_473\Debug\BotPsoc.a(CyLib.o)
 .text.CySoftwareReset
                0x00000000       0x28 .\CortexM3\ARM_GCC_473\Debug\BotPsoc.a(CyLib.o)
 .text.CyDelay  0x00000000       0x48 .\CortexM3\ARM_GCC_473\Debug\BotPsoc.a(CyLib.o)
 .text.CyDelayUs
                0x00000000       0x28 .\CortexM3\ARM_GCC_473\Debug\BotPsoc.a(CyLib.o)
 .text.CyDelayFreq
                0x00000000       0xa8 .\CortexM3\ARM_GCC_473\Debug\BotPsoc.a(CyLib.o)
 .text.CyWdtStart
                0x00000000       0xc4 .\CortexM3\ARM_GCC_473\Debug\BotPsoc.a(CyLib.o)
 .text.CyWdtClear
                0x00000000       0x18 .\CortexM3\ARM_GCC_473\Debug\BotPsoc.a(CyLib.o)
 .text.CyVdLvDigitEnable
                0x00000000       0xf4 .\CortexM3\ARM_GCC_473\Debug\BotPsoc.a(CyLib.o)
 .text.CyVdLvAnalogEnable
                0x00000000       0xf4 .\CortexM3\ARM_GCC_473\Debug\BotPsoc.a(CyLib.o)
 .text.CyVdLvDigitDisable
                0x00000000       0x58 .\CortexM3\ARM_GCC_473\Debug\BotPsoc.a(CyLib.o)
 .text.CyVdLvAnalogDisable
                0x00000000       0x58 .\CortexM3\ARM_GCC_473\Debug\BotPsoc.a(CyLib.o)
 .text.CyVdHvAnalogEnable
                0x00000000       0x7c .\CortexM3\ARM_GCC_473\Debug\BotPsoc.a(CyLib.o)
 .text.CyVdHvAnalogDisable
                0x00000000       0x28 .\CortexM3\ARM_GCC_473\Debug\BotPsoc.a(CyLib.o)
 .text.CyVdStickyStatus
                0x00000000       0x48 .\CortexM3\ARM_GCC_473\Debug\BotPsoc.a(CyLib.o)
 .text.CyVdRealTimeStatus
                0x00000000       0x30 .\CortexM3\ARM_GCC_473\Debug\BotPsoc.a(CyLib.o)
 .text.CyDisableInts
                0x00000000       0x3c .\CortexM3\ARM_GCC_473\Debug\BotPsoc.a(CyLib.o)
 .text.CyEnableInts
                0x00000000       0x2c .\CortexM3\ARM_GCC_473\Debug\BotPsoc.a(CyLib.o)
 .text.CyFlushCache
                0x00000000       0x7c .\CortexM3\ARM_GCC_473\Debug\BotPsoc.a(CyLib.o)
 .text.CyIntSetSysVector
                0x00000000       0x58 .\CortexM3\ARM_GCC_473\Debug\BotPsoc.a(CyLib.o)
 .text.CyIntGetSysVector
                0x00000000       0x40 .\CortexM3\ARM_GCC_473\Debug\BotPsoc.a(CyLib.o)
 .text.CyIntSetVector
                0x00000000       0x60 .\CortexM3\ARM_GCC_473\Debug\BotPsoc.a(CyLib.o)
 .text.CyIntGetVector
                0x00000000       0x44 .\CortexM3\ARM_GCC_473\Debug\BotPsoc.a(CyLib.o)
 .text.CyIntSetPriority
                0x00000000       0x4c .\CortexM3\ARM_GCC_473\Debug\BotPsoc.a(CyLib.o)
 .text.CyIntGetPriority
                0x00000000       0x3c .\CortexM3\ARM_GCC_473\Debug\BotPsoc.a(CyLib.o)
 .text.CyIntGetState
                0x00000000       0x48 .\CortexM3\ARM_GCC_473\Debug\BotPsoc.a(CyLib.o)
 .text          0x00000000        0x0 .\CortexM3\ARM_GCC_473\Debug\BotPsoc.a(cyPm.o)
 .data          0x00000000        0x0 .\CortexM3\ARM_GCC_473\Debug\BotPsoc.a(cyPm.o)
 .bss           0x00000000       0x44 .\CortexM3\ARM_GCC_473\Debug\BotPsoc.a(cyPm.o)
 .rodata        0x00000000       0x10 .\CortexM3\ARM_GCC_473\Debug\BotPsoc.a(cyPm.o)
 .text.CyPmSaveClocks
                0x00000000      0x354 .\CortexM3\ARM_GCC_473\Debug\BotPsoc.a(cyPm.o)
 .text.CyPmRestoreClocks
                0x00000000      0x3e4 .\CortexM3\ARM_GCC_473\Debug\BotPsoc.a(cyPm.o)
 .text.CyPmAltAct
                0x00000000      0x118 .\CortexM3\ARM_GCC_473\Debug\BotPsoc.a(cyPm.o)
 .text.CyPmSleep
                0x00000000      0x21c .\CortexM3\ARM_GCC_473\Debug\BotPsoc.a(cyPm.o)
 .text.CyPmHibernate
                0x00000000      0x1f0 .\CortexM3\ARM_GCC_473\Debug\BotPsoc.a(cyPm.o)
 .text.CyPmReadStatus
                0x00000000       0x78 .\CortexM3\ARM_GCC_473\Debug\BotPsoc.a(cyPm.o)
 .text.CyPmHibSaveSet
                0x00000000      0x138 .\CortexM3\ARM_GCC_473\Debug\BotPsoc.a(cyPm.o)
 .text.CyPmHibRestore
                0x00000000       0x94 .\CortexM3\ARM_GCC_473\Debug\BotPsoc.a(cyPm.o)
 .text.CyPmCtwSetInterval
                0x00000000       0xd8 .\CortexM3\ARM_GCC_473\Debug\BotPsoc.a(cyPm.o)
 .text.CyPmOppsSet
                0x00000000       0x58 .\CortexM3\ARM_GCC_473\Debug\BotPsoc.a(cyPm.o)
 .text.CyPmFtwSetInterval
                0x00000000       0xd8 .\CortexM3\ARM_GCC_473\Debug\BotPsoc.a(cyPm.o)
 .text.CyPmHibSlpSaveSet
                0x00000000      0x458 .\CortexM3\ARM_GCC_473\Debug\BotPsoc.a(cyPm.o)
 .text.CyPmHibSlpRestore
                0x00000000      0x270 .\CortexM3\ARM_GCC_473\Debug\BotPsoc.a(cyPm.o)
 .text.CyPmHviLviSaveDisable
                0x00000000      0x13c .\CortexM3\ARM_GCC_473\Debug\BotPsoc.a(cyPm.o)
 .text.CyPmHviLviRestore
                0x00000000       0x7c .\CortexM3\ARM_GCC_473\Debug\BotPsoc.a(cyPm.o)
 .text          0x00000000        0x0 .\CortexM3\ARM_GCC_473\Debug\BotPsoc.a(PiComs.o)
 .data          0x00000000        0x0 .\CortexM3\ARM_GCC_473\Debug\BotPsoc.a(PiComs.o)
 .text.PiComs_Stop
                0x00000000       0x58 .\CortexM3\ARM_GCC_473\Debug\BotPsoc.a(PiComs.o)
 .text.PiComs_EnableTxInt
                0x00000000        0xc .\CortexM3\ARM_GCC_473\Debug\BotPsoc.a(PiComs.o)
 .text.PiComs_EnableRxInt
                0x00000000        0xc .\CortexM3\ARM_GCC_473\Debug\BotPsoc.a(PiComs.o)
 .text.PiComs_DisableTxInt
                0x00000000        0xc .\CortexM3\ARM_GCC_473\Debug\BotPsoc.a(PiComs.o)
 .text.PiComs_DisableRxInt
                0x00000000        0xc .\CortexM3\ARM_GCC_473\Debug\BotPsoc.a(PiComs.o)
 .text.PiComs_SetTxInterruptMode
                0x00000000       0x20 .\CortexM3\ARM_GCC_473\Debug\BotPsoc.a(PiComs.o)
 .text.PiComs_SetRxInterruptMode
                0x00000000       0x20 .\CortexM3\ARM_GCC_473\Debug\BotPsoc.a(PiComs.o)
 .text.PiComs_WriteTxData
                0x00000000       0x38 .\CortexM3\ARM_GCC_473\Debug\BotPsoc.a(PiComs.o)
 .text.PiComs_ReadRxData
                0x00000000       0x20 .\CortexM3\ARM_GCC_473\Debug\BotPsoc.a(PiComs.o)
 .text.PiComs_GetRxBufferSize
                0x00000000       0x34 .\CortexM3\ARM_GCC_473\Debug\BotPsoc.a(PiComs.o)
 .text.PiComs_GetTxBufferSize
                0x00000000       0x4c .\CortexM3\ARM_GCC_473\Debug\BotPsoc.a(PiComs.o)
 .text.PiComs_ClearRxBuffer
                0x00000000       0x2c .\CortexM3\ARM_GCC_473\Debug\BotPsoc.a(PiComs.o)
 .text.PiComs_ClearTxBuffer
                0x00000000       0x58 .\CortexM3\ARM_GCC_473\Debug\BotPsoc.a(PiComs.o)
 .text.PiComs_PutArray
                0x00000000       0x40 .\CortexM3\ARM_GCC_473\Debug\BotPsoc.a(PiComs.o)
 .text.PiComs_EnableInt
                0x00000000        0xc .\CortexM3\ARM_GCC_473\Debug\BotPsoc.a(PiComs.o)
 .text.PiComs_DisableInt
                0x00000000        0xc .\CortexM3\ARM_GCC_473\Debug\BotPsoc.a(PiComs.o)
 .text.PiComs_SetInterruptMode
                0x00000000       0x2c .\CortexM3\ARM_GCC_473\Debug\BotPsoc.a(PiComs.o)
 .text.PiComs_ReadStatus
                0x00000000       0x3c .\CortexM3\ARM_GCC_473\Debug\BotPsoc.a(PiComs.o)
 COMMON         0x00000000        0x2 .\CortexM3\ARM_GCC_473\Debug\BotPsoc.a(PiComs.o)
 .text          0x00000000        0x0 .\CortexM3\ARM_GCC_473\Debug\BotPsoc.a(SpiXmitDma_dma.o)
 .bss           0x00000000        0x0 .\CortexM3\ARM_GCC_473\Debug\BotPsoc.a(SpiXmitDma_dma.o)
 .text.SpiXmitDma_DmaRelease
                0x00000000       0x18 .\CortexM3\ARM_GCC_473\Debug\BotPsoc.a(SpiXmitDma_dma.o)
 .text          0x00000000        0x0 .\CortexM3\ARM_GCC_473\Debug\BotPsoc.a(SpiRcvDma_dma.o)
 .bss           0x00000000        0x0 .\CortexM3\ARM_GCC_473\Debug\BotPsoc.a(SpiRcvDma_dma.o)
 .text.SpiRcvDma_DmaRelease
                0x00000000       0x18 .\CortexM3\ARM_GCC_473\Debug\BotPsoc.a(SpiRcvDma_dma.o)
 .text          0x00000000        0x0 .\CortexM3\ARM_GCC_473\Debug\BotPsoc.a(SpiXferDone.o)
 .data          0x00000000        0x0 .\CortexM3\ARM_GCC_473\Debug\BotPsoc.a(SpiXferDone.o)
 .bss           0x00000000        0x0 .\CortexM3\ARM_GCC_473\Debug\BotPsoc.a(SpiXferDone.o)
 .text.SpiXferDone_StartEx
                0x00000000       0x28 .\CortexM3\ARM_GCC_473\Debug\BotPsoc.a(SpiXferDone.o)
 .text.SpiXferDone_Stop
                0x00000000       0x18 .\CortexM3\ARM_GCC_473\Debug\BotPsoc.a(SpiXferDone.o)
 .text.SpiXferDone_GetVector
                0x00000000       0x24 .\CortexM3\ARM_GCC_473\Debug\BotPsoc.a(SpiXferDone.o)
 .text.SpiXferDone_GetPriority
                0x00000000       0x28 .\CortexM3\ARM_GCC_473\Debug\BotPsoc.a(SpiXferDone.o)
 .text.SpiXferDone_GetState
                0x00000000       0x20 .\CortexM3\ARM_GCC_473\Debug\BotPsoc.a(SpiXferDone.o)
 .text.SpiXferDone_SetPending
                0x00000000       0x18 .\CortexM3\ARM_GCC_473\Debug\BotPsoc.a(SpiXferDone.o)
 .text.SpiXferDone_ClearPending
                0x00000000       0x18 .\CortexM3\ARM_GCC_473\Debug\BotPsoc.a(SpiXferDone.o)
 .text          0x00000000        0x0 .\CortexM3\ARM_GCC_473\Debug\BotPsoc.a(LMotorPwm.o)
 .data          0x00000000        0x0 .\CortexM3\ARM_GCC_473\Debug\BotPsoc.a(LMotorPwm.o)
 .text.LMotorPwm_Stop
                0x00000000       0x60 .\CortexM3\ARM_GCC_473\Debug\BotPsoc.a(LMotorPwm.o)
 .text.LMotorPwm_ReadStatusRegister
                0x00000000       0x20 .\CortexM3\ARM_GCC_473\Debug\BotPsoc.a(LMotorPwm.o)
 .text.LMotorPwm_ReadControlRegister
                0x00000000       0x20 .\CortexM3\ARM_GCC_473\Debug\BotPsoc.a(LMotorPwm.o)
 .text.LMotorPwm_WriteControlRegister
                0x00000000       0x20 .\CortexM3\ARM_GCC_473\Debug\BotPsoc.a(LMotorPwm.o)
 .text.LMotorPwm_ReadCompare
                0x00000000       0x18 .\CortexM3\ARM_GCC_473\Debug\BotPsoc.a(LMotorPwm.o)
 .text.LMotorPwm_ReadPeriod
                0x00000000       0x18 .\CortexM3\ARM_GCC_473\Debug\BotPsoc.a(LMotorPwm.o)
 .text          0x00000000        0x0 .\CortexM3\ARM_GCC_473\Debug\BotPsoc.a(RMotorPwm.o)
 .data          0x00000000        0x0 .\CortexM3\ARM_GCC_473\Debug\BotPsoc.a(RMotorPwm.o)
 .text.RMotorPwm_Stop
                0x00000000       0x60 .\CortexM3\ARM_GCC_473\Debug\BotPsoc.a(RMotorPwm.o)
 .text.RMotorPwm_ReadStatusRegister
                0x00000000       0x20 .\CortexM3\ARM_GCC_473\Debug\BotPsoc.a(RMotorPwm.o)
 .text.RMotorPwm_ReadControlRegister
                0x00000000       0x20 .\CortexM3\ARM_GCC_473\Debug\BotPsoc.a(RMotorPwm.o)
 .text.RMotorPwm_WriteControlRegister
                0x00000000       0x20 .\CortexM3\ARM_GCC_473\Debug\BotPsoc.a(RMotorPwm.o)
 .text.RMotorPwm_ReadCompare
                0x00000000       0x18 .\CortexM3\ARM_GCC_473\Debug\BotPsoc.a(RMotorPwm.o)
 .text.RMotorPwm_ReadPeriod
                0x00000000       0x18 .\CortexM3\ARM_GCC_473\Debug\BotPsoc.a(RMotorPwm.o)
 .text          0x00000000        0x0 .\CortexM3\ARM_GCC_473\Debug\BotPsoc.a(MotorControlReg.o)
 .data          0x00000000        0x0 .\CortexM3\ARM_GCC_473\Debug\BotPsoc.a(MotorControlReg.o)
 .bss           0x00000000        0x0 .\CortexM3\ARM_GCC_473\Debug\BotPsoc.a(MotorControlReg.o)
 .text.MotorControlReg_Read
                0x00000000       0x18 .\CortexM3\ARM_GCC_473\Debug\BotPsoc.a(MotorControlReg.o)
 .text          0x00000000        0x0 .\CortexM3\ARM_GCC_473\Debug\BotPsoc.a(CyFlash.o)
 .data          0x00000000        0x0 .\CortexM3\ARM_GCC_473\Debug\BotPsoc.a(CyFlash.o)
 .bss           0x00000000        0x4 .\CortexM3\ARM_GCC_473\Debug\BotPsoc.a(CyFlash.o)
 .text.CyFlash_Start
                0x00000000       0x48 .\CortexM3\ARM_GCC_473\Debug\BotPsoc.a(CyFlash.o)
 .text.CyFlash_Stop
                0x00000000       0x44 .\CortexM3\ARM_GCC_473\Debug\BotPsoc.a(CyFlash.o)
 .text.CySetTempInt
                0x00000000       0x90 .\CortexM3\ARM_GCC_473\Debug\BotPsoc.a(CyFlash.o)
 .text.CySetTemp
                0x00000000       0x24 .\CortexM3\ARM_GCC_473\Debug\BotPsoc.a(CyFlash.o)
 .text.CySetFlashEEBuffer
                0x00000000       0x50 .\CortexM3\ARM_GCC_473\Debug\BotPsoc.a(CyFlash.o)
 .text.CyWriteRowData
                0x00000000       0xbc .\CortexM3\ARM_GCC_473\Debug\BotPsoc.a(CyFlash.o)
 .text.CyWriteRowFull
                0x00000000      0x120 .\CortexM3\ARM_GCC_473\Debug\BotPsoc.a(CyFlash.o)
 .text.CyFlash_SetWaitCycles
                0x00000000       0xc0 .\CortexM3\ARM_GCC_473\Debug\BotPsoc.a(CyFlash.o)
 .text.CyEEPROM_Start
                0x00000000       0x44 .\CortexM3\ARM_GCC_473\Debug\BotPsoc.a(CyFlash.o)
 .text.CyEEPROM_Stop
                0x00000000       0x44 .\CortexM3\ARM_GCC_473\Debug\BotPsoc.a(CyFlash.o)
 .text.CyEEPROM_ReadReserve
                0x00000000       0x3c .\CortexM3\ARM_GCC_473\Debug\BotPsoc.a(CyFlash.o)
 .text.CyEEPROM_ReadRelease
                0x00000000       0x20 .\CortexM3\ARM_GCC_473\Debug\BotPsoc.a(CyFlash.o)
 COMMON         0x00000000        0x2 .\CortexM3\ARM_GCC_473\Debug\BotPsoc.a(CyFlash.o)
 .text          0x00000000        0x0 .\CortexM3\ARM_GCC_473\Debug\BotPsoc.a(CySpc.o)
 .data          0x00000000        0x0 .\CortexM3\ARM_GCC_473\Debug\BotPsoc.a(CySpc.o)
 .bss           0x00000000        0x8 .\CortexM3\ARM_GCC_473\Debug\BotPsoc.a(CySpc.o)
 .text.CySpcStart
                0x00000000       0x58 .\CortexM3\ARM_GCC_473\Debug\BotPsoc.a(CySpc.o)
 .text.CySpcStop
                0x00000000       0x58 .\CortexM3\ARM_GCC_473\Debug\BotPsoc.a(CySpc.o)
 .text.CySpcReadData
                0x00000000       0x64 .\CortexM3\ARM_GCC_473\Debug\BotPsoc.a(CySpc.o)
 .text.CySpcLoadMultiByte
                0x00000000      0x11c .\CortexM3\ARM_GCC_473\Debug\BotPsoc.a(CySpc.o)
 .text.CySpcLoadRow
                0x00000000       0xbc .\CortexM3\ARM_GCC_473\Debug\BotPsoc.a(CySpc.o)
 .text.CySpcWriteRow
                0x00000000       0xcc .\CortexM3\ARM_GCC_473\Debug\BotPsoc.a(CySpc.o)
 .text.CySpcEraseSector
                0x00000000       0x9c .\CortexM3\ARM_GCC_473\Debug\BotPsoc.a(CySpc.o)
 .text.CySpcGetTemp
                0x00000000       0x8c .\CortexM3\ARM_GCC_473\Debug\BotPsoc.a(CySpc.o)
 .text.CySpcLock
                0x00000000       0x88 .\CortexM3\ARM_GCC_473\Debug\BotPsoc.a(CySpc.o)
 .text.CySpcUnlock
                0x00000000       0x68 .\CortexM3\ARM_GCC_473\Debug\BotPsoc.a(CySpc.o)
 .text          0x00000000        0x0 c:/program files (x86)/cypress/psoc creator/3.0/psoc creator/import/gnu_cs/arm/4.7.3/bin/../lib/gcc/arm-none-eabi/4.7.3/../../../../arm-none-eabi/lib/armv7-m\libc_s.a(lib_a-__atexit2.o)
 .data          0x00000000        0x0 c:/program files (x86)/cypress/psoc creator/3.0/psoc creator/import/gnu_cs/arm/4.7.3/bin/../lib/gcc/arm-none-eabi/4.7.3/../../../../arm-none-eabi/lib/armv7-m\libc_s.a(lib_a-__atexit2.o)
 .bss           0x00000000        0x0 c:/program files (x86)/cypress/psoc creator/3.0/psoc creator/import/gnu_cs/arm/4.7.3/bin/../lib/gcc/arm-none-eabi/4.7.3/../../../../arm-none-eabi/lib/armv7-m\libc_s.a(lib_a-__atexit2.o)
 .text.__register_exitproc
                0x00000000       0x14 c:/program files (x86)/cypress/psoc creator/3.0/psoc creator/import/gnu_cs/arm/4.7.3/bin/../lib/gcc/arm-none-eabi/4.7.3/../../../../arm-none-eabi/lib/armv7-m\libc_s.a(lib_a-__atexit2.o)
 .text          0x00000000        0x0 c:/program files (x86)/cypress/psoc creator/3.0/psoc creator/import/gnu_cs/arm/4.7.3/bin/../lib/gcc/arm-none-eabi/4.7.3/../../../../arm-none-eabi/lib/armv7-m\libc_s.a(lib_a-exit.o)
 .data          0x00000000        0x0 c:/program files (x86)/cypress/psoc creator/3.0/psoc creator/import/gnu_cs/arm/4.7.3/bin/../lib/gcc/arm-none-eabi/4.7.3/../../../../arm-none-eabi/lib/armv7-m\libc_s.a(lib_a-exit.o)
 .bss           0x00000000        0x0 c:/program files (x86)/cypress/psoc creator/3.0/psoc creator/import/gnu_cs/arm/4.7.3/bin/../lib/gcc/arm-none-eabi/4.7.3/../../../../arm-none-eabi/lib/armv7-m\libc_s.a(lib_a-exit.o)
 .text.exit     0x00000000       0x2c c:/program files (x86)/cypress/psoc creator/3.0/psoc creator/import/gnu_cs/arm/4.7.3/bin/../lib/gcc/arm-none-eabi/4.7.3/../../../../arm-none-eabi/lib/armv7-m\libc_s.a(lib_a-exit.o)
 .text          0x00000000        0x0 c:/program files (x86)/cypress/psoc creator/3.0/psoc creator/import/gnu_cs/arm/4.7.3/bin/../lib/gcc/arm-none-eabi/4.7.3/../../../../arm-none-eabi/lib/armv7-m\libc_s.a(lib_a-fini.o)
 .data          0x00000000        0x0 c:/program files (x86)/cypress/psoc creator/3.0/psoc creator/import/gnu_cs/arm/4.7.3/bin/../lib/gcc/arm-none-eabi/4.7.3/../../../../arm-none-eabi/lib/armv7-m\libc_s.a(lib_a-fini.o)
 .bss           0x00000000        0x0 c:/program files (x86)/cypress/psoc creator/3.0/psoc creator/import/gnu_cs/arm/4.7.3/bin/../lib/gcc/arm-none-eabi/4.7.3/../../../../arm-none-eabi/lib/armv7-m\libc_s.a(lib_a-fini.o)
 .text.__libc_fini_array
                0x00000000       0x2c c:/program files (x86)/cypress/psoc creator/3.0/psoc creator/import/gnu_cs/arm/4.7.3/bin/../lib/gcc/arm-none-eabi/4.7.3/../../../../arm-none-eabi/lib/armv7-m\libc_s.a(lib_a-fini.o)
 .text          0x00000000        0x0 c:/program files (x86)/cypress/psoc creator/3.0/psoc creator/import/gnu_cs/arm/4.7.3/bin/../lib/gcc/arm-none-eabi/4.7.3/../../../../arm-none-eabi/lib/armv7-m\libc_s.a(lib_a-impure.o)
 .data          0x00000000        0x0 c:/program files (x86)/cypress/psoc creator/3.0/psoc creator/import/gnu_cs/arm/4.7.3/bin/../lib/gcc/arm-none-eabi/4.7.3/../../../../arm-none-eabi/lib/armv7-m\libc_s.a(lib_a-impure.o)
 .bss           0x00000000        0x0 c:/program files (x86)/cypress/psoc creator/3.0/psoc creator/import/gnu_cs/arm/4.7.3/bin/../lib/gcc/arm-none-eabi/4.7.3/../../../../arm-none-eabi/lib/armv7-m\libc_s.a(lib_a-impure.o)
 .data.impure_data
                0x00000000       0x64 c:/program files (x86)/cypress/psoc creator/3.0/psoc creator/import/gnu_cs/arm/4.7.3/bin/../lib/gcc/arm-none-eabi/4.7.3/../../../../arm-none-eabi/lib/armv7-m\libc_s.a(lib_a-impure.o)
 .data._impure_ptr
                0x00000000        0x4 c:/program files (x86)/cypress/psoc creator/3.0/psoc creator/import/gnu_cs/arm/4.7.3/bin/../lib/gcc/arm-none-eabi/4.7.3/../../../../arm-none-eabi/lib/armv7-m\libc_s.a(lib_a-impure.o)
 .rodata.str1.1
                0x00000000        0x2 c:/program files (x86)/cypress/psoc creator/3.0/psoc creator/import/gnu_cs/arm/4.7.3/bin/../lib/gcc/arm-none-eabi/4.7.3/../../../../arm-none-eabi/lib/armv7-m\libc_s.a(lib_a-impure.o)
 .rodata._global_impure_ptr
                0x00000000        0x4 c:/program files (x86)/cypress/psoc creator/3.0/psoc creator/import/gnu_cs/arm/4.7.3/bin/../lib/gcc/arm-none-eabi/4.7.3/../../../../arm-none-eabi/lib/armv7-m\libc_s.a(lib_a-impure.o)
 .text          0x00000000        0x0 c:/program files (x86)/cypress/psoc creator/3.0/psoc creator/import/gnu_cs/arm/4.7.3/bin/../lib/gcc/arm-none-eabi/4.7.3/../../../../arm-none-eabi/lib/armv7-m\libc_s.a(lib_a-init.o)
 .data          0x00000000        0x0 c:/program files (x86)/cypress/psoc creator/3.0/psoc creator/import/gnu_cs/arm/4.7.3/bin/../lib/gcc/arm-none-eabi/4.7.3/../../../../arm-none-eabi/lib/armv7-m\libc_s.a(lib_a-init.o)
 .bss           0x00000000        0x0 c:/program files (x86)/cypress/psoc creator/3.0/psoc creator/import/gnu_cs/arm/4.7.3/bin/../lib/gcc/arm-none-eabi/4.7.3/../../../../arm-none-eabi/lib/armv7-m\libc_s.a(lib_a-init.o)
 .text          0x00000000        0x0 c:/program files (x86)/cypress/psoc creator/3.0/psoc creator/import/gnu_cs/arm/4.7.3/bin/../lib/gcc/arm-none-eabi/4.7.3/../../../../arm-none-eabi/lib/armv7-m\libc_s.a(lib_a-memcpy.o)
 .data          0x00000000        0x0 c:/program files (x86)/cypress/psoc creator/3.0/psoc creator/import/gnu_cs/arm/4.7.3/bin/../lib/gcc/arm-none-eabi/4.7.3/../../../../arm-none-eabi/lib/armv7-m\libc_s.a(lib_a-memcpy.o)
 .bss           0x00000000        0x0 c:/program files (x86)/cypress/psoc creator/3.0/psoc creator/import/gnu_cs/arm/4.7.3/bin/../lib/gcc/arm-none-eabi/4.7.3/../../../../arm-none-eabi/lib/armv7-m\libc_s.a(lib_a-memcpy.o)
 .text          0x00000000        0x0 c:/program files (x86)/cypress/psoc creator/3.0/psoc creator/import/gnu_cs/arm/4.7.3/bin/../lib/gcc/arm-none-eabi/4.7.3/../../../../arm-none-eabi/lib/armv7-m\libc_s.a(lib_a-memset.o)
 .data          0x00000000        0x0 c:/program files (x86)/cypress/psoc creator/3.0/psoc creator/import/gnu_cs/arm/4.7.3/bin/../lib/gcc/arm-none-eabi/4.7.3/../../../../arm-none-eabi/lib/armv7-m\libc_s.a(lib_a-memset.o)
 .bss           0x00000000        0x0 c:/program files (x86)/cypress/psoc creator/3.0/psoc creator/import/gnu_cs/arm/4.7.3/bin/../lib/gcc/arm-none-eabi/4.7.3/../../../../arm-none-eabi/lib/armv7-m\libc_s.a(lib_a-memset.o)
 .text          0x00000000        0x0 c:/program files (x86)/cypress/psoc creator/3.0/psoc creator/import/gnu_cs/arm/4.7.3/bin/../lib/gcc/arm-none-eabi/4.7.3/armv7-m/crtend.o
 .data          0x00000000        0x0 c:/program files (x86)/cypress/psoc creator/3.0/psoc creator/import/gnu_cs/arm/4.7.3/bin/../lib/gcc/arm-none-eabi/4.7.3/armv7-m/crtend.o
 .bss           0x00000000        0x0 c:/program files (x86)/cypress/psoc creator/3.0/psoc creator/import/gnu_cs/arm/4.7.3/bin/../lib/gcc/arm-none-eabi/4.7.3/armv7-m/crtend.o
 .text          0x00000000        0x0 c:/program files (x86)/cypress/psoc creator/3.0/psoc creator/import/gnu_cs/arm/4.7.3/bin/../lib/gcc/arm-none-eabi/4.7.3/armv7-m/crtn.o
 .data          0x00000000        0x0 c:/program files (x86)/cypress/psoc creator/3.0/psoc creator/import/gnu_cs/arm/4.7.3/bin/../lib/gcc/arm-none-eabi/4.7.3/armv7-m/crtn.o
 .bss           0x00000000        0x0 c:/program files (x86)/cypress/psoc creator/3.0/psoc creator/import/gnu_cs/arm/4.7.3/bin/../lib/gcc/arm-none-eabi/4.7.3/armv7-m/crtn.o

Memory Configuration

Name             Origin             Length             Attributes
rom              0x00000000         0x00040000         xr
ram              0x1fff8000         0x00010000         xrw
*default*        0x00000000         0xffffffff

Linker script and memory map

LOAD c:/program files (x86)/cypress/psoc creator/3.0/psoc creator/import/gnu_cs/arm/4.7.3/bin/../lib/gcc/arm-none-eabi/4.7.3/armv7-m/crti.o
LOAD c:/program files (x86)/cypress/psoc creator/3.0/psoc creator/import/gnu_cs/arm/4.7.3/bin/../lib/gcc/arm-none-eabi/4.7.3/armv7-m/crtbegin.o
LOAD c:/program files (x86)/cypress/psoc creator/3.0/psoc creator/import/gnu_cs/arm/4.7.3/bin/../lib/gcc/arm-none-eabi/4.7.3/../../../../arm-none-eabi/lib/armv7-m/crt0.o
START GROUP
LOAD .\CortexM3\ARM_GCC_473\Debug\main.o
LOAD .\CortexM3\ARM_GCC_473\Debug\spi_ring.o
LOAD .\CortexM3\ARM_GCC_473\Debug\base_motion.o
LOAD .\CortexM3\ARM_GCC_473\Debug\cymetadata.o
LOAD .\CortexM3\ARM_GCC_473\Debug\Cm3Start.o
LOAD .\CortexM3\ARM_GCC_473\Debug\BotPsoc.a
LOAD C:\Program Files (x86)\Cypress\PSoC Creator\3.0\PSoC Creator\psoc\content\cycomponentlibrary\CyComponentLibrary.cylib\CortexM3\ARM_GCC_473\Debug\CyComponentLibrary.a
END GROUP
START GROUP
LOAD c:/program files (x86)/cypress/psoc creator/3.0/psoc creator/import/gnu_cs/arm/4.7.3/bin/../lib/gcc/arm-none-eabi/4.7.3/armv7-m\libgcc.a
LOAD c:/program files (x86)/cypress/psoc creator/3.0/psoc creator/import/gnu_cs/arm/4.7.3/bin/../lib/gcc/arm-none-eabi/4.7.3/../../../../arm-none-eabi/lib/armv7-m\libc_s.a
END GROUP
LOAD c:/program files (x86)/cypress/psoc creator/3.0/psoc creator/import/gnu_cs/arm/4.7.3/bin/../lib/gcc/arm-none-eabi/4.7.3/armv7-m/crtend.o
LOAD c:/program files (x86)/cypress/psoc creator/3.0/psoc creator/import/gnu_cs/arm/4.7.3/bin/../lib/gcc/arm-none-eabi/4.7.3/armv7-m/crtn.o
START GROUP
LOAD c:/program files (x86)/cypress/psoc creator/3.0/psoc creator/import/gnu_cs/arm/4.7.3/bin/../lib/gcc/arm-none-eabi/4.7.3/armv7-m\libgcc.a
LOAD c:/program files (x86)/cypress/psoc creator/3.0/psoc creator/import/gnu_cs/arm/4.7.3/bin/../lib/gcc/arm-none-eabi/4.7.3/../../../../arm-none-eabi/lib/armv7-m\libc.a
LOAD c:/program files (x86)/cypress/psoc creator/3.0/psoc creator/import/gnu_cs/arm/4.7.3/bin/../lib/gcc/arm-none-eabi/4.7.3/../../../../arm-none-eabi/lib/armv7-m\libnosys.a
END GROUP
                0x00000000                CY_APPL_ORIGIN = 0x0
                0x00000100                CY_FLASH_ROW_SIZE = 0x100
                0x00000020                CY_ECC_ROW_SIZE = 0x20
                0x00000000                CY_EE_IN_BTLDR = 0x0
                0x00000000                CY_APPL_LOADABLE = 0x0
                0x00000800                CY_EE_SIZE = 0x800
                0x00000001                CY_APPL_NUM = 0x1
                0x00000001                CY_APPL_MAX = 0x1
                0x00000040                CY_METADATA_SIZE = 0x40
                0x1fff8190                PROVIDE (__cy_heap_start, _end)
                0x00000001                PROVIDE (__cy_region_num, ((__cy_regions_end - __cy_regions) / 0x10))
                0x20008000                PROVIDE (__cy_stack, (ORIGIN (ram) + 0x10000))
                0x20004000                PROVIDE (__cy_heap_end, (__cy_stack - 0x4000))

.cybootloader   0x00000000        0x0
 *(.cybootloader)
                0x00000000                appl1_start = CY_APPL_ORIGIN?CY_APPL_ORIGIN:ALIGN (CY_FLASH_ROW_SIZE)
                0x0001ff00                appl2_start = (appl1_start + ALIGN ((((0x40000 - appl1_start) - (0x2 * CY_FLASH_ROW_SIZE)) / 0x2), CY_FLASH_ROW_SIZE))
                0x00000000                appl_start = (CY_APPL_NUM == 0x1)?appl1_start:appl2_start
                0x00000000                ecc_offset = ((appl_start / CY_FLASH_ROW_SIZE) * CY_ECC_ROW_SIZE)
                0x00000000                ee_offset = (CY_APPL_LOADABLE && ! (CY_EE_IN_BTLDR))?((CY_EE_SIZE / CY_APPL_MAX) * (CY_APPL_NUM - 0x1)):0x0
                0x00000800                ee_size = (CY_APPL_LOADABLE && ! (CY_EE_IN_BTLDR))?(CY_EE_SIZE / CY_APPL_MAX):CY_EE_SIZE
                0x00000000                PROVIDE (CY_ECC_OFFSET, ecc_offset)

.text           0x00000000     0x1606
 CREATE_OBJECT_SYMBOLS
                0x00000000                PROVIDE (__cy_interrupt_vector, RomVectors)
 *(.romvectors)
 .romvectors    0x00000000       0x10 .\CortexM3\ARM_GCC_473\Debug\Cm3Start.o
                0x00000000                RomVectors
                0x00000001                ASSERT ((. != __cy_interrupt_vector), No interrupt vector)
                0x00000001                ASSERT (CY_APPL_ORIGIN?(SIZEOF (.cybootloader) <= CY_APPL_ORIGIN):0x1, Wrong image location)
                0x00000010                PROVIDE (__cy_reset, Reset)
 *(.text.Reset)
 .text.Reset    0x00000010       0x1c .\CortexM3\ARM_GCC_473\Debug\Cm3Start.o
                0x00000010                Reset
                0x00000001                ASSERT ((. != __cy_reset), No reset code)
 *(.dma_init)
                0x00000001                ASSERT ((((appl_start + .) <= 0x10000) || 0x1), DMA Init must be within the first 64k of flash)
 *(.text .text.* .gnu.linkonce.t.*)
 .text          0x0000002c       0x54 c:/program files (x86)/cypress/psoc creator/3.0/psoc creator/import/gnu_cs/arm/4.7.3/bin/../lib/gcc/arm-none-eabi/4.7.3/armv7-m/crtbegin.o
 .text.main     0x00000080       0x60 .\CortexM3\ARM_GCC_473\Debug\main.o
                0x00000080                main
 .text.ringComs_Start
                0x000000e0       0x90 .\CortexM3\ARM_GCC_473\Debug\spi_ring.o
                0x000000e0                ringComs_Start
 .text.ringComs_ConfigureDMA
                0x00000170      0x140 .\CortexM3\ARM_GCC_473\Debug\spi_ring.o
                0x00000170                ringComs_ConfigureDMA
 .text.ringComs_DoTransfer
                0x000002b0       0x4c .\CortexM3\ARM_GCC_473\Debug\spi_ring.o
                0x000002b0                ringComs_DoTransfer
 .text.baseMotion_Start
                0x000002fc       0x18 .\CortexM3\ARM_GCC_473\Debug\base_motion.o
                0x000002fc                baseMotion_Start
 .text.baseMotion_Update
                0x00000314       0x34 .\CortexM3\ARM_GCC_473\Debug\base_motion.o
                0x00000314                baseMotion_Update
 .text.baseMotion_SetMotorControl
                0x00000348       0x30 .\CortexM3\ARM_GCC_473\Debug\base_motion.o
                0x00000348                baseMotion_SetMotorControl
 .text.IntDefaultHandler
                0x00000378        0x8 .\CortexM3\ARM_GCC_473\Debug\Cm3Start.o
                0x00000378                IntDefaultHandler
 .text.Start_c  0x00000380       0xcc .\CortexM3\ARM_GCC_473\Debug\Cm3Start.o
                0x00000380                Start_c
 .text.initialize_psoc
                0x0000044c       0xb8 .\CortexM3\ARM_GCC_473\Debug\Cm3Start.o
                0x0000044c                initialize_psoc
 .text.CYMEMZERO
                0x00000504       0x20 .\CortexM3\ARM_GCC_473\Debug\BotPsoc.a(cyfitter_cfg.o)
 .text.CYCONFIGCPY
                0x00000524       0x20 .\CortexM3\ARM_GCC_473\Debug\BotPsoc.a(cyfitter_cfg.o)
 .text.CyClockStartupError
                0x00000544        0xc .\CortexM3\ARM_GCC_473\Debug\BotPsoc.a(cyfitter_cfg.o)
 .text.cfg_write_bytes32
                0x00000550       0x84 .\CortexM3\ARM_GCC_473\Debug\BotPsoc.a(cyfitter_cfg.o)
 .text.ClockSetup
                0x000005d4      0x16c .\CortexM3\ARM_GCC_473\Debug\BotPsoc.a(cyfitter_cfg.o)
 .text.AnalogSetDefault
                0x00000740       0x50 .\CortexM3\ARM_GCC_473\Debug\BotPsoc.a(cyfitter_cfg.o)
 .text.cyfitter_cfg
                0x00000790      0x1e8 .\CortexM3\ARM_GCC_473\Debug\BotPsoc.a(cyfitter_cfg.o)
                0x00000790                cyfitter_cfg
 .text          0x00000978       0x28 .\CortexM3\ARM_GCC_473\Debug\BotPsoc.a(CyBootAsmGnu.o)
                0x00000978                CyDelayCycles
                0x0000098c                CyEnterCriticalSection
                0x00000994                CyExitCriticalSection
 .text.CyDmacConfigure
                0x000009a0       0x70 .\CortexM3\ARM_GCC_473\Debug\BotPsoc.a(CyDmac.o)
                0x000009a0                CyDmacConfigure
 .text.CyDmaChEnable
                0x00000a10       0xbc .\CortexM3\ARM_GCC_473\Debug\BotPsoc.a(CyDmac.o)
                0x00000a10                CyDmaChEnable
 .text.CyDmaChPriority
                0x00000acc       0x70 .\CortexM3\ARM_GCC_473\Debug\BotPsoc.a(CyDmac.o)
                0x00000acc                CyDmaChPriority
 .text.CyDmaChSetExtendedAddress
                0x00000b3c       0x88 .\CortexM3\ARM_GCC_473\Debug\BotPsoc.a(CyDmac.o)
                0x00000b3c                CyDmaChSetExtendedAddress
 .text.CyDmaChSetInitialTd
                0x00000bc4       0x44 .\CortexM3\ARM_GCC_473\Debug\BotPsoc.a(CyDmac.o)
                0x00000bc4                CyDmaChSetInitialTd
 .text.CyDmaChSetConfiguration
                0x00000c08       0xa4 .\CortexM3\ARM_GCC_473\Debug\BotPsoc.a(CyDmac.o)
                0x00000c08                CyDmaChSetConfiguration
 .text.CyDmaTdAllocate
                0x00000cac       0x78 .\CortexM3\ARM_GCC_473\Debug\BotPsoc.a(CyDmac.o)
                0x00000cac                CyDmaTdAllocate
 .text.CyDmaTdSetConfiguration
                0x00000d24       0x7c .\CortexM3\ARM_GCC_473\Debug\BotPsoc.a(CyDmac.o)
                0x00000d24                CyDmaTdSetConfiguration
 .text.CyDmaTdSetAddress
                0x00000da0       0x68 .\CortexM3\ARM_GCC_473\Debug\BotPsoc.a(CyDmac.o)
                0x00000da0                CyDmaTdSetAddress
 .text.PiComs_Init
                0x00000e08       0x3c .\CortexM3\ARM_GCC_473\Debug\BotPsoc.a(PiComs.o)
                0x00000e08                PiComs_Init
 .text.PiComs_Enable
                0x00000e44       0x74 .\CortexM3\ARM_GCC_473\Debug\BotPsoc.a(PiComs.o)
                0x00000e44                PiComs_Enable
 .text.PiComs_Start
                0x00000eb8       0x2c .\CortexM3\ARM_GCC_473\Debug\BotPsoc.a(PiComs.o)
                0x00000eb8                PiComs_Start
 .text.PiComs_ReadTxStatus
                0x00000ee4       0x20 .\CortexM3\ARM_GCC_473\Debug\BotPsoc.a(PiComs.o)
                0x00000ee4                PiComs_ReadTxStatus
 .text.PiComs_ReadRxStatus
                0x00000f04       0x20 .\CortexM3\ARM_GCC_473\Debug\BotPsoc.a(PiComs.o)
                0x00000f04                PiComs_ReadRxStatus
 .text.PiComs_WriteTxDataZero
                0x00000f24       0x20 .\CortexM3\ARM_GCC_473\Debug\BotPsoc.a(PiComs.o)
                0x00000f24                PiComs_WriteTxDataZero
 .text.PiComs_ClearFIFO
                0x00000f44       0x78 .\CortexM3\ARM_GCC_473\Debug\BotPsoc.a(PiComs.o)
                0x00000f44                PiComs_ClearFIFO
 .text.SpiXmitDma_DmaInitialize
                0x00000fbc       0x84 .\CortexM3\ARM_GCC_473\Debug\BotPsoc.a(SpiXmitDma_dma.o)
                0x00000fbc                SpiXmitDma_DmaInitialize
 .text.SpiRcvDma_DmaInitialize
                0x00001040       0x84 .\CortexM3\ARM_GCC_473\Debug\BotPsoc.a(SpiRcvDma_dma.o)
                0x00001040                SpiRcvDma_DmaInitialize
 .text.SpiXferDone_Start
                0x000010c4       0x24 .\CortexM3\ARM_GCC_473\Debug\BotPsoc.a(SpiXferDone.o)
                0x000010c4                SpiXferDone_Start
 .text.SpiXferDone_Interrupt
                0x000010e8       0x18 .\CortexM3\ARM_GCC_473\Debug\BotPsoc.a(SpiXferDone.o)
                0x000010e8                SpiXferDone_Interrupt
 .text.SpiXferDone_SetVector
                0x00001100       0x28 .\CortexM3\ARM_GCC_473\Debug\BotPsoc.a(SpiXferDone.o)
                0x00001100                SpiXferDone_SetVector
 .text.SpiXferDone_SetPriority
                0x00001128       0x28 .\CortexM3\ARM_GCC_473\Debug\BotPsoc.a(SpiXferDone.o)
                0x00001128                SpiXferDone_SetPriority
 .text.SpiXferDone_Enable
                0x00001150       0x18 .\CortexM3\ARM_GCC_473\Debug\BotPsoc.a(SpiXferDone.o)
                0x00001150                SpiXferDone_Enable
 .text.SpiXferDone_Disable
                0x00001168       0x18 .\CortexM3\ARM_GCC_473\Debug\BotPsoc.a(SpiXferDone.o)
                0x00001168                SpiXferDone_Disable
 .text.LMotorPwm_Start
                0x00001180       0x2c .\CortexM3\ARM_GCC_473\Debug\BotPsoc.a(LMotorPwm.o)
                0x00001180                LMotorPwm_Start
 .text.LMotorPwm_Init
                0x000011ac      0x110 .\CortexM3\ARM_GCC_473\Debug\BotPsoc.a(LMotorPwm.o)
                0x000011ac                LMotorPwm_Init
 .text.LMotorPwm_Enable
                0x000012bc       0x60 .\CortexM3\ARM_GCC_473\Debug\BotPsoc.a(LMotorPwm.o)
                0x000012bc                LMotorPwm_Enable
 .text.LMotorPwm_WritePeriod
                0x0000131c       0x20 .\CortexM3\ARM_GCC_473\Debug\BotPsoc.a(LMotorPwm.o)
                0x0000131c                LMotorPwm_WritePeriod
 .text.LMotorPwm_WriteCompare
                0x0000133c       0x20 .\CortexM3\ARM_GCC_473\Debug\BotPsoc.a(LMotorPwm.o)
                0x0000133c                LMotorPwm_WriteCompare
 .text.LMotorPwm_SetInterruptMode
                0x0000135c       0x20 .\CortexM3\ARM_GCC_473\Debug\BotPsoc.a(LMotorPwm.o)
                0x0000135c                LMotorPwm_SetInterruptMode
 .text.RMotorPwm_Start
                0x0000137c       0x2c .\CortexM3\ARM_GCC_473\Debug\BotPsoc.a(RMotorPwm.o)
                0x0000137c                RMotorPwm_Start
 .text.RMotorPwm_Init
                0x000013a8      0x110 .\CortexM3\ARM_GCC_473\Debug\BotPsoc.a(RMotorPwm.o)
                0x000013a8                RMotorPwm_Init
 .text.RMotorPwm_Enable
                0x000014b8       0x60 .\CortexM3\ARM_GCC_473\Debug\BotPsoc.a(RMotorPwm.o)
                0x000014b8                RMotorPwm_Enable
 .text.RMotorPwm_WritePeriod
                0x00001518       0x20 .\CortexM3\ARM_GCC_473\Debug\BotPsoc.a(RMotorPwm.o)
                0x00001518                RMotorPwm_WritePeriod
 .text.RMotorPwm_WriteCompare
                0x00001538       0x20 .\CortexM3\ARM_GCC_473\Debug\BotPsoc.a(RMotorPwm.o)
                0x00001538                RMotorPwm_WriteCompare
 .text.RMotorPwm_SetInterruptMode
                0x00001558       0x20 .\CortexM3\ARM_GCC_473\Debug\BotPsoc.a(RMotorPwm.o)
                0x00001558                RMotorPwm_SetInterruptMode
 .text.MotorControlReg_Write
                0x00001578       0x20 .\CortexM3\ARM_GCC_473\Debug\BotPsoc.a(MotorControlReg.o)
                0x00001578                MotorControlReg_Write
 .text.__libc_init_array
                0x00001598       0x4c c:/program files (x86)/cypress/psoc creator/3.0/psoc creator/import/gnu_cs/arm/4.7.3/bin/../lib/gcc/arm-none-eabi/4.7.3/../../../../arm-none-eabi/lib/armv7-m\libc_s.a(lib_a-init.o)
                0x00001598                __libc_init_array
 .text.memcpy   0x000015e4       0x12 c:/program files (x86)/cypress/psoc creator/3.0/psoc creator/import/gnu_cs/arm/4.7.3/bin/../lib/gcc/arm-none-eabi/4.7.3/../../../../arm-none-eabi/lib/armv7-m\libc_s.a(lib_a-memcpy.o)
                0x000015e4                memcpy
 .text.memset   0x000015f6       0x10 c:/program files (x86)/cypress/psoc creator/3.0/psoc creator/import/gnu_cs/arm/4.7.3/bin/../lib/gcc/arm-none-eabi/4.7.3/../../../../arm-none-eabi/lib/armv7-m\libc_s.a(lib_a-memset.o)
                0x000015f6                memset
 *(.plt)
 *(.gnu.warning)
 *(.glue_7t)
 .glue_7t       0x00000000        0x0 linker stubs
 *(.glue_7)
 .glue_7        0x00000000        0x0 linker stubs
 *(.vfp11_veneer)
 .vfp11_veneer  0x00000000        0x0 linker stubs
 *(.bootloader)
 *(.ARM.extab* .gnu.linkonce.armextab.*)
 *(.gcc_except_table)

.v4_bx          0x00001608        0x0
 .v4_bx         0x00000000        0x0 linker stubs

.iplt           0x00001608        0x0
 .iplt          0x00000000        0x0 c:/program files (x86)/cypress/psoc creator/3.0/psoc creator/import/gnu_cs/arm/4.7.3/bin/../lib/gcc/arm-none-eabi/4.7.3/armv7-m/crtbegin.o

.eh_frame_hdr
 *(.eh_frame_hdr)

.eh_frame       0x00001608        0x4
 *(.eh_frame)
 .eh_frame      0x00001608        0x0 c:/program files (x86)/cypress/psoc creator/3.0/psoc creator/import/gnu_cs/arm/4.7.3/bin/../lib/gcc/arm-none-eabi/4.7.3/armv7-m/crtbegin.o
 .eh_frame      0x00001608        0x4 c:/program files (x86)/cypress/psoc creator/3.0/psoc creator/import/gnu_cs/arm/4.7.3/bin/../lib/gcc/arm-none-eabi/4.7.3/armv7-m/crtend.o
                0x0000160c                PROVIDE (__exidx_start, .)

.ARM.exidx
 *(.ARM.exidx* .gnu.linkonce.armexidx.*)
                0x0000160c                __exidx_end = .

.rodata         0x0000160c       0x64
 *(.rodata .rodata.* .gnu.linkonce.r.*)
 .rodata        0x0000160c       0x2c .\CortexM3\ARM_GCC_473\Debug\BotPsoc.a(cyfitter_cfg.o)
                0x00001638                . = ALIGN (0x4)
 *(.init)
 .init          0x00001638        0x4 c:/program files (x86)/cypress/psoc creator/3.0/psoc creator/import/gnu_cs/arm/4.7.3/bin/../lib/gcc/arm-none-eabi/4.7.3/armv7-m/crti.o
                0x00001638                _init
 .init          0x0000163c        0x8 c:/program files (x86)/cypress/psoc creator/3.0/psoc creator/import/gnu_cs/arm/4.7.3/bin/../lib/gcc/arm-none-eabi/4.7.3/armv7-m/crtn.o
                0x00001644                . = ALIGN (0x4)
                0x00001644                __preinit_array_start = .
 *(.preinit_array)
                0x00001644                __preinit_array_end = .
                0x00001644                . = ALIGN (0x4)
                0x00001644                __init_array_start = .
 *(SORT(.init_array.*))
 *(.init_array)
 .init_array    0x00001644        0x4 c:/program files (x86)/cypress/psoc creator/3.0/psoc creator/import/gnu_cs/arm/4.7.3/bin/../lib/gcc/arm-none-eabi/4.7.3/armv7-m/crtbegin.o
 .init_array    0x00001648        0x4 .\CortexM3\ARM_GCC_473\Debug\Cm3Start.o
                0x0000164c                __init_array_end = .
                0x0000164c                . = ALIGN (0x4)
 *(.fini)
 .fini          0x0000164c        0x4 c:/program files (x86)/cypress/psoc creator/3.0/psoc creator/import/gnu_cs/arm/4.7.3/bin/../lib/gcc/arm-none-eabi/4.7.3/armv7-m/crti.o
                0x0000164c                _fini
 .fini          0x00001650        0x8 c:/program files (x86)/cypress/psoc creator/3.0/psoc creator/import/gnu_cs/arm/4.7.3/bin/../lib/gcc/arm-none-eabi/4.7.3/armv7-m/crtn.o
                0x00001658                . = ALIGN (0x4)
                0x00001658                __fini_array_start = .
 *(.fini_array)
 .fini_array    0x00001658        0x4 c:/program files (x86)/cypress/psoc creator/3.0/psoc creator/import/gnu_cs/arm/4.7.3/bin/../lib/gcc/arm-none-eabi/4.7.3/armv7-m/crtbegin.o
 *(SORT(.fini_array.*))
                0x0000165c                __fini_array_end = .
                0x0000165c                . = ALIGN (0x4)
 *crtbegin.o(.ctors)
 *(EXCLUDE_FILE(*crtend.o) .ctors)
 *(SORT(.ctors.*))
 *crtend.o(.ctors)
                0x0000165c                . = ALIGN (0x4)
 *crtbegin.o(.dtors)
 *(EXCLUDE_FILE(*crtend.o) .dtors)
 *(SORT(.dtors.*))
 *crtend.o(.dtors)
                0x0000165c                . = ALIGN (0x4)
                0x0000165c                __cy_regions = .
                0x0000165c        0x4 LONG 0x1670 __cy_region_init_ram
                0x00001660        0x4 LONG 0x1fff8108 __cy_region_start_data
                0x00001664        0x4 LONG 0x18 __cy_region_init_size_ram
                0x00001668        0x4 LONG 0x70 __cy_region_zero_size_ram
                0x0000166c                __cy_regions_end = .
                0x00001670                . = ALIGN (0x8)
 *fill*         0x0000166c        0x4 00
                0x00001670                _etext = .

.ramvectors     0x1fff8000      0x100
                0x1fff8000                __cy_region_start_ram = .
 *(.ramvectors)
 .ramvectors    0x1fff8000      0x100 .\CortexM3\ARM_GCC_473\Debug\Cm3Start.o
                0x1fff8000                CyRamVectors

.noinit         0x1fff8100        0x5
 *(.noinit)
 .noinit        0x1fff8100        0x4 .\CortexM3\ARM_GCC_473\Debug\Cm3Start.o
 .noinit        0x1fff8104        0x1 .\CortexM3\ARM_GCC_473\Debug\BotPsoc.a(CyLib.o)
                0x1fff8104                CyResetStatus

.data           0x1fff8108       0x18 load address 0x00001670
                0x1fff8108                __cy_region_start_data = .
 *(.jcr)
 .jcr           0x1fff8108        0x0 c:/program files (x86)/cypress/psoc creator/3.0/psoc creator/import/gnu_cs/arm/4.7.3/bin/../lib/gcc/arm-none-eabi/4.7.3/armv7-m/crtbegin.o
 .jcr           0x1fff8108        0x4 c:/program files (x86)/cypress/psoc creator/3.0/psoc creator/import/gnu_cs/arm/4.7.3/bin/../lib/gcc/arm-none-eabi/4.7.3/armv7-m/crtend.o
 *(.got.plt)
 *(.got)
 *(.shdata)
 *(.data .data.* .gnu.linkonce.d.*)
 .data          0x1fff810c        0x8 .\CortexM3\ARM_GCC_473\Debug\base_motion.o
 .data          0x1fff8114        0x8 .\CortexM3\ARM_GCC_473\Debug\BotPsoc.a(CyDmac.o)
 .data          0x1fff811c        0x1 .\CortexM3\ARM_GCC_473\Debug\BotPsoc.a(SpiXmitDma_dma.o)
                0x1fff811c                SpiXmitDma_DmaHandle
 .data          0x1fff811d        0x1 .\CortexM3\ARM_GCC_473\Debug\BotPsoc.a(SpiRcvDma_dma.o)
                0x1fff811d                SpiRcvDma_DmaHandle
                0x1fff8120                . = ALIGN (0x8)
 *fill*         0x1fff811e        0x2 00
 *(.ram)
                0x1fff8120                _edata = .

.igot.plt       0x1fff8120        0x0 load address 0x00001688
 .igot.plt      0x00000000        0x0 c:/program files (x86)/cypress/psoc creator/3.0/psoc creator/import/gnu_cs/arm/4.7.3/bin/../lib/gcc/arm-none-eabi/4.7.3/armv7-m/crtbegin.o

.bss            0x1fff8120       0x70 load address 0x00001688
                0x1fff8120                PROVIDE (__bss_start__, .)
 *(.shbss)
 *(.bss .bss.* .gnu.linkonce.b.*)
 .bss           0x1fff8120       0x1c c:/program files (x86)/cypress/psoc creator/3.0/psoc creator/import/gnu_cs/arm/4.7.3/bin/../lib/gcc/arm-none-eabi/4.7.3/armv7-m/crtbegin.o
 .bss           0x1fff813c        0x1 .\CortexM3\ARM_GCC_473\Debug\BotPsoc.a(PiComs.o)
                0x1fff813c                PiComs_initVar
 .bss           0x1fff813d        0x1 .\CortexM3\ARM_GCC_473\Debug\BotPsoc.a(LMotorPwm.o)
                0x1fff813d                LMotorPwm_initVar
 .bss           0x1fff813e        0x1 .\CortexM3\ARM_GCC_473\Debug\BotPsoc.a(RMotorPwm.o)
                0x1fff813e                RMotorPwm_initVar
 *(COMMON)
 *fill*         0x1fff813f        0x1 00
 COMMON         0x1fff8140       0x41 .\CortexM3\ARM_GCC_473\Debug\main.o
                0x1fff8140                g_spiRing
                0x1fff8180                g_spiReady
 *fill*         0x1fff8181        0x3 00
 COMMON         0x1fff8184        0x9 .\CortexM3\ARM_GCC_473\Debug\spi_ring.o
                0x1fff8184                spiDmaReceiveChannel
                0x1fff8185                spiDmaTransmitChannel
                0x1fff8188                spiDmaTransmitTD
                0x1fff818c                spiDmaReceiveTD
                0x1fff8190                . = ALIGN (0x8)
 *fill*         0x1fff818d        0x3 00
 *(.ram.b)
                0x1fff8190                _end = .
                0x1fff8190                __end = .
                0x1fff8190                PROVIDE (end, .)
                0x1fff8190                PROVIDE (__bss_end__, .)
                0x00001670                __cy_region_init_ram = LOADADDR (.data)
                0x00000018                __cy_region_init_size_ram = (_edata - ADDR (.data))
                0x00000070                __cy_region_zero_size_ram = (_end - _edata)

.heap           0x1fff8190     0x1000 load address 0x00001688
                0x1fff8190                . = _end
                0x1fff9190                . = (. + 0x1000)
 *fill*         0x1fff8190     0x1000 00
                0x1fff9190                __cy_heap_limit = .

.stack          0x20004000     0x4000
                0x20004000                __cy_stack_limit = .
                0x20008000                . = (. + 0x4000)
 *fill*         0x20004000     0x4000 00
                0x00000001                ASSERT ((__cy_stack_limit >= __cy_heap_limit), region RAM overflowed with stack)

.cyloadermeta
 *(.cyloadermeta)

.cyloadablemeta
 *(.cyloadablemeta)

.cyconfigecc    0x80000000      0x420
 *(.cyconfigecc)
 .cyconfigecc   0x80000000      0x420 .\CortexM3\ARM_GCC_473\Debug\cymetadata.o
                0x80000000                cy_meta_configecc

.cycustnvl      0x90000000        0x4
 *(.cycustnvl)
 .cycustnvl     0x90000000        0x4 .\CortexM3\ARM_GCC_473\Debug\cymetadata.o
                0x90000000                cy_meta_custnvl

.cywolatch      0x90100000        0x4
 *(.cywolatch)
 .cywolatch     0x90100000        0x4 .\CortexM3\ARM_GCC_473\Debug\cymetadata.o
                0x90100000                cy_meta_wonvl

.cyeeprom       0x90200000        0x0
 *(.cyeeprom)
                0x00000001                ASSERT ((. <= ((0x90200000 + ee_offset) + ee_size)), .cyeeprom data will not fit in EEPROM)

.cyflashprotect
                0x90400000      0x100
 *(.cyflashprotect)
 .cyflashprotect
                0x90400000      0x100 .\CortexM3\ARM_GCC_473\Debug\cymetadata.o
                0x90400000                cy_meta_flashprotect

.cymeta         0x90500000        0xc
 *(.cymeta)
 .cymeta        0x90500000        0xc .\CortexM3\ARM_GCC_473\Debug\cymetadata.o
                0x90500000                cy_metadata

.rel.dyn        0x00001688        0x0 load address 0x9050000c
 .rel.iplt      0x00000000        0x0 c:/program files (x86)/cypress/psoc creator/3.0/psoc creator/import/gnu_cs/arm/4.7.3/bin/../lib/gcc/arm-none-eabi/4.7.3/armv7-m/crtbegin.o

.stab
 *(.stab)

.stabstr
 *(.stabstr)

.debug
 *(.debug)

.line
 *(.line)

.debug_srcinfo
 *(.debug_srcinfo)

.debug_sfnames
 *(.debug_sfnames)

.debug_aranges  0x00000000      0x880
 *(.debug_aranges)
 .debug_aranges
                0x00000000       0x20 .\CortexM3\ARM_GCC_473\Debug\main.o
 .debug_aranges
                0x00000020       0x30 .\CortexM3\ARM_GCC_473\Debug\spi_ring.o
 .debug_aranges
                0x00000050       0x30 .\CortexM3\ARM_GCC_473\Debug\base_motion.o
 .debug_aranges
                0x00000080       0x18 .\CortexM3\ARM_GCC_473\Debug\cymetadata.o
 .debug_aranges
                0x00000098       0x40 .\CortexM3\ARM_GCC_473\Debug\Cm3Start.o
 .debug_aranges
                0x000000d8       0x60 .\CortexM3\ARM_GCC_473\Debug\BotPsoc.a(cyfitter_cfg.o)
 .debug_aranges
                0x00000138       0x20 .\CortexM3\ARM_GCC_473\Debug\BotPsoc.a(CyBootAsmGnu.o)
 .debug_aranges
                0x00000158       0xd8 .\CortexM3\ARM_GCC_473\Debug\BotPsoc.a(CyDmac.o)
 .debug_aranges
                0x00000230      0x218 .\CortexM3\ARM_GCC_473\Debug\BotPsoc.a(CyLib.o)
 .debug_aranges
                0x00000448       0x90 .\CortexM3\ARM_GCC_473\Debug\BotPsoc.a(cyPm.o)
 .debug_aranges
                0x000004d8       0xe0 .\CortexM3\ARM_GCC_473\Debug\BotPsoc.a(PiComs.o)
 .debug_aranges
                0x000005b8       0x28 .\CortexM3\ARM_GCC_473\Debug\BotPsoc.a(SpiXmitDma_dma.o)
 .debug_aranges
                0x000005e0       0x28 .\CortexM3\ARM_GCC_473\Debug\BotPsoc.a(SpiRcvDma_dma.o)
 .debug_aranges
                0x00000608       0x80 .\CortexM3\ARM_GCC_473\Debug\BotPsoc.a(SpiXferDone.o)
 .debug_aranges
                0x00000688       0x78 .\CortexM3\ARM_GCC_473\Debug\BotPsoc.a(LMotorPwm.o)
 .debug_aranges
                0x00000700       0x78 .\CortexM3\ARM_GCC_473\Debug\BotPsoc.a(RMotorPwm.o)
 .debug_aranges
                0x00000778       0x28 .\CortexM3\ARM_GCC_473\Debug\BotPsoc.a(MotorControlReg.o)
 .debug_aranges
                0x000007a0       0x78 .\CortexM3\ARM_GCC_473\Debug\BotPsoc.a(CyFlash.o)
 .debug_aranges
                0x00000818       0x68 .\CortexM3\ARM_GCC_473\Debug\BotPsoc.a(CySpc.o)

.debug_pubnames
 *(.debug_pubnames)

.debug_info     0x00000000     0x4310
 *(.debug_info .gnu.linkonce.wi.*)
 .debug_info    0x00000000      0x2f4 .\CortexM3\ARM_GCC_473\Debug\main.o
 .debug_info    0x000002f4      0x3c5 .\CortexM3\ARM_GCC_473\Debug\spi_ring.o
 .debug_info    0x000006b9      0x1ac .\CortexM3\ARM_GCC_473\Debug\base_motion.o
 .debug_info    0x00000865      0x13f .\CortexM3\ARM_GCC_473\Debug\cymetadata.o
 .debug_info    0x000009a4      0x2ea .\CortexM3\ARM_GCC_473\Debug\Cm3Start.o
 .debug_info    0x00000c8e      0x3c0 .\CortexM3\ARM_GCC_473\Debug\BotPsoc.a(cyfitter_cfg.o)
 .debug_info    0x0000104e       0x78 .\CortexM3\ARM_GCC_473\Debug\BotPsoc.a(CyBootAsmGnu.o)
 .debug_info    0x000010c6      0x93a .\CortexM3\ARM_GCC_473\Debug\BotPsoc.a(CyDmac.o)
 .debug_info    0x00001a00      0xcd7 .\CortexM3\ARM_GCC_473\Debug\BotPsoc.a(CyLib.o)
 .debug_info    0x000026d7      0x5c3 .\CortexM3\ARM_GCC_473\Debug\BotPsoc.a(cyPm.o)
 .debug_info    0x00002c9a      0x496 .\CortexM3\ARM_GCC_473\Debug\BotPsoc.a(PiComs.o)
 .debug_info    0x00003130      0x121 .\CortexM3\ARM_GCC_473\Debug\BotPsoc.a(SpiXmitDma_dma.o)
 .debug_info    0x00003251      0x121 .\CortexM3\ARM_GCC_473\Debug\BotPsoc.a(SpiRcvDma_dma.o)
 .debug_info    0x00003372      0x290 .\CortexM3\ARM_GCC_473\Debug\BotPsoc.a(SpiXferDone.o)
 .debug_info    0x00003602      0x27f .\CortexM3\ARM_GCC_473\Debug\BotPsoc.a(LMotorPwm.o)
 .debug_info    0x00003881      0x27f .\CortexM3\ARM_GCC_473\Debug\BotPsoc.a(RMotorPwm.o)
 .debug_info    0x00003b00       0xe3 .\CortexM3\ARM_GCC_473\Debug\BotPsoc.a(MotorControlReg.o)
 .debug_info    0x00003be3      0x354 .\CortexM3\ARM_GCC_473\Debug\BotPsoc.a(CyFlash.o)
 .debug_info    0x00003f37      0x3d9 .\CortexM3\ARM_GCC_473\Debug\BotPsoc.a(CySpc.o)

.debug_abbrev   0x00000000     0x13f4
 *(.debug_abbrev)
 .debug_abbrev  0x00000000       0x98 .\CortexM3\ARM_GCC_473\Debug\main.o
 .debug_abbrev  0x00000098       0xe9 .\CortexM3\ARM_GCC_473\Debug\spi_ring.o
 .debug_abbrev  0x00000181       0xc9 .\CortexM3\ARM_GCC_473\Debug\base_motion.o
 .debug_abbrev  0x0000024a       0x66 .\CortexM3\ARM_GCC_473\Debug\cymetadata.o
 .debug_abbrev  0x000002b0      0x175 .\CortexM3\ARM_GCC_473\Debug\Cm3Start.o
 .debug_abbrev  0x00000425      0x19f .\CortexM3\ARM_GCC_473\Debug\BotPsoc.a(cyfitter_cfg.o)
 .debug_abbrev  0x000005c4       0x14 .\CortexM3\ARM_GCC_473\Debug\BotPsoc.a(CyBootAsmGnu.o)
 .debug_abbrev  0x000005d8      0x189 .\CortexM3\ARM_GCC_473\Debug\BotPsoc.a(CyDmac.o)
 .debug_abbrev  0x00000761      0x207 .\CortexM3\ARM_GCC_473\Debug\BotPsoc.a(CyLib.o)
 .debug_abbrev  0x00000968      0x170 .\CortexM3\ARM_GCC_473\Debug\BotPsoc.a(cyPm.o)
 .debug_abbrev  0x00000ad8      0x140 .\CortexM3\ARM_GCC_473\Debug\BotPsoc.a(PiComs.o)
 .debug_abbrev  0x00000c18       0x8d .\CortexM3\ARM_GCC_473\Debug\BotPsoc.a(SpiXmitDma_dma.o)
 .debug_abbrev  0x00000ca5       0x8d .\CortexM3\ARM_GCC_473\Debug\BotPsoc.a(SpiRcvDma_dma.o)
 .debug_abbrev  0x00000d32      0x13e .\CortexM3\ARM_GCC_473\Debug\BotPsoc.a(SpiXferDone.o)
 .debug_abbrev  0x00000e70      0x118 .\CortexM3\ARM_GCC_473\Debug\BotPsoc.a(LMotorPwm.o)
 .debug_abbrev  0x00000f88      0x118 .\CortexM3\ARM_GCC_473\Debug\BotPsoc.a(RMotorPwm.o)
 .debug_abbrev  0x000010a0       0x83 .\CortexM3\ARM_GCC_473\Debug\BotPsoc.a(MotorControlReg.o)
 .debug_abbrev  0x00001123      0x172 .\CortexM3\ARM_GCC_473\Debug\BotPsoc.a(CyFlash.o)
 .debug_abbrev  0x00001295      0x15f .\CortexM3\ARM_GCC_473\Debug\BotPsoc.a(CySpc.o)

.debug_line     0x00000000     0x21a3
 *(.debug_line)
 .debug_line    0x00000000      0x140 .\CortexM3\ARM_GCC_473\Debug\main.o
 .debug_line    0x00000140      0x184 .\CortexM3\ARM_GCC_473\Debug\spi_ring.o
 .debug_line    0x000002c4      0x168 .\CortexM3\ARM_GCC_473\Debug\base_motion.o
 .debug_line    0x0000042c       0x53 .\CortexM3\ARM_GCC_473\Debug\cymetadata.o
 .debug_line    0x0000047f      0x1af .\CortexM3\ARM_GCC_473\Debug\Cm3Start.o
 .debug_line    0x0000062e      0x1fb .\CortexM3\ARM_GCC_473\Debug\BotPsoc.a(cyfitter_cfg.o)
 .debug_line    0x00000829       0x68 .\CortexM3\ARM_GCC_473\Debug\BotPsoc.a(CyBootAsmGnu.o)
 .debug_line    0x00000891      0x2bc .\CortexM3\ARM_GCC_473\Debug\BotPsoc.a(CyDmac.o)
 .debug_line    0x00000b4d      0x73b .\CortexM3\ARM_GCC_473\Debug\BotPsoc.a(CyLib.o)
 .debug_line    0x00001288      0x347 .\CortexM3\ARM_GCC_473\Debug\BotPsoc.a(cyPm.o)
 .debug_line    0x000015cf      0x282 .\CortexM3\ARM_GCC_473\Debug\BotPsoc.a(PiComs.o)
 .debug_line    0x00001851       0x80 .\CortexM3\ARM_GCC_473\Debug\BotPsoc.a(SpiXmitDma_dma.o)
 .debug_line    0x000018d1       0x7f .\CortexM3\ARM_GCC_473\Debug\BotPsoc.a(SpiRcvDma_dma.o)
 .debug_line    0x00001950      0x1fd .\CortexM3\ARM_GCC_473\Debug\BotPsoc.a(SpiXferDone.o)
 .debug_line    0x00001b4d      0x147 .\CortexM3\ARM_GCC_473\Debug\BotPsoc.a(LMotorPwm.o)
 .debug_line    0x00001c94      0x147 .\CortexM3\ARM_GCC_473\Debug\BotPsoc.a(RMotorPwm.o)
 .debug_line    0x00001ddb       0x7a .\CortexM3\ARM_GCC_473\Debug\BotPsoc.a(MotorControlReg.o)
 .debug_line    0x00001e55      0x1a7 .\CortexM3\ARM_GCC_473\Debug\BotPsoc.a(CyFlash.o)
 .debug_line    0x00001ffc      0x1a7 .\CortexM3\ARM_GCC_473\Debug\BotPsoc.a(CySpc.o)

.debug_frame    0x00000000     0x1a7c
 *(.debug_frame)
 .debug_frame   0x00000000       0x2c .\CortexM3\ARM_GCC_473\Debug\main.o
 .debug_frame   0x0000002c       0x6c .\CortexM3\ARM_GCC_473\Debug\spi_ring.o
 .debug_frame   0x00000098       0x6c .\CortexM3\ARM_GCC_473\Debug\base_motion.o
 .debug_frame   0x00000104       0xa4 .\CortexM3\ARM_GCC_473\Debug\Cm3Start.o
 .debug_frame   0x000001a8      0x120 .\CortexM3\ARM_GCC_473\Debug\BotPsoc.a(cyfitter_cfg.o)
 .debug_frame   0x000002c8      0x2c0 .\CortexM3\ARM_GCC_473\Debug\BotPsoc.a(CyDmac.o)
 .debug_frame   0x00000588      0x778 .\CortexM3\ARM_GCC_473\Debug\BotPsoc.a(CyLib.o)
 .debug_frame   0x00000d00      0x1d0 .\CortexM3\ARM_GCC_473\Debug\BotPsoc.a(cyPm.o)
 .debug_frame   0x00000ed0      0x2e0 .\CortexM3\ARM_GCC_473\Debug\BotPsoc.a(PiComs.o)
 .debug_frame   0x000011b0       0x4c .\CortexM3\ARM_GCC_473\Debug\BotPsoc.a(SpiXmitDma_dma.o)
 .debug_frame   0x000011fc       0x4c .\CortexM3\ARM_GCC_473\Debug\BotPsoc.a(SpiRcvDma_dma.o)
 .debug_frame   0x00001248      0x180 .\CortexM3\ARM_GCC_473\Debug\BotPsoc.a(SpiXferDone.o)
 .debug_frame   0x000013c8      0x164 .\CortexM3\ARM_GCC_473\Debug\BotPsoc.a(LMotorPwm.o)
 .debug_frame   0x0000152c      0x164 .\CortexM3\ARM_GCC_473\Debug\BotPsoc.a(RMotorPwm.o)
 .debug_frame   0x00001690       0x48 .\CortexM3\ARM_GCC_473\Debug\BotPsoc.a(MotorControlReg.o)
 .debug_frame   0x000016d8      0x178 .\CortexM3\ARM_GCC_473\Debug\BotPsoc.a(CyFlash.o)
 .debug_frame   0x00001850      0x13c .\CortexM3\ARM_GCC_473\Debug\BotPsoc.a(CySpc.o)
 .debug_frame   0x0000198c       0x28 c:/program files (x86)/cypress/psoc creator/3.0/psoc creator/import/gnu_cs/arm/4.7.3/bin/../lib/gcc/arm-none-eabi/4.7.3/../../../../arm-none-eabi/lib/armv7-m\libc_s.a(lib_a-__atexit2.o)
 .debug_frame   0x000019b4       0x28 c:/program files (x86)/cypress/psoc creator/3.0/psoc creator/import/gnu_cs/arm/4.7.3/bin/../lib/gcc/arm-none-eabi/4.7.3/../../../../arm-none-eabi/lib/armv7-m\libc_s.a(lib_a-exit.o)
 .debug_frame   0x000019dc       0x2c c:/program files (x86)/cypress/psoc creator/3.0/psoc creator/import/gnu_cs/arm/4.7.3/bin/../lib/gcc/arm-none-eabi/4.7.3/../../../../arm-none-eabi/lib/armv7-m\libc_s.a(lib_a-fini.o)
 .debug_frame   0x00001a08       0x2c c:/program files (x86)/cypress/psoc creator/3.0/psoc creator/import/gnu_cs/arm/4.7.3/bin/../lib/gcc/arm-none-eabi/4.7.3/../../../../arm-none-eabi/lib/armv7-m\libc_s.a(lib_a-init.o)
 .debug_frame   0x00001a34       0x28 c:/program files (x86)/cypress/psoc creator/3.0/psoc creator/import/gnu_cs/arm/4.7.3/bin/../lib/gcc/arm-none-eabi/4.7.3/../../../../arm-none-eabi/lib/armv7-m\libc_s.a(lib_a-memcpy.o)
 .debug_frame   0x00001a5c       0x20 c:/program files (x86)/cypress/psoc creator/3.0/psoc creator/import/gnu_cs/arm/4.7.3/bin/../lib/gcc/arm-none-eabi/4.7.3/../../../../arm-none-eabi/lib/armv7-m\libc_s.a(lib_a-memset.o)

.debug_str      0x00000000     0x1e63
 *(.debug_str)
 .debug_str     0x00000000      0x2da .\CortexM3\ARM_GCC_473\Debug\main.o
                                0x31b (size before relaxing)
 .debug_str     0x000002da       0xcc .\CortexM3\ARM_GCC_473\Debug\spi_ring.o
                                0x3d9 (size before relaxing)
 .debug_str     0x000003a6       0xe4 .\CortexM3\ARM_GCC_473\Debug\base_motion.o
                                0x220 (size before relaxing)
 .debug_str     0x0000048a       0x77 .\CortexM3\ARM_GCC_473\Debug\cymetadata.o
                                0x18d (size before relaxing)
 .debug_str     0x00000501      0x10d .\CortexM3\ARM_GCC_473\Debug\Cm3Start.o
                                0x249 (size before relaxing)
 .debug_str     0x0000060e      0x157 .\CortexM3\ARM_GCC_473\Debug\BotPsoc.a(cyfitter_cfg.o)
                                0x29a (size before relaxing)
 .debug_str     0x00000765      0x377 .\CortexM3\ARM_GCC_473\Debug\BotPsoc.a(CyDmac.o)
                                0x4b4 (size before relaxing)
 .debug_str     0x00000adc      0x614 .\CortexM3\ARM_GCC_473\Debug\BotPsoc.a(CyLib.o)
                                0x7af (size before relaxing)
 .debug_str     0x000010f0      0x371 .\CortexM3\ARM_GCC_473\Debug\BotPsoc.a(cyPm.o)
                                0x4be (size before relaxing)
 .debug_str     0x00001461      0x27f .\CortexM3\ARM_GCC_473\Debug\BotPsoc.a(PiComs.o)
                                0x3a9 (size before relaxing)
 .debug_str     0x000016e0       0xa9 .\CortexM3\ARM_GCC_473\Debug\BotPsoc.a(SpiXmitDma_dma.o)
                                0x1c6 (size before relaxing)
 .debug_str     0x00001789       0x6a .\CortexM3\ARM_GCC_473\Debug\BotPsoc.a(SpiRcvDma_dma.o)
                                0x1c2 (size before relaxing)
 .debug_str     0x000017f3      0x13c .\CortexM3\ARM_GCC_473\Debug\BotPsoc.a(SpiXferDone.o)
                                0x2a4 (size before relaxing)
 .debug_str     0x0000192f      0x174 .\CortexM3\ARM_GCC_473\Debug\BotPsoc.a(LMotorPwm.o)
                                0x29c (size before relaxing)
 .debug_str     0x00001aa3      0x143 .\CortexM3\ARM_GCC_473\Debug\BotPsoc.a(RMotorPwm.o)
                                0x29c (size before relaxing)
 .debug_str     0x00001be6       0x56 .\CortexM3\ARM_GCC_473\Debug\BotPsoc.a(MotorControlReg.o)
                                0x170 (size before relaxing)
 .debug_str     0x00001c3c      0x129 .\CortexM3\ARM_GCC_473\Debug\BotPsoc.a(CyFlash.o)
                                0x284 (size before relaxing)
 .debug_str     0x00001d65       0xfe .\CortexM3\ARM_GCC_473\Debug\BotPsoc.a(CySpc.o)
                                0x260 (size before relaxing)

.debug_loc      0x00000000     0x2b40
 *(.debug_loc)
 .debug_loc     0x00000000       0x2c .\CortexM3\ARM_GCC_473\Debug\main.o
 .debug_loc     0x0000002c       0x9c .\CortexM3\ARM_GCC_473\Debug\spi_ring.o
 .debug_loc     0x000000c8       0x9c .\CortexM3\ARM_GCC_473\Debug\base_motion.o
 .debug_loc     0x00000164      0x100 .\CortexM3\ARM_GCC_473\Debug\Cm3Start.o
 .debug_loc     0x00000264      0x1f8 .\CortexM3\ARM_GCC_473\Debug\BotPsoc.a(cyfitter_cfg.o)
 .debug_loc     0x0000045c      0x51c .\CortexM3\ARM_GCC_473\Debug\BotPsoc.a(CyDmac.o)
 .debug_loc     0x00000978      0xce0 .\CortexM3\ARM_GCC_473\Debug\BotPsoc.a(CyLib.o)
 .debug_loc     0x00001658      0x2e8 .\CortexM3\ARM_GCC_473\Debug\BotPsoc.a(cyPm.o)
 .debug_loc     0x00001940      0x50c .\CortexM3\ARM_GCC_473\Debug\BotPsoc.a(PiComs.o)
 .debug_loc     0x00001e4c       0x64 .\CortexM3\ARM_GCC_473\Debug\BotPsoc.a(SpiXmitDma_dma.o)
 .debug_loc     0x00001eb0       0x64 .\CortexM3\ARM_GCC_473\Debug\BotPsoc.a(SpiRcvDma_dma.o)
 .debug_loc     0x00001f14      0x278 .\CortexM3\ARM_GCC_473\Debug\BotPsoc.a(SpiXferDone.o)
 .debug_loc     0x0000218c      0x264 .\CortexM3\ARM_GCC_473\Debug\BotPsoc.a(LMotorPwm.o)
 .debug_loc     0x000023f0      0x264 .\CortexM3\ARM_GCC_473\Debug\BotPsoc.a(RMotorPwm.o)
 .debug_loc     0x00002654       0x64 .\CortexM3\ARM_GCC_473\Debug\BotPsoc.a(MotorControlReg.o)
 .debug_loc     0x000026b8      0x258 .\CortexM3\ARM_GCC_473\Debug\BotPsoc.a(CyFlash.o)
 .debug_loc     0x00002910      0x230 .\CortexM3\ARM_GCC_473\Debug\BotPsoc.a(CySpc.o)

.debug_macinfo
 *(.debug_macinfo)

.debug_ranges   0x00000000      0x738
 *(.debug_ranges)
 .debug_ranges  0x00000000       0x10 .\CortexM3\ARM_GCC_473\Debug\main.o
 .debug_ranges  0x00000010       0x20 .\CortexM3\ARM_GCC_473\Debug\spi_ring.o
 .debug_ranges  0x00000030       0x20 .\CortexM3\ARM_GCC_473\Debug\base_motion.o
 .debug_ranges  0x00000050       0x30 .\CortexM3\ARM_GCC_473\Debug\Cm3Start.o
 .debug_ranges  0x00000080       0x50 .\CortexM3\ARM_GCC_473\Debug\BotPsoc.a(cyfitter_cfg.o)
 .debug_ranges  0x000000d0       0xc8 .\CortexM3\ARM_GCC_473\Debug\BotPsoc.a(CyDmac.o)
 .debug_ranges  0x00000198      0x208 .\CortexM3\ARM_GCC_473\Debug\BotPsoc.a(CyLib.o)
 .debug_ranges  0x000003a0       0x80 .\CortexM3\ARM_GCC_473\Debug\BotPsoc.a(cyPm.o)
 .debug_ranges  0x00000420       0xd0 .\CortexM3\ARM_GCC_473\Debug\BotPsoc.a(PiComs.o)
 .debug_ranges  0x000004f0       0x18 .\CortexM3\ARM_GCC_473\Debug\BotPsoc.a(SpiXmitDma_dma.o)
 .debug_ranges  0x00000508       0x18 .\CortexM3\ARM_GCC_473\Debug\BotPsoc.a(SpiRcvDma_dma.o)
 .debug_ranges  0x00000520       0x70 .\CortexM3\ARM_GCC_473\Debug\BotPsoc.a(SpiXferDone.o)
 .debug_ranges  0x00000590       0x68 .\CortexM3\ARM_GCC_473\Debug\BotPsoc.a(LMotorPwm.o)
 .debug_ranges  0x000005f8       0x68 .\CortexM3\ARM_GCC_473\Debug\BotPsoc.a(RMotorPwm.o)
 .debug_ranges  0x00000660       0x18 .\CortexM3\ARM_GCC_473\Debug\BotPsoc.a(MotorControlReg.o)
 .debug_ranges  0x00000678       0x68 .\CortexM3\ARM_GCC_473\Debug\BotPsoc.a(CyFlash.o)
 .debug_ranges  0x000006e0       0x58 .\CortexM3\ARM_GCC_473\Debug\BotPsoc.a(CySpc.o)

.comment        0x00000000       0x70
 .comment       0x00000000       0x70 .\CortexM3\ARM_GCC_473\Debug\main.o
                                 0x71 (size before relaxing)
 .comment       0x00000000       0x71 .\CortexM3\ARM_GCC_473\Debug\spi_ring.o
 .comment       0x00000000       0x71 .\CortexM3\ARM_GCC_473\Debug\base_motion.o
 .comment       0x00000000       0x71 .\CortexM3\ARM_GCC_473\Debug\cymetadata.o
 .comment       0x00000000       0x71 .\CortexM3\ARM_GCC_473\Debug\Cm3Start.o
 .comment       0x00000000       0x71 .\CortexM3\ARM_GCC_473\Debug\BotPsoc.a(cyfitter_cfg.o)
 .comment       0x00000000       0x71 .\CortexM3\ARM_GCC_473\Debug\BotPsoc.a(CyDmac.o)
 .comment       0x00000000       0x71 .\CortexM3\ARM_GCC_473\Debug\BotPsoc.a(CyLib.o)
 .comment       0x00000000       0x71 .\CortexM3\ARM_GCC_473\Debug\BotPsoc.a(cyPm.o)
 .comment       0x00000000       0x71 .\CortexM3\ARM_GCC_473\Debug\BotPsoc.a(PiComs.o)
 .comment       0x00000000       0x71 .\CortexM3\ARM_GCC_473\Debug\BotPsoc.a(SpiXmitDma_dma.o)
 .comment       0x00000000       0x71 .\CortexM3\ARM_GCC_473\Debug\BotPsoc.a(SpiRcvDma_dma.o)
 .comment       0x00000000       0x71 .\CortexM3\ARM_GCC_473\Debug\BotPsoc.a(SpiXferDone.o)
 .comment       0x00000000       0x71 .\CortexM3\ARM_GCC_473\Debug\BotPsoc.a(LMotorPwm.o)
 .comment       0x00000000       0x71 .\CortexM3\ARM_GCC_473\Debug\BotPsoc.a(RMotorPwm.o)
 .comment       0x00000000       0x71 .\CortexM3\ARM_GCC_473\Debug\BotPsoc.a(MotorControlReg.o)
 .comment       0x00000000       0x71 .\CortexM3\ARM_GCC_473\Debug\BotPsoc.a(CyFlash.o)
 .comment       0x00000000       0x71 .\CortexM3\ARM_GCC_473\Debug\BotPsoc.a(CySpc.o)

.debug_weaknames
 *(.debug_weaknames)

.debug_funcnames
 *(.debug_funcnames)

.debug_typenames
 *(.debug_typenames)

.debug_varnames
 *(.debug_varnames)

.note.gnu.arm.ident
 *(.note.gnu.arm.ident)

.ARM.attributes
                0x00000000       0x29
 *(.ARM.attributes)
 .ARM.attributes
                0x00000000       0x1d c:/program files (x86)/cypress/psoc creator/3.0/psoc creator/import/gnu_cs/arm/4.7.3/bin/../lib/gcc/arm-none-eabi/4.7.3/armv7-m/crti.o
 .ARM.attributes
                0x0000001d       0x2d c:/program files (x86)/cypress/psoc creator/3.0/psoc creator/import/gnu_cs/arm/4.7.3/bin/../lib/gcc/arm-none-eabi/4.7.3/armv7-m/crtbegin.o
 .ARM.attributes
                0x0000004a       0x1b c:/program files (x86)/cypress/psoc creator/3.0/psoc creator/import/gnu_cs/arm/4.7.3/bin/../lib/gcc/arm-none-eabi/4.7.3/../../../../arm-none-eabi/lib/armv7-m/crt0.o
 .ARM.attributes
                0x00000065       0x33 .\CortexM3\ARM_GCC_473\Debug\main.o
 .ARM.attributes
                0x00000098       0x33 .\CortexM3\ARM_GCC_473\Debug\spi_ring.o
 .ARM.attributes
                0x000000cb       0x33 .\CortexM3\ARM_GCC_473\Debug\base_motion.o
 .ARM.attributes
                0x000000fe       0x33 .\CortexM3\ARM_GCC_473\Debug\cymetadata.o
 .ARM.attributes
                0x00000131       0x33 .\CortexM3\ARM_GCC_473\Debug\Cm3Start.o
 .ARM.attributes
                0x00000164       0x33 .\CortexM3\ARM_GCC_473\Debug\BotPsoc.a(cyfitter_cfg.o)
 .ARM.attributes
                0x00000197       0x21 .\CortexM3\ARM_GCC_473\Debug\BotPsoc.a(CyBootAsmGnu.o)
 .ARM.attributes
                0x000001b8       0x33 .\CortexM3\ARM_GCC_473\Debug\BotPsoc.a(CyDmac.o)
 .ARM.attributes
                0x000001eb       0x33 .\CortexM3\ARM_GCC_473\Debug\BotPsoc.a(CyLib.o)
 .ARM.attributes
                0x0000021e       0x33 .\CortexM3\ARM_GCC_473\Debug\BotPsoc.a(cyPm.o)
 .ARM.attributes
                0x00000251       0x33 .\CortexM3\ARM_GCC_473\Debug\BotPsoc.a(PiComs.o)
 .ARM.attributes
                0x00000284       0x33 .\CortexM3\ARM_GCC_473\Debug\BotPsoc.a(SpiXmitDma_dma.o)
 .ARM.attributes
                0x000002b7       0x33 .\CortexM3\ARM_GCC_473\Debug\BotPsoc.a(SpiRcvDma_dma.o)
 .ARM.attributes
                0x000002ea       0x33 .\CortexM3\ARM_GCC_473\Debug\BotPsoc.a(SpiXferDone.o)
 .ARM.attributes
                0x0000031d       0x33 .\CortexM3\ARM_GCC_473\Debug\BotPsoc.a(LMotorPwm.o)
 .ARM.attributes
                0x00000350       0x33 .\CortexM3\ARM_GCC_473\Debug\BotPsoc.a(RMotorPwm.o)
 .ARM.attributes
                0x00000383       0x33 .\CortexM3\ARM_GCC_473\Debug\BotPsoc.a(MotorControlReg.o)
 .ARM.attributes
                0x000003b6       0x33 .\CortexM3\ARM_GCC_473\Debug\BotPsoc.a(CyFlash.o)
 .ARM.attributes
                0x000003e9       0x33 .\CortexM3\ARM_GCC_473\Debug\BotPsoc.a(CySpc.o)
 .ARM.attributes
                0x0000041c       0x2d c:/program files (x86)/cypress/psoc creator/3.0/psoc creator/import/gnu_cs/arm/4.7.3/bin/../lib/gcc/arm-none-eabi/4.7.3/../../../../arm-none-eabi/lib/armv7-m\libc_s.a(lib_a-__atexit2.o)
 .ARM.attributes
                0x00000449       0x2d c:/program files (x86)/cypress/psoc creator/3.0/psoc creator/import/gnu_cs/arm/4.7.3/bin/../lib/gcc/arm-none-eabi/4.7.3/../../../../arm-none-eabi/lib/armv7-m\libc_s.a(lib_a-exit.o)
 .ARM.attributes
                0x00000476       0x2d c:/program files (x86)/cypress/psoc creator/3.0/psoc creator/import/gnu_cs/arm/4.7.3/bin/../lib/gcc/arm-none-eabi/4.7.3/../../../../arm-none-eabi/lib/armv7-m\libc_s.a(lib_a-fini.o)
 .ARM.attributes
                0x000004a3       0x2d c:/program files (x86)/cypress/psoc creator/3.0/psoc creator/import/gnu_cs/arm/4.7.3/bin/../lib/gcc/arm-none-eabi/4.7.3/../../../../arm-none-eabi/lib/armv7-m\libc_s.a(lib_a-impure.o)
 .ARM.attributes
                0x000004d0       0x2d c:/program files (x86)/cypress/psoc creator/3.0/psoc creator/import/gnu_cs/arm/4.7.3/bin/../lib/gcc/arm-none-eabi/4.7.3/../../../../arm-none-eabi/lib/armv7-m\libc_s.a(lib_a-init.o)
 .ARM.attributes
                0x000004fd       0x2d c:/program files (x86)/cypress/psoc creator/3.0/psoc creator/import/gnu_cs/arm/4.7.3/bin/../lib/gcc/arm-none-eabi/4.7.3/../../../../arm-none-eabi/lib/armv7-m\libc_s.a(lib_a-memcpy.o)
 .ARM.attributes
                0x0000052a       0x2d c:/program files (x86)/cypress/psoc creator/3.0/psoc creator/import/gnu_cs/arm/4.7.3/bin/../lib/gcc/arm-none-eabi/4.7.3/../../../../arm-none-eabi/lib/armv7-m\libc_s.a(lib_a-memset.o)
 .ARM.attributes
                0x00000557       0x2d c:/program files (x86)/cypress/psoc creator/3.0/psoc creator/import/gnu_cs/arm/4.7.3/bin/../lib/gcc/arm-none-eabi/4.7.3/armv7-m/crtend.o
 .ARM.attributes
                0x00000584       0x1d c:/program files (x86)/cypress/psoc creator/3.0/psoc creator/import/gnu_cs/arm/4.7.3/bin/../lib/gcc/arm-none-eabi/4.7.3/armv7-m/crtn.o

/DISCARD/
 *(.note.GNU-stack)
OUTPUT(.\CortexM3\ARM_GCC_473\Debug\BotPsoc.elf elf32-littlearm)
