ARM GAS  C:\Users\Lloyd\AppData\Local\Temp\cczxjIIl.s 			page 1


   1              		.syntax unified
   2              		.cpu cortex-m3
   3              		.fpu softvfp
   4              		.eabi_attribute 20, 1
   5              		.eabi_attribute 21, 1
   6              		.eabi_attribute 23, 3
   7              		.eabi_attribute 24, 1
   8              		.eabi_attribute 25, 1
   9              		.eabi_attribute 26, 1
  10              		.eabi_attribute 30, 6
  11              		.eabi_attribute 34, 1
  12              		.eabi_attribute 18, 4
  13              		.thumb
  14              		.file	"SpiXferDone.c"
  15              		.text
  16              	.Ltext0:
  17              		.cfi_sections	.debug_frame
  18              		.section	.text.SpiXferDone_Start,"ax",%progbits
  19              		.align	2
  20              		.global	SpiXferDone_Start
  21              		.thumb
  22              		.thumb_func
  23              		.type	SpiXferDone_Start, %function
  24              	SpiXferDone_Start:
  25              	.LFB0:
  26              		.file 1 ".\\Generated_Source\\PSoC5\\SpiXferDone.c"
   1:.\Generated_Source\PSoC5/SpiXferDone.c **** /*******************************************************************************
   2:.\Generated_Source\PSoC5/SpiXferDone.c **** * File Name: SpiXferDone.c  
   3:.\Generated_Source\PSoC5/SpiXferDone.c **** * Version 1.70
   4:.\Generated_Source\PSoC5/SpiXferDone.c **** *
   5:.\Generated_Source\PSoC5/SpiXferDone.c **** *  Description:
   6:.\Generated_Source\PSoC5/SpiXferDone.c **** *   API for controlling the state of an interrupt.
   7:.\Generated_Source\PSoC5/SpiXferDone.c **** *
   8:.\Generated_Source\PSoC5/SpiXferDone.c **** *
   9:.\Generated_Source\PSoC5/SpiXferDone.c **** *  Note:
  10:.\Generated_Source\PSoC5/SpiXferDone.c **** *
  11:.\Generated_Source\PSoC5/SpiXferDone.c **** ********************************************************************************
  12:.\Generated_Source\PSoC5/SpiXferDone.c **** * Copyright 2008-2012, Cypress Semiconductor Corporation.  All rights reserved.
  13:.\Generated_Source\PSoC5/SpiXferDone.c **** * You may use this file only in accordance with the license, terms, conditions, 
  14:.\Generated_Source\PSoC5/SpiXferDone.c **** * disclaimers, and limitations in the end user license agreement accompanying 
  15:.\Generated_Source\PSoC5/SpiXferDone.c **** * the software package with which this file was provided.
  16:.\Generated_Source\PSoC5/SpiXferDone.c **** *******************************************************************************/
  17:.\Generated_Source\PSoC5/SpiXferDone.c **** 
  18:.\Generated_Source\PSoC5/SpiXferDone.c **** 
  19:.\Generated_Source\PSoC5/SpiXferDone.c **** #include <cydevice_trm.h>
  20:.\Generated_Source\PSoC5/SpiXferDone.c **** #include <CyLib.h>
  21:.\Generated_Source\PSoC5/SpiXferDone.c **** #include <SpiXferDone.h>
  22:.\Generated_Source\PSoC5/SpiXferDone.c **** 
  23:.\Generated_Source\PSoC5/SpiXferDone.c **** #if !defined(SpiXferDone__REMOVED) /* Check for removal by optimization */
  24:.\Generated_Source\PSoC5/SpiXferDone.c **** 
  25:.\Generated_Source\PSoC5/SpiXferDone.c **** /*******************************************************************************
  26:.\Generated_Source\PSoC5/SpiXferDone.c **** *  Place your includes, defines and code here 
  27:.\Generated_Source\PSoC5/SpiXferDone.c **** ********************************************************************************/
  28:.\Generated_Source\PSoC5/SpiXferDone.c **** /* `#START SpiXferDone_intc` */
  29:.\Generated_Source\PSoC5/SpiXferDone.c **** #include "bot_psoc.h"
  30:.\Generated_Source\PSoC5/SpiXferDone.c **** #include "Debug0.h"
  31:.\Generated_Source\PSoC5/SpiXferDone.c **** /* `#END` */
ARM GAS  C:\Users\Lloyd\AppData\Local\Temp\cczxjIIl.s 			page 2


  32:.\Generated_Source\PSoC5/SpiXferDone.c **** 
  33:.\Generated_Source\PSoC5/SpiXferDone.c **** #ifndef CYINT_IRQ_BASE
  34:.\Generated_Source\PSoC5/SpiXferDone.c **** #define CYINT_IRQ_BASE      16
  35:.\Generated_Source\PSoC5/SpiXferDone.c **** #endif /* CYINT_IRQ_BASE */
  36:.\Generated_Source\PSoC5/SpiXferDone.c **** #ifndef CYINT_VECT_TABLE
  37:.\Generated_Source\PSoC5/SpiXferDone.c **** #define CYINT_VECT_TABLE    ((cyisraddress **) CYREG_NVIC_VECT_OFFSET)
  38:.\Generated_Source\PSoC5/SpiXferDone.c **** #endif /* CYINT_VECT_TABLE */
  39:.\Generated_Source\PSoC5/SpiXferDone.c **** 
  40:.\Generated_Source\PSoC5/SpiXferDone.c **** /* Declared in startup, used to set unused interrupts to. */
  41:.\Generated_Source\PSoC5/SpiXferDone.c **** CY_ISR_PROTO(IntDefaultHandler);
  42:.\Generated_Source\PSoC5/SpiXferDone.c **** 
  43:.\Generated_Source\PSoC5/SpiXferDone.c **** 
  44:.\Generated_Source\PSoC5/SpiXferDone.c **** /*******************************************************************************
  45:.\Generated_Source\PSoC5/SpiXferDone.c **** * Function Name: SpiXferDone_Start
  46:.\Generated_Source\PSoC5/SpiXferDone.c **** ********************************************************************************
  47:.\Generated_Source\PSoC5/SpiXferDone.c **** *
  48:.\Generated_Source\PSoC5/SpiXferDone.c **** * Summary:
  49:.\Generated_Source\PSoC5/SpiXferDone.c **** *  Set up the interrupt and enable it.
  50:.\Generated_Source\PSoC5/SpiXferDone.c **** *
  51:.\Generated_Source\PSoC5/SpiXferDone.c **** * Parameters:  
  52:.\Generated_Source\PSoC5/SpiXferDone.c **** *   None
  53:.\Generated_Source\PSoC5/SpiXferDone.c **** *
  54:.\Generated_Source\PSoC5/SpiXferDone.c **** * Return:
  55:.\Generated_Source\PSoC5/SpiXferDone.c **** *   None
  56:.\Generated_Source\PSoC5/SpiXferDone.c **** *
  57:.\Generated_Source\PSoC5/SpiXferDone.c **** *******************************************************************************/
  58:.\Generated_Source\PSoC5/SpiXferDone.c **** void SpiXferDone_Start(void)
  59:.\Generated_Source\PSoC5/SpiXferDone.c **** {
  27              		.loc 1 59 0
  28              		.cfi_startproc
  29              		@ args = 0, pretend = 0, frame = 0
  30              		@ frame_needed = 1, uses_anonymous_args = 0
  31 0000 80B5     		push	{r7, lr}
  32              	.LCFI0:
  33              		.cfi_def_cfa_offset 8
  34              		.cfi_offset 7, -8
  35              		.cfi_offset 14, -4
  36 0002 00AF     		add	r7, sp, #0
  37              	.LCFI1:
  38              		.cfi_def_cfa_register 7
  60:.\Generated_Source\PSoC5/SpiXferDone.c ****     /* For all we know the interrupt is active. */
  61:.\Generated_Source\PSoC5/SpiXferDone.c ****     SpiXferDone_Disable();
  39              		.loc 1 61 0
  40 0004 FFF7FEFF 		bl	SpiXferDone_Disable
  62:.\Generated_Source\PSoC5/SpiXferDone.c **** 
  63:.\Generated_Source\PSoC5/SpiXferDone.c ****     /* Set the ISR to point to the SpiXferDone Interrupt. */
  64:.\Generated_Source\PSoC5/SpiXferDone.c ****     SpiXferDone_SetVector(&SpiXferDone_Interrupt);
  41              		.loc 1 64 0
  42 0008 40F20000 		movw	r0, #:lower16:SpiXferDone_Interrupt
  43 000c C0F20000 		movt	r0, #:upper16:SpiXferDone_Interrupt
  44 0010 FFF7FEFF 		bl	SpiXferDone_SetVector
  65:.\Generated_Source\PSoC5/SpiXferDone.c **** 
  66:.\Generated_Source\PSoC5/SpiXferDone.c ****     /* Set the priority. */
  67:.\Generated_Source\PSoC5/SpiXferDone.c ****     SpiXferDone_SetPriority((uint8)SpiXferDone_INTC_PRIOR_NUMBER);
  45              		.loc 1 67 0
  46 0014 4FF00700 		mov	r0, #7
  47 0018 FFF7FEFF 		bl	SpiXferDone_SetPriority
ARM GAS  C:\Users\Lloyd\AppData\Local\Temp\cczxjIIl.s 			page 3


  68:.\Generated_Source\PSoC5/SpiXferDone.c **** 
  69:.\Generated_Source\PSoC5/SpiXferDone.c ****     /* Enable it. */
  70:.\Generated_Source\PSoC5/SpiXferDone.c ****     SpiXferDone_Enable();
  48              		.loc 1 70 0
  49 001c FFF7FEFF 		bl	SpiXferDone_Enable
  71:.\Generated_Source\PSoC5/SpiXferDone.c **** }
  50              		.loc 1 71 0
  51 0020 80BD     		pop	{r7, pc}
  52              		.cfi_endproc
  53              	.LFE0:
  54              		.size	SpiXferDone_Start, .-SpiXferDone_Start
  55 0022 00BF     		.section	.text.SpiXferDone_StartEx,"ax",%progbits
  56              		.align	2
  57              		.global	SpiXferDone_StartEx
  58              		.thumb
  59              		.thumb_func
  60              		.type	SpiXferDone_StartEx, %function
  61              	SpiXferDone_StartEx:
  62              	.LFB1:
  72:.\Generated_Source\PSoC5/SpiXferDone.c **** 
  73:.\Generated_Source\PSoC5/SpiXferDone.c **** 
  74:.\Generated_Source\PSoC5/SpiXferDone.c **** /*******************************************************************************
  75:.\Generated_Source\PSoC5/SpiXferDone.c **** * Function Name: SpiXferDone_StartEx
  76:.\Generated_Source\PSoC5/SpiXferDone.c **** ********************************************************************************
  77:.\Generated_Source\PSoC5/SpiXferDone.c **** *
  78:.\Generated_Source\PSoC5/SpiXferDone.c **** * Summary:
  79:.\Generated_Source\PSoC5/SpiXferDone.c **** *  Set up the interrupt and enable it.
  80:.\Generated_Source\PSoC5/SpiXferDone.c **** *
  81:.\Generated_Source\PSoC5/SpiXferDone.c **** * Parameters:  
  82:.\Generated_Source\PSoC5/SpiXferDone.c **** *   address: Address of the ISR to set in the interrupt vector table.
  83:.\Generated_Source\PSoC5/SpiXferDone.c **** *
  84:.\Generated_Source\PSoC5/SpiXferDone.c **** * Return:
  85:.\Generated_Source\PSoC5/SpiXferDone.c **** *   None
  86:.\Generated_Source\PSoC5/SpiXferDone.c **** *
  87:.\Generated_Source\PSoC5/SpiXferDone.c **** *******************************************************************************/
  88:.\Generated_Source\PSoC5/SpiXferDone.c **** void SpiXferDone_StartEx(cyisraddress address)
  89:.\Generated_Source\PSoC5/SpiXferDone.c **** {
  63              		.loc 1 89 0
  64              		.cfi_startproc
  65              		@ args = 0, pretend = 0, frame = 8
  66              		@ frame_needed = 1, uses_anonymous_args = 0
  67 0000 80B5     		push	{r7, lr}
  68              	.LCFI2:
  69              		.cfi_def_cfa_offset 8
  70              		.cfi_offset 7, -8
  71              		.cfi_offset 14, -4
  72 0002 82B0     		sub	sp, sp, #8
  73              	.LCFI3:
  74              		.cfi_def_cfa_offset 16
  75 0004 00AF     		add	r7, sp, #0
  76              	.LCFI4:
  77              		.cfi_def_cfa_register 7
  78 0006 7860     		str	r0, [r7, #4]
  90:.\Generated_Source\PSoC5/SpiXferDone.c ****     /* For all we know the interrupt is active. */
  91:.\Generated_Source\PSoC5/SpiXferDone.c ****     SpiXferDone_Disable();
  79              		.loc 1 91 0
  80 0008 FFF7FEFF 		bl	SpiXferDone_Disable
ARM GAS  C:\Users\Lloyd\AppData\Local\Temp\cczxjIIl.s 			page 4


  92:.\Generated_Source\PSoC5/SpiXferDone.c **** 
  93:.\Generated_Source\PSoC5/SpiXferDone.c ****     /* Set the ISR to point to the SpiXferDone Interrupt. */
  94:.\Generated_Source\PSoC5/SpiXferDone.c ****     SpiXferDone_SetVector(address);
  81              		.loc 1 94 0
  82 000c 7868     		ldr	r0, [r7, #4]
  83 000e FFF7FEFF 		bl	SpiXferDone_SetVector
  95:.\Generated_Source\PSoC5/SpiXferDone.c **** 
  96:.\Generated_Source\PSoC5/SpiXferDone.c ****     /* Set the priority. */
  97:.\Generated_Source\PSoC5/SpiXferDone.c ****     SpiXferDone_SetPriority((uint8)SpiXferDone_INTC_PRIOR_NUMBER);
  84              		.loc 1 97 0
  85 0012 4FF00700 		mov	r0, #7
  86 0016 FFF7FEFF 		bl	SpiXferDone_SetPriority
  98:.\Generated_Source\PSoC5/SpiXferDone.c **** 
  99:.\Generated_Source\PSoC5/SpiXferDone.c ****     /* Enable it. */
 100:.\Generated_Source\PSoC5/SpiXferDone.c ****     SpiXferDone_Enable();
  87              		.loc 1 100 0
  88 001a FFF7FEFF 		bl	SpiXferDone_Enable
 101:.\Generated_Source\PSoC5/SpiXferDone.c **** }
  89              		.loc 1 101 0
  90 001e 07F10807 		add	r7, r7, #8
  91 0022 BD46     		mov	sp, r7
  92 0024 80BD     		pop	{r7, pc}
  93              		.cfi_endproc
  94              	.LFE1:
  95              		.size	SpiXferDone_StartEx, .-SpiXferDone_StartEx
  96 0026 00BF     		.section	.text.SpiXferDone_Stop,"ax",%progbits
  97              		.align	2
  98              		.global	SpiXferDone_Stop
  99              		.thumb
 100              		.thumb_func
 101              		.type	SpiXferDone_Stop, %function
 102              	SpiXferDone_Stop:
 103              	.LFB2:
 102:.\Generated_Source\PSoC5/SpiXferDone.c **** 
 103:.\Generated_Source\PSoC5/SpiXferDone.c **** 
 104:.\Generated_Source\PSoC5/SpiXferDone.c **** /*******************************************************************************
 105:.\Generated_Source\PSoC5/SpiXferDone.c **** * Function Name: SpiXferDone_Stop
 106:.\Generated_Source\PSoC5/SpiXferDone.c **** ********************************************************************************
 107:.\Generated_Source\PSoC5/SpiXferDone.c **** *
 108:.\Generated_Source\PSoC5/SpiXferDone.c **** * Summary:
 109:.\Generated_Source\PSoC5/SpiXferDone.c **** *   Disables and removes the interrupt.
 110:.\Generated_Source\PSoC5/SpiXferDone.c **** *
 111:.\Generated_Source\PSoC5/SpiXferDone.c **** * Parameters:  
 112:.\Generated_Source\PSoC5/SpiXferDone.c **** *
 113:.\Generated_Source\PSoC5/SpiXferDone.c **** * Return:
 114:.\Generated_Source\PSoC5/SpiXferDone.c **** *   None
 115:.\Generated_Source\PSoC5/SpiXferDone.c **** *
 116:.\Generated_Source\PSoC5/SpiXferDone.c **** *******************************************************************************/
 117:.\Generated_Source\PSoC5/SpiXferDone.c **** void SpiXferDone_Stop(void)
 118:.\Generated_Source\PSoC5/SpiXferDone.c **** {
 104              		.loc 1 118 0
 105              		.cfi_startproc
 106              		@ args = 0, pretend = 0, frame = 0
 107              		@ frame_needed = 1, uses_anonymous_args = 0
 108 0000 80B5     		push	{r7, lr}
 109              	.LCFI5:
 110              		.cfi_def_cfa_offset 8
ARM GAS  C:\Users\Lloyd\AppData\Local\Temp\cczxjIIl.s 			page 5


 111              		.cfi_offset 7, -8
 112              		.cfi_offset 14, -4
 113 0002 00AF     		add	r7, sp, #0
 114              	.LCFI6:
 115              		.cfi_def_cfa_register 7
 119:.\Generated_Source\PSoC5/SpiXferDone.c ****     /* Disable this interrupt. */
 120:.\Generated_Source\PSoC5/SpiXferDone.c ****     SpiXferDone_Disable();
 116              		.loc 1 120 0
 117 0004 FFF7FEFF 		bl	SpiXferDone_Disable
 121:.\Generated_Source\PSoC5/SpiXferDone.c **** 
 122:.\Generated_Source\PSoC5/SpiXferDone.c ****     /* Set the ISR to point to the passive one. */
 123:.\Generated_Source\PSoC5/SpiXferDone.c ****     SpiXferDone_SetVector(&IntDefaultHandler);
 118              		.loc 1 123 0
 119 0008 40F20000 		movw	r0, #:lower16:IntDefaultHandler
 120 000c C0F20000 		movt	r0, #:upper16:IntDefaultHandler
 121 0010 FFF7FEFF 		bl	SpiXferDone_SetVector
 124:.\Generated_Source\PSoC5/SpiXferDone.c **** }
 122              		.loc 1 124 0
 123 0014 80BD     		pop	{r7, pc}
 124              		.cfi_endproc
 125              	.LFE2:
 126              		.size	SpiXferDone_Stop, .-SpiXferDone_Stop
 127 0016 00BF     		.section	.text.SpiXferDone_Interrupt,"ax",%progbits
 128              		.align	2
 129              		.global	SpiXferDone_Interrupt
 130              		.thumb
 131              		.thumb_func
 132              		.type	SpiXferDone_Interrupt, %function
 133              	SpiXferDone_Interrupt:
 134              	.LFB3:
 125:.\Generated_Source\PSoC5/SpiXferDone.c **** 
 126:.\Generated_Source\PSoC5/SpiXferDone.c **** 
 127:.\Generated_Source\PSoC5/SpiXferDone.c **** /*******************************************************************************
 128:.\Generated_Source\PSoC5/SpiXferDone.c **** * Function Name: SpiXferDone_Interrupt
 129:.\Generated_Source\PSoC5/SpiXferDone.c **** ********************************************************************************
 130:.\Generated_Source\PSoC5/SpiXferDone.c **** *
 131:.\Generated_Source\PSoC5/SpiXferDone.c **** * Summary:
 132:.\Generated_Source\PSoC5/SpiXferDone.c **** *   The default Interrupt Service Routine for SpiXferDone.
 133:.\Generated_Source\PSoC5/SpiXferDone.c **** *
 134:.\Generated_Source\PSoC5/SpiXferDone.c **** *   Add custom code between the coments to keep the next version of this file
 135:.\Generated_Source\PSoC5/SpiXferDone.c **** *   from over writting your code.
 136:.\Generated_Source\PSoC5/SpiXferDone.c **** *
 137:.\Generated_Source\PSoC5/SpiXferDone.c **** * Parameters:  
 138:.\Generated_Source\PSoC5/SpiXferDone.c **** *
 139:.\Generated_Source\PSoC5/SpiXferDone.c **** * Return:
 140:.\Generated_Source\PSoC5/SpiXferDone.c **** *   None
 141:.\Generated_Source\PSoC5/SpiXferDone.c **** *
 142:.\Generated_Source\PSoC5/SpiXferDone.c **** *******************************************************************************/
 143:.\Generated_Source\PSoC5/SpiXferDone.c **** CY_ISR(SpiXferDone_Interrupt)
 144:.\Generated_Source\PSoC5/SpiXferDone.c **** {
 135              		.loc 1 144 0
 136              		.cfi_startproc
 137              		@ args = 0, pretend = 0, frame = 0
 138              		@ frame_needed = 1, uses_anonymous_args = 0
 139              		@ link register save eliminated.
 140 0000 80B4     		push	{r7}
 141              	.LCFI7:
ARM GAS  C:\Users\Lloyd\AppData\Local\Temp\cczxjIIl.s 			page 6


 142              		.cfi_def_cfa_offset 4
 143              		.cfi_offset 7, -4
 144 0002 00AF     		add	r7, sp, #0
 145              	.LCFI8:
 146              		.cfi_def_cfa_register 7
 145:.\Generated_Source\PSoC5/SpiXferDone.c ****     /*  Place your Interrupt code here. */
 146:.\Generated_Source\PSoC5/SpiXferDone.c ****     /* `#START SpiXferDone_Interrupt` */
 147:.\Generated_Source\PSoC5/SpiXferDone.c ****     g_spiReady = true;
 147              		.loc 1 147 0
 148 0004 40F20003 		movw	r3, #:lower16:g_spiReady
 149 0008 C0F20003 		movt	r3, #:upper16:g_spiReady
 150 000c 4FF00102 		mov	r2, #1
 151 0010 1A70     		strb	r2, [r3, #0]
 148:.\Generated_Source\PSoC5/SpiXferDone.c ****     /* `#END` */
 149:.\Generated_Source\PSoC5/SpiXferDone.c **** }
 152              		.loc 1 149 0
 153 0012 BD46     		mov	sp, r7
 154 0014 80BC     		pop	{r7}
 155 0016 7047     		bx	lr
 156              		.cfi_endproc
 157              	.LFE3:
 158              		.size	SpiXferDone_Interrupt, .-SpiXferDone_Interrupt
 159              		.section	.text.SpiXferDone_SetVector,"ax",%progbits
 160              		.align	2
 161              		.global	SpiXferDone_SetVector
 162              		.thumb
 163              		.thumb_func
 164              		.type	SpiXferDone_SetVector, %function
 165              	SpiXferDone_SetVector:
 166              	.LFB4:
 150:.\Generated_Source\PSoC5/SpiXferDone.c **** 
 151:.\Generated_Source\PSoC5/SpiXferDone.c **** 
 152:.\Generated_Source\PSoC5/SpiXferDone.c **** /*******************************************************************************
 153:.\Generated_Source\PSoC5/SpiXferDone.c **** * Function Name: SpiXferDone_SetVector
 154:.\Generated_Source\PSoC5/SpiXferDone.c **** ********************************************************************************
 155:.\Generated_Source\PSoC5/SpiXferDone.c **** *
 156:.\Generated_Source\PSoC5/SpiXferDone.c **** * Summary:
 157:.\Generated_Source\PSoC5/SpiXferDone.c **** *   Change the ISR vector for the Interrupt. Note calling SpiXferDone_Start
 158:.\Generated_Source\PSoC5/SpiXferDone.c **** *   will override any effect this method would have had. To set the vector 
 159:.\Generated_Source\PSoC5/SpiXferDone.c **** *   before the component has been started use SpiXferDone_StartEx instead.
 160:.\Generated_Source\PSoC5/SpiXferDone.c **** *
 161:.\Generated_Source\PSoC5/SpiXferDone.c **** * Parameters:
 162:.\Generated_Source\PSoC5/SpiXferDone.c **** *   address: Address of the ISR to set in the interrupt vector table.
 163:.\Generated_Source\PSoC5/SpiXferDone.c **** *
 164:.\Generated_Source\PSoC5/SpiXferDone.c **** * Return:
 165:.\Generated_Source\PSoC5/SpiXferDone.c **** *   None
 166:.\Generated_Source\PSoC5/SpiXferDone.c **** *
 167:.\Generated_Source\PSoC5/SpiXferDone.c **** *******************************************************************************/
 168:.\Generated_Source\PSoC5/SpiXferDone.c **** void SpiXferDone_SetVector(cyisraddress address)
 169:.\Generated_Source\PSoC5/SpiXferDone.c **** {
 167              		.loc 1 169 0
 168              		.cfi_startproc
 169              		@ args = 0, pretend = 0, frame = 16
 170              		@ frame_needed = 1, uses_anonymous_args = 0
 171              		@ link register save eliminated.
 172 0000 80B4     		push	{r7}
 173              	.LCFI9:
ARM GAS  C:\Users\Lloyd\AppData\Local\Temp\cczxjIIl.s 			page 7


 174              		.cfi_def_cfa_offset 4
 175              		.cfi_offset 7, -4
 176 0002 85B0     		sub	sp, sp, #20
 177              	.LCFI10:
 178              		.cfi_def_cfa_offset 24
 179 0004 00AF     		add	r7, sp, #0
 180              	.LCFI11:
 181              		.cfi_def_cfa_register 7
 182 0006 7860     		str	r0, [r7, #4]
 170:.\Generated_Source\PSoC5/SpiXferDone.c ****     cyisraddress * ramVectorTable;
 171:.\Generated_Source\PSoC5/SpiXferDone.c **** 
 172:.\Generated_Source\PSoC5/SpiXferDone.c ****     ramVectorTable = (cyisraddress *) *CYINT_VECT_TABLE;
 183              		.loc 1 172 0
 184 0008 4EF60853 		movw	r3, #60680
 185 000c CEF20003 		movt	r3, 57344
 186 0010 1B68     		ldr	r3, [r3, #0]
 187 0012 FB60     		str	r3, [r7, #12]
 173:.\Generated_Source\PSoC5/SpiXferDone.c **** 
 174:.\Generated_Source\PSoC5/SpiXferDone.c ****     ramVectorTable[CYINT_IRQ_BASE + (uint32)SpiXferDone__INTC_NUMBER] = address;
 188              		.loc 1 174 0
 189 0014 FB68     		ldr	r3, [r7, #12]
 190 0016 03F14003 		add	r3, r3, #64
 191 001a 7A68     		ldr	r2, [r7, #4]
 192 001c 1A60     		str	r2, [r3, #0]
 175:.\Generated_Source\PSoC5/SpiXferDone.c **** }
 193              		.loc 1 175 0
 194 001e 07F11407 		add	r7, r7, #20
 195 0022 BD46     		mov	sp, r7
 196 0024 80BC     		pop	{r7}
 197 0026 7047     		bx	lr
 198              		.cfi_endproc
 199              	.LFE4:
 200              		.size	SpiXferDone_SetVector, .-SpiXferDone_SetVector
 201              		.section	.text.SpiXferDone_GetVector,"ax",%progbits
 202              		.align	2
 203              		.global	SpiXferDone_GetVector
 204              		.thumb
 205              		.thumb_func
 206              		.type	SpiXferDone_GetVector, %function
 207              	SpiXferDone_GetVector:
 208              	.LFB5:
 176:.\Generated_Source\PSoC5/SpiXferDone.c **** 
 177:.\Generated_Source\PSoC5/SpiXferDone.c **** 
 178:.\Generated_Source\PSoC5/SpiXferDone.c **** /*******************************************************************************
 179:.\Generated_Source\PSoC5/SpiXferDone.c **** * Function Name: SpiXferDone_GetVector
 180:.\Generated_Source\PSoC5/SpiXferDone.c **** ********************************************************************************
 181:.\Generated_Source\PSoC5/SpiXferDone.c **** *
 182:.\Generated_Source\PSoC5/SpiXferDone.c **** * Summary:
 183:.\Generated_Source\PSoC5/SpiXferDone.c **** *   Gets the "address" of the current ISR vector for the Interrupt.
 184:.\Generated_Source\PSoC5/SpiXferDone.c **** *
 185:.\Generated_Source\PSoC5/SpiXferDone.c **** * Parameters:
 186:.\Generated_Source\PSoC5/SpiXferDone.c **** *   None
 187:.\Generated_Source\PSoC5/SpiXferDone.c **** *
 188:.\Generated_Source\PSoC5/SpiXferDone.c **** * Return:
 189:.\Generated_Source\PSoC5/SpiXferDone.c **** *   Address of the ISR in the interrupt vector table.
 190:.\Generated_Source\PSoC5/SpiXferDone.c **** *
 191:.\Generated_Source\PSoC5/SpiXferDone.c **** *******************************************************************************/
ARM GAS  C:\Users\Lloyd\AppData\Local\Temp\cczxjIIl.s 			page 8


 192:.\Generated_Source\PSoC5/SpiXferDone.c **** cyisraddress SpiXferDone_GetVector(void)
 193:.\Generated_Source\PSoC5/SpiXferDone.c **** {
 209              		.loc 1 193 0
 210              		.cfi_startproc
 211              		@ args = 0, pretend = 0, frame = 8
 212              		@ frame_needed = 1, uses_anonymous_args = 0
 213              		@ link register save eliminated.
 214 0000 80B4     		push	{r7}
 215              	.LCFI12:
 216              		.cfi_def_cfa_offset 4
 217              		.cfi_offset 7, -4
 218 0002 83B0     		sub	sp, sp, #12
 219              	.LCFI13:
 220              		.cfi_def_cfa_offset 16
 221 0004 00AF     		add	r7, sp, #0
 222              	.LCFI14:
 223              		.cfi_def_cfa_register 7
 194:.\Generated_Source\PSoC5/SpiXferDone.c ****     cyisraddress * ramVectorTable;
 195:.\Generated_Source\PSoC5/SpiXferDone.c **** 
 196:.\Generated_Source\PSoC5/SpiXferDone.c ****     ramVectorTable = (cyisraddress *) *CYINT_VECT_TABLE;
 224              		.loc 1 196 0
 225 0006 4EF60853 		movw	r3, #60680
 226 000a CEF20003 		movt	r3, 57344
 227 000e 1B68     		ldr	r3, [r3, #0]
 228 0010 7B60     		str	r3, [r7, #4]
 197:.\Generated_Source\PSoC5/SpiXferDone.c **** 
 198:.\Generated_Source\PSoC5/SpiXferDone.c ****     return ramVectorTable[CYINT_IRQ_BASE + (uint32)SpiXferDone__INTC_NUMBER];
 229              		.loc 1 198 0
 230 0012 7B68     		ldr	r3, [r7, #4]
 231 0014 1B6C     		ldr	r3, [r3, #64]
 199:.\Generated_Source\PSoC5/SpiXferDone.c **** }
 232              		.loc 1 199 0
 233 0016 1846     		mov	r0, r3
 234 0018 07F10C07 		add	r7, r7, #12
 235 001c BD46     		mov	sp, r7
 236 001e 80BC     		pop	{r7}
 237 0020 7047     		bx	lr
 238              		.cfi_endproc
 239              	.LFE5:
 240              		.size	SpiXferDone_GetVector, .-SpiXferDone_GetVector
 241 0022 00BF     		.section	.text.SpiXferDone_SetPriority,"ax",%progbits
 242              		.align	2
 243              		.global	SpiXferDone_SetPriority
 244              		.thumb
 245              		.thumb_func
 246              		.type	SpiXferDone_SetPriority, %function
 247              	SpiXferDone_SetPriority:
 248              	.LFB6:
 200:.\Generated_Source\PSoC5/SpiXferDone.c **** 
 201:.\Generated_Source\PSoC5/SpiXferDone.c **** 
 202:.\Generated_Source\PSoC5/SpiXferDone.c **** /*******************************************************************************
 203:.\Generated_Source\PSoC5/SpiXferDone.c **** * Function Name: SpiXferDone_SetPriority
 204:.\Generated_Source\PSoC5/SpiXferDone.c **** ********************************************************************************
 205:.\Generated_Source\PSoC5/SpiXferDone.c **** *
 206:.\Generated_Source\PSoC5/SpiXferDone.c **** * Summary:
 207:.\Generated_Source\PSoC5/SpiXferDone.c **** *   Sets the Priority of the Interrupt. Note calling SpiXferDone_Start
 208:.\Generated_Source\PSoC5/SpiXferDone.c **** *   or SpiXferDone_StartEx will override any effect this method 
ARM GAS  C:\Users\Lloyd\AppData\Local\Temp\cczxjIIl.s 			page 9


 209:.\Generated_Source\PSoC5/SpiXferDone.c **** *   would have had. This method should only be called after 
 210:.\Generated_Source\PSoC5/SpiXferDone.c **** *   SpiXferDone_Start or SpiXferDone_StartEx has been called. To set 
 211:.\Generated_Source\PSoC5/SpiXferDone.c **** *   the initial priority for the component use the cydwr file in the tool.
 212:.\Generated_Source\PSoC5/SpiXferDone.c **** *
 213:.\Generated_Source\PSoC5/SpiXferDone.c **** * Parameters:
 214:.\Generated_Source\PSoC5/SpiXferDone.c **** *   priority: Priority of the interrupt. 0 - 7, 0 being the highest.
 215:.\Generated_Source\PSoC5/SpiXferDone.c **** *
 216:.\Generated_Source\PSoC5/SpiXferDone.c **** * Return:
 217:.\Generated_Source\PSoC5/SpiXferDone.c **** *   None
 218:.\Generated_Source\PSoC5/SpiXferDone.c **** *
 219:.\Generated_Source\PSoC5/SpiXferDone.c **** *******************************************************************************/
 220:.\Generated_Source\PSoC5/SpiXferDone.c **** void SpiXferDone_SetPriority(uint8 priority)
 221:.\Generated_Source\PSoC5/SpiXferDone.c **** {
 249              		.loc 1 221 0
 250              		.cfi_startproc
 251              		@ args = 0, pretend = 0, frame = 8
 252              		@ frame_needed = 1, uses_anonymous_args = 0
 253              		@ link register save eliminated.
 254 0000 80B4     		push	{r7}
 255              	.LCFI15:
 256              		.cfi_def_cfa_offset 4
 257              		.cfi_offset 7, -4
 258 0002 83B0     		sub	sp, sp, #12
 259              	.LCFI16:
 260              		.cfi_def_cfa_offset 16
 261 0004 00AF     		add	r7, sp, #0
 262              	.LCFI17:
 263              		.cfi_def_cfa_register 7
 264 0006 0346     		mov	r3, r0
 265 0008 FB71     		strb	r3, [r7, #7]
 222:.\Generated_Source\PSoC5/SpiXferDone.c ****     *SpiXferDone_INTC_PRIOR = priority << 5;
 266              		.loc 1 222 0
 267 000a 4FF46443 		mov	r3, #58368
 268 000e CEF20003 		movt	r3, 57344
 269 0012 FA79     		ldrb	r2, [r7, #7]
 270 0014 4FEA4212 		lsl	r2, r2, #5
 271 0018 D2B2     		uxtb	r2, r2
 272 001a 1A70     		strb	r2, [r3, #0]
 223:.\Generated_Source\PSoC5/SpiXferDone.c **** }
 273              		.loc 1 223 0
 274 001c 07F10C07 		add	r7, r7, #12
 275 0020 BD46     		mov	sp, r7
 276 0022 80BC     		pop	{r7}
 277 0024 7047     		bx	lr
 278              		.cfi_endproc
 279              	.LFE6:
 280              		.size	SpiXferDone_SetPriority, .-SpiXferDone_SetPriority
 281 0026 00BF     		.section	.text.SpiXferDone_GetPriority,"ax",%progbits
 282              		.align	2
 283              		.global	SpiXferDone_GetPriority
 284              		.thumb
 285              		.thumb_func
 286              		.type	SpiXferDone_GetPriority, %function
 287              	SpiXferDone_GetPriority:
 288              	.LFB7:
 224:.\Generated_Source\PSoC5/SpiXferDone.c **** 
 225:.\Generated_Source\PSoC5/SpiXferDone.c **** 
ARM GAS  C:\Users\Lloyd\AppData\Local\Temp\cczxjIIl.s 			page 10


 226:.\Generated_Source\PSoC5/SpiXferDone.c **** /*******************************************************************************
 227:.\Generated_Source\PSoC5/SpiXferDone.c **** * Function Name: SpiXferDone_GetPriority
 228:.\Generated_Source\PSoC5/SpiXferDone.c **** ********************************************************************************
 229:.\Generated_Source\PSoC5/SpiXferDone.c **** *
 230:.\Generated_Source\PSoC5/SpiXferDone.c **** * Summary:
 231:.\Generated_Source\PSoC5/SpiXferDone.c **** *   Gets the Priority of the Interrupt.
 232:.\Generated_Source\PSoC5/SpiXferDone.c **** *
 233:.\Generated_Source\PSoC5/SpiXferDone.c **** * Parameters:
 234:.\Generated_Source\PSoC5/SpiXferDone.c **** *   None
 235:.\Generated_Source\PSoC5/SpiXferDone.c **** *
 236:.\Generated_Source\PSoC5/SpiXferDone.c **** * Return:
 237:.\Generated_Source\PSoC5/SpiXferDone.c **** *   Priority of the interrupt. 0 - 7, 0 being the highest.
 238:.\Generated_Source\PSoC5/SpiXferDone.c **** *
 239:.\Generated_Source\PSoC5/SpiXferDone.c **** *******************************************************************************/
 240:.\Generated_Source\PSoC5/SpiXferDone.c **** uint8 SpiXferDone_GetPriority(void)
 241:.\Generated_Source\PSoC5/SpiXferDone.c **** {
 289              		.loc 1 241 0
 290              		.cfi_startproc
 291              		@ args = 0, pretend = 0, frame = 8
 292              		@ frame_needed = 1, uses_anonymous_args = 0
 293              		@ link register save eliminated.
 294 0000 80B4     		push	{r7}
 295              	.LCFI18:
 296              		.cfi_def_cfa_offset 4
 297              		.cfi_offset 7, -4
 298 0002 83B0     		sub	sp, sp, #12
 299              	.LCFI19:
 300              		.cfi_def_cfa_offset 16
 301 0004 00AF     		add	r7, sp, #0
 302              	.LCFI20:
 303              		.cfi_def_cfa_register 7
 242:.\Generated_Source\PSoC5/SpiXferDone.c ****     uint8 priority;
 243:.\Generated_Source\PSoC5/SpiXferDone.c **** 
 244:.\Generated_Source\PSoC5/SpiXferDone.c **** 
 245:.\Generated_Source\PSoC5/SpiXferDone.c ****     priority = *SpiXferDone_INTC_PRIOR >> 5;
 304              		.loc 1 245 0
 305 0006 4FF46443 		mov	r3, #58368
 306 000a CEF20003 		movt	r3, 57344
 307 000e 1B78     		ldrb	r3, [r3, #0]
 308 0010 DBB2     		uxtb	r3, r3
 309 0012 4FEA5313 		lsr	r3, r3, #5
 310 0016 FB71     		strb	r3, [r7, #7]
 246:.\Generated_Source\PSoC5/SpiXferDone.c **** 
 247:.\Generated_Source\PSoC5/SpiXferDone.c ****     return priority;
 311              		.loc 1 247 0
 312 0018 FB79     		ldrb	r3, [r7, #7]	@ zero_extendqisi2
 248:.\Generated_Source\PSoC5/SpiXferDone.c **** }
 313              		.loc 1 248 0
 314 001a 1846     		mov	r0, r3
 315 001c 07F10C07 		add	r7, r7, #12
 316 0020 BD46     		mov	sp, r7
 317 0022 80BC     		pop	{r7}
 318 0024 7047     		bx	lr
 319              		.cfi_endproc
 320              	.LFE7:
 321              		.size	SpiXferDone_GetPriority, .-SpiXferDone_GetPriority
 322 0026 00BF     		.section	.text.SpiXferDone_Enable,"ax",%progbits
ARM GAS  C:\Users\Lloyd\AppData\Local\Temp\cczxjIIl.s 			page 11


 323              		.align	2
 324              		.global	SpiXferDone_Enable
 325              		.thumb
 326              		.thumb_func
 327              		.type	SpiXferDone_Enable, %function
 328              	SpiXferDone_Enable:
 329              	.LFB8:
 249:.\Generated_Source\PSoC5/SpiXferDone.c **** 
 250:.\Generated_Source\PSoC5/SpiXferDone.c **** 
 251:.\Generated_Source\PSoC5/SpiXferDone.c **** /*******************************************************************************
 252:.\Generated_Source\PSoC5/SpiXferDone.c **** * Function Name: SpiXferDone_Enable
 253:.\Generated_Source\PSoC5/SpiXferDone.c **** ********************************************************************************
 254:.\Generated_Source\PSoC5/SpiXferDone.c **** *
 255:.\Generated_Source\PSoC5/SpiXferDone.c **** * Summary:
 256:.\Generated_Source\PSoC5/SpiXferDone.c **** *   Enables the interrupt.
 257:.\Generated_Source\PSoC5/SpiXferDone.c **** *
 258:.\Generated_Source\PSoC5/SpiXferDone.c **** * Parameters:
 259:.\Generated_Source\PSoC5/SpiXferDone.c **** *   None
 260:.\Generated_Source\PSoC5/SpiXferDone.c **** *
 261:.\Generated_Source\PSoC5/SpiXferDone.c **** * Return:
 262:.\Generated_Source\PSoC5/SpiXferDone.c **** *   None
 263:.\Generated_Source\PSoC5/SpiXferDone.c **** *
 264:.\Generated_Source\PSoC5/SpiXferDone.c **** *******************************************************************************/
 265:.\Generated_Source\PSoC5/SpiXferDone.c **** void SpiXferDone_Enable(void)
 266:.\Generated_Source\PSoC5/SpiXferDone.c **** {
 330              		.loc 1 266 0
 331              		.cfi_startproc
 332              		@ args = 0, pretend = 0, frame = 0
 333              		@ frame_needed = 1, uses_anonymous_args = 0
 334              		@ link register save eliminated.
 335 0000 80B4     		push	{r7}
 336              	.LCFI21:
 337              		.cfi_def_cfa_offset 4
 338              		.cfi_offset 7, -4
 339 0002 00AF     		add	r7, sp, #0
 340              	.LCFI22:
 341              		.cfi_def_cfa_register 7
 267:.\Generated_Source\PSoC5/SpiXferDone.c ****     /* Enable the general interrupt. */
 268:.\Generated_Source\PSoC5/SpiXferDone.c ****     *SpiXferDone_INTC_SET_EN = SpiXferDone__INTC_MASK;
 342              		.loc 1 268 0
 343 0004 4FF46143 		mov	r3, #57600
 344 0008 CEF20003 		movt	r3, 57344
 345 000c 4FF00102 		mov	r2, #1
 346 0010 1A60     		str	r2, [r3, #0]
 269:.\Generated_Source\PSoC5/SpiXferDone.c **** }
 347              		.loc 1 269 0
 348 0012 BD46     		mov	sp, r7
 349 0014 80BC     		pop	{r7}
 350 0016 7047     		bx	lr
 351              		.cfi_endproc
 352              	.LFE8:
 353              		.size	SpiXferDone_Enable, .-SpiXferDone_Enable
 354              		.section	.text.SpiXferDone_GetState,"ax",%progbits
 355              		.align	2
 356              		.global	SpiXferDone_GetState
 357              		.thumb
 358              		.thumb_func
ARM GAS  C:\Users\Lloyd\AppData\Local\Temp\cczxjIIl.s 			page 12


 359              		.type	SpiXferDone_GetState, %function
 360              	SpiXferDone_GetState:
 361              	.LFB9:
 270:.\Generated_Source\PSoC5/SpiXferDone.c **** 
 271:.\Generated_Source\PSoC5/SpiXferDone.c **** 
 272:.\Generated_Source\PSoC5/SpiXferDone.c **** /*******************************************************************************
 273:.\Generated_Source\PSoC5/SpiXferDone.c **** * Function Name: SpiXferDone_GetState
 274:.\Generated_Source\PSoC5/SpiXferDone.c **** ********************************************************************************
 275:.\Generated_Source\PSoC5/SpiXferDone.c **** *
 276:.\Generated_Source\PSoC5/SpiXferDone.c **** * Summary:
 277:.\Generated_Source\PSoC5/SpiXferDone.c **** *   Gets the state (enabled, disabled) of the Interrupt.
 278:.\Generated_Source\PSoC5/SpiXferDone.c **** *
 279:.\Generated_Source\PSoC5/SpiXferDone.c **** * Parameters:
 280:.\Generated_Source\PSoC5/SpiXferDone.c **** *   None
 281:.\Generated_Source\PSoC5/SpiXferDone.c **** *
 282:.\Generated_Source\PSoC5/SpiXferDone.c **** * Return:
 283:.\Generated_Source\PSoC5/SpiXferDone.c **** *   1 if enabled, 0 if disabled.
 284:.\Generated_Source\PSoC5/SpiXferDone.c **** *
 285:.\Generated_Source\PSoC5/SpiXferDone.c **** *******************************************************************************/
 286:.\Generated_Source\PSoC5/SpiXferDone.c **** uint8 SpiXferDone_GetState(void)
 287:.\Generated_Source\PSoC5/SpiXferDone.c **** {
 362              		.loc 1 287 0
 363              		.cfi_startproc
 364              		@ args = 0, pretend = 0, frame = 0
 365              		@ frame_needed = 1, uses_anonymous_args = 0
 366              		@ link register save eliminated.
 367 0000 80B4     		push	{r7}
 368              	.LCFI23:
 369              		.cfi_def_cfa_offset 4
 370              		.cfi_offset 7, -4
 371 0002 00AF     		add	r7, sp, #0
 372              	.LCFI24:
 373              		.cfi_def_cfa_register 7
 288:.\Generated_Source\PSoC5/SpiXferDone.c ****     /* Get the state of the general interrupt. */
 289:.\Generated_Source\PSoC5/SpiXferDone.c ****     return ((*SpiXferDone_INTC_SET_EN & (uint32)SpiXferDone__INTC_MASK) != 0u) ? 1u:0u;
 374              		.loc 1 289 0
 375 0004 4FF46143 		mov	r3, #57600
 376 0008 CEF20003 		movt	r3, 57344
 377 000c 1B68     		ldr	r3, [r3, #0]
 378 000e DBB2     		uxtb	r3, r3
 379 0010 03F00103 		and	r3, r3, #1
 380 0014 DBB2     		uxtb	r3, r3
 290:.\Generated_Source\PSoC5/SpiXferDone.c **** }
 381              		.loc 1 290 0
 382 0016 1846     		mov	r0, r3
 383 0018 BD46     		mov	sp, r7
 384 001a 80BC     		pop	{r7}
 385 001c 7047     		bx	lr
 386              		.cfi_endproc
 387              	.LFE9:
 388              		.size	SpiXferDone_GetState, .-SpiXferDone_GetState
 389 001e 00BF     		.section	.text.SpiXferDone_Disable,"ax",%progbits
 390              		.align	2
 391              		.global	SpiXferDone_Disable
 392              		.thumb
 393              		.thumb_func
 394              		.type	SpiXferDone_Disable, %function
ARM GAS  C:\Users\Lloyd\AppData\Local\Temp\cczxjIIl.s 			page 13


 395              	SpiXferDone_Disable:
 396              	.LFB10:
 291:.\Generated_Source\PSoC5/SpiXferDone.c **** 
 292:.\Generated_Source\PSoC5/SpiXferDone.c **** 
 293:.\Generated_Source\PSoC5/SpiXferDone.c **** /*******************************************************************************
 294:.\Generated_Source\PSoC5/SpiXferDone.c **** * Function Name: SpiXferDone_Disable
 295:.\Generated_Source\PSoC5/SpiXferDone.c **** ********************************************************************************
 296:.\Generated_Source\PSoC5/SpiXferDone.c **** *
 297:.\Generated_Source\PSoC5/SpiXferDone.c **** * Summary:
 298:.\Generated_Source\PSoC5/SpiXferDone.c **** *   Disables the Interrupt.
 299:.\Generated_Source\PSoC5/SpiXferDone.c **** *
 300:.\Generated_Source\PSoC5/SpiXferDone.c **** * Parameters:
 301:.\Generated_Source\PSoC5/SpiXferDone.c **** *   None
 302:.\Generated_Source\PSoC5/SpiXferDone.c **** *
 303:.\Generated_Source\PSoC5/SpiXferDone.c **** * Return:
 304:.\Generated_Source\PSoC5/SpiXferDone.c **** *   None
 305:.\Generated_Source\PSoC5/SpiXferDone.c **** *
 306:.\Generated_Source\PSoC5/SpiXferDone.c **** *******************************************************************************/
 307:.\Generated_Source\PSoC5/SpiXferDone.c **** void SpiXferDone_Disable(void)
 308:.\Generated_Source\PSoC5/SpiXferDone.c **** {
 397              		.loc 1 308 0
 398              		.cfi_startproc
 399              		@ args = 0, pretend = 0, frame = 0
 400              		@ frame_needed = 1, uses_anonymous_args = 0
 401              		@ link register save eliminated.
 402 0000 80B4     		push	{r7}
 403              	.LCFI25:
 404              		.cfi_def_cfa_offset 4
 405              		.cfi_offset 7, -4
 406 0002 00AF     		add	r7, sp, #0
 407              	.LCFI26:
 408              		.cfi_def_cfa_register 7
 309:.\Generated_Source\PSoC5/SpiXferDone.c ****     /* Disable the general interrupt. */
 310:.\Generated_Source\PSoC5/SpiXferDone.c ****     *SpiXferDone_INTC_CLR_EN = SpiXferDone__INTC_MASK;
 409              		.loc 1 310 0
 410 0004 4EF28013 		movw	r3, #57728
 411 0008 CEF20003 		movt	r3, 57344
 412 000c 4FF00102 		mov	r2, #1
 413 0010 1A60     		str	r2, [r3, #0]
 311:.\Generated_Source\PSoC5/SpiXferDone.c **** }
 414              		.loc 1 311 0
 415 0012 BD46     		mov	sp, r7
 416 0014 80BC     		pop	{r7}
 417 0016 7047     		bx	lr
 418              		.cfi_endproc
 419              	.LFE10:
 420              		.size	SpiXferDone_Disable, .-SpiXferDone_Disable
 421              		.section	.text.SpiXferDone_SetPending,"ax",%progbits
 422              		.align	2
 423              		.global	SpiXferDone_SetPending
 424              		.thumb
 425              		.thumb_func
 426              		.type	SpiXferDone_SetPending, %function
 427              	SpiXferDone_SetPending:
 428              	.LFB11:
 312:.\Generated_Source\PSoC5/SpiXferDone.c **** 
 313:.\Generated_Source\PSoC5/SpiXferDone.c **** 
ARM GAS  C:\Users\Lloyd\AppData\Local\Temp\cczxjIIl.s 			page 14


 314:.\Generated_Source\PSoC5/SpiXferDone.c **** /*******************************************************************************
 315:.\Generated_Source\PSoC5/SpiXferDone.c **** * Function Name: SpiXferDone_SetPending
 316:.\Generated_Source\PSoC5/SpiXferDone.c **** ********************************************************************************
 317:.\Generated_Source\PSoC5/SpiXferDone.c **** *
 318:.\Generated_Source\PSoC5/SpiXferDone.c **** * Summary:
 319:.\Generated_Source\PSoC5/SpiXferDone.c **** *   Causes the Interrupt to enter the pending state, a software method of
 320:.\Generated_Source\PSoC5/SpiXferDone.c **** *   generating the interrupt.
 321:.\Generated_Source\PSoC5/SpiXferDone.c **** *
 322:.\Generated_Source\PSoC5/SpiXferDone.c **** * Parameters:
 323:.\Generated_Source\PSoC5/SpiXferDone.c **** *   None
 324:.\Generated_Source\PSoC5/SpiXferDone.c **** *
 325:.\Generated_Source\PSoC5/SpiXferDone.c **** * Return:
 326:.\Generated_Source\PSoC5/SpiXferDone.c **** *   None
 327:.\Generated_Source\PSoC5/SpiXferDone.c **** *
 328:.\Generated_Source\PSoC5/SpiXferDone.c **** *******************************************************************************/
 329:.\Generated_Source\PSoC5/SpiXferDone.c **** void SpiXferDone_SetPending(void)
 330:.\Generated_Source\PSoC5/SpiXferDone.c **** {
 429              		.loc 1 330 0
 430              		.cfi_startproc
 431              		@ args = 0, pretend = 0, frame = 0
 432              		@ frame_needed = 1, uses_anonymous_args = 0
 433              		@ link register save eliminated.
 434 0000 80B4     		push	{r7}
 435              	.LCFI27:
 436              		.cfi_def_cfa_offset 4
 437              		.cfi_offset 7, -4
 438 0002 00AF     		add	r7, sp, #0
 439              	.LCFI28:
 440              		.cfi_def_cfa_register 7
 331:.\Generated_Source\PSoC5/SpiXferDone.c ****     *SpiXferDone_INTC_SET_PD = SpiXferDone__INTC_MASK;
 441              		.loc 1 331 0
 442 0004 4FF46243 		mov	r3, #57856
 443 0008 CEF20003 		movt	r3, 57344
 444 000c 4FF00102 		mov	r2, #1
 445 0010 1A60     		str	r2, [r3, #0]
 332:.\Generated_Source\PSoC5/SpiXferDone.c **** }
 446              		.loc 1 332 0
 447 0012 BD46     		mov	sp, r7
 448 0014 80BC     		pop	{r7}
 449 0016 7047     		bx	lr
 450              		.cfi_endproc
 451              	.LFE11:
 452              		.size	SpiXferDone_SetPending, .-SpiXferDone_SetPending
 453              		.section	.text.SpiXferDone_ClearPending,"ax",%progbits
 454              		.align	2
 455              		.global	SpiXferDone_ClearPending
 456              		.thumb
 457              		.thumb_func
 458              		.type	SpiXferDone_ClearPending, %function
 459              	SpiXferDone_ClearPending:
 460              	.LFB12:
 333:.\Generated_Source\PSoC5/SpiXferDone.c **** 
 334:.\Generated_Source\PSoC5/SpiXferDone.c **** 
 335:.\Generated_Source\PSoC5/SpiXferDone.c **** /*******************************************************************************
 336:.\Generated_Source\PSoC5/SpiXferDone.c **** * Function Name: SpiXferDone_ClearPending
 337:.\Generated_Source\PSoC5/SpiXferDone.c **** ********************************************************************************
 338:.\Generated_Source\PSoC5/SpiXferDone.c **** *
ARM GAS  C:\Users\Lloyd\AppData\Local\Temp\cczxjIIl.s 			page 15


 339:.\Generated_Source\PSoC5/SpiXferDone.c **** * Summary:
 340:.\Generated_Source\PSoC5/SpiXferDone.c **** *   Clears a pending interrupt.
 341:.\Generated_Source\PSoC5/SpiXferDone.c **** *
 342:.\Generated_Source\PSoC5/SpiXferDone.c **** * Parameters:
 343:.\Generated_Source\PSoC5/SpiXferDone.c **** *   None
 344:.\Generated_Source\PSoC5/SpiXferDone.c **** *
 345:.\Generated_Source\PSoC5/SpiXferDone.c **** * Return:
 346:.\Generated_Source\PSoC5/SpiXferDone.c **** *   None
 347:.\Generated_Source\PSoC5/SpiXferDone.c **** *
 348:.\Generated_Source\PSoC5/SpiXferDone.c **** *******************************************************************************/
 349:.\Generated_Source\PSoC5/SpiXferDone.c **** void SpiXferDone_ClearPending(void)
 350:.\Generated_Source\PSoC5/SpiXferDone.c **** {
 461              		.loc 1 350 0
 462              		.cfi_startproc
 463              		@ args = 0, pretend = 0, frame = 0
 464              		@ frame_needed = 1, uses_anonymous_args = 0
 465              		@ link register save eliminated.
 466 0000 80B4     		push	{r7}
 467              	.LCFI29:
 468              		.cfi_def_cfa_offset 4
 469              		.cfi_offset 7, -4
 470 0002 00AF     		add	r7, sp, #0
 471              	.LCFI30:
 472              		.cfi_def_cfa_register 7
 351:.\Generated_Source\PSoC5/SpiXferDone.c ****     *SpiXferDone_INTC_CLR_PD = SpiXferDone__INTC_MASK;
 473              		.loc 1 351 0
 474 0004 4EF28023 		movw	r3, #57984
 475 0008 CEF20003 		movt	r3, 57344
 476 000c 4FF00102 		mov	r2, #1
 477 0010 1A60     		str	r2, [r3, #0]
 352:.\Generated_Source\PSoC5/SpiXferDone.c **** }
 478              		.loc 1 352 0
 479 0012 BD46     		mov	sp, r7
 480 0014 80BC     		pop	{r7}
 481 0016 7047     		bx	lr
 482              		.cfi_endproc
 483              	.LFE12:
 484              		.size	SpiXferDone_ClearPending, .-SpiXferDone_ClearPending
 485              		.text
 486              	.Letext0:
 487              		.file 2 "c:\\program files (x86)\\cypress\\psoc creator\\3.0\\psoc creator\\import\\gnu_cs\\arm\\4
 488              		.file 3 "./Generated_Source/PSoC5/cytypes.h"
 489              		.file 4 "./bot_psoc.h"
 490              		.section	.debug_info,"",%progbits
 491              	.Ldebug_info0:
 492 0000 8C020000 		.4byte	0x28c
 493 0004 0200     		.2byte	0x2
 494 0006 00000000 		.4byte	.Ldebug_abbrev0
 495 000a 04       		.byte	0x4
 496 000b 01       		.uleb128 0x1
 497 000c 41020000 		.4byte	.LASF34
 498 0010 01       		.byte	0x1
 499 0011 97010000 		.4byte	.LASF35
 500 0015 1C000000 		.4byte	.LASF36
 501 0019 00000000 		.4byte	.Ldebug_ranges0+0
 502 001d 00000000 		.4byte	0
 503 0021 00000000 		.4byte	0
ARM GAS  C:\Users\Lloyd\AppData\Local\Temp\cczxjIIl.s 			page 16


 504 0025 00000000 		.4byte	.Ldebug_line0
 505 0029 02       		.uleb128 0x2
 506 002a 01       		.byte	0x1
 507 002b 06       		.byte	0x6
 508 002c 98020000 		.4byte	.LASF0
 509 0030 02       		.uleb128 0x2
 510 0031 01       		.byte	0x1
 511 0032 08       		.byte	0x8
 512 0033 B5000000 		.4byte	.LASF1
 513 0037 02       		.uleb128 0x2
 514 0038 02       		.byte	0x2
 515 0039 05       		.byte	0x5
 516 003a 20020000 		.4byte	.LASF2
 517 003e 02       		.uleb128 0x2
 518 003f 02       		.byte	0x2
 519 0040 07       		.byte	0x7
 520 0041 67000000 		.4byte	.LASF3
 521 0045 03       		.uleb128 0x3
 522 0046 04       		.byte	0x4
 523 0047 05       		.byte	0x5
 524 0048 696E7400 		.ascii	"int\000"
 525 004c 02       		.uleb128 0x2
 526 004d 04       		.byte	0x4
 527 004e 07       		.byte	0x7
 528 004f 45010000 		.4byte	.LASF4
 529 0053 02       		.uleb128 0x2
 530 0054 08       		.byte	0x8
 531 0055 05       		.byte	0x5
 532 0056 C7010000 		.4byte	.LASF5
 533 005a 02       		.uleb128 0x2
 534 005b 08       		.byte	0x8
 535 005c 07       		.byte	0x7
 536 005d 5A010000 		.4byte	.LASF6
 537 0061 02       		.uleb128 0x2
 538 0062 04       		.byte	0x4
 539 0063 05       		.byte	0x5
 540 0064 8A020000 		.4byte	.LASF7
 541 0068 02       		.uleb128 0x2
 542 0069 04       		.byte	0x4
 543 006a 07       		.byte	0x7
 544 006b BE010000 		.4byte	.LASF8
 545 006f 02       		.uleb128 0x2
 546 0070 04       		.byte	0x4
 547 0071 07       		.byte	0x7
 548 0072 C8000000 		.4byte	.LASF9
 549 0076 04       		.uleb128 0x4
 550 0077 01       		.byte	0x1
 551 0078 05       		.uleb128 0x5
 552 0079 04       		.byte	0x4
 553 007a 76000000 		.4byte	0x76
 554 007e 02       		.uleb128 0x2
 555 007f 01       		.byte	0x1
 556 0080 08       		.byte	0x8
 557 0081 93020000 		.4byte	.LASF10
 558 0085 06       		.uleb128 0x6
 559 0086 71010000 		.4byte	.LASF11
 560 008a 02       		.byte	0x2
ARM GAS  C:\Users\Lloyd\AppData\Local\Temp\cczxjIIl.s 			page 17


 561 008b 2A       		.byte	0x2a
 562 008c 30000000 		.4byte	0x30
 563 0090 06       		.uleb128 0x6
 564 0091 99000000 		.4byte	.LASF12
 565 0095 03       		.byte	0x3
 566 0096 5B       		.byte	0x5b
 567 0097 30000000 		.4byte	0x30
 568 009b 06       		.uleb128 0x6
 569 009c 3E010000 		.4byte	.LASF13
 570 00a0 03       		.byte	0x3
 571 00a1 5D       		.byte	0x5d
 572 00a2 6F000000 		.4byte	0x6f
 573 00a6 02       		.uleb128 0x2
 574 00a7 04       		.byte	0x4
 575 00a8 04       		.byte	0x4
 576 00a9 7A000000 		.4byte	.LASF14
 577 00ad 02       		.uleb128 0x2
 578 00ae 08       		.byte	0x8
 579 00af 04       		.byte	0x4
 580 00b0 23010000 		.4byte	.LASF15
 581 00b4 06       		.uleb128 0x6
 582 00b5 C3000000 		.4byte	.LASF16
 583 00b9 03       		.byte	0x3
 584 00ba F0       		.byte	0xf0
 585 00bb BF000000 		.4byte	0xbf
 586 00bf 07       		.uleb128 0x7
 587 00c0 90000000 		.4byte	0x90
 588 00c4 06       		.uleb128 0x6
 589 00c5 16000000 		.4byte	.LASF17
 590 00c9 03       		.byte	0x3
 591 00ca F2       		.byte	0xf2
 592 00cb CF000000 		.4byte	0xcf
 593 00cf 07       		.uleb128 0x7
 594 00d0 9B000000 		.4byte	0x9b
 595 00d4 08       		.uleb128 0x8
 596 00d5 79010000 		.4byte	.LASF18
 597 00d9 03       		.byte	0x3
 598 00da 0201     		.2byte	0x102
 599 00dc 78000000 		.4byte	0x78
 600 00e0 09       		.uleb128 0x9
 601 00e1 01       		.byte	0x1
 602 00e2 08010000 		.4byte	.LASF19
 603 00e6 01       		.byte	0x1
 604 00e7 3A       		.byte	0x3a
 605 00e8 01       		.byte	0x1
 606 00e9 00000000 		.4byte	.LFB0
 607 00ed 22000000 		.4byte	.LFE0
 608 00f1 00000000 		.4byte	.LLST0
 609 00f5 01       		.byte	0x1
 610 00f6 0A       		.uleb128 0xa
 611 00f7 01       		.byte	0x1
 612 00f8 2A010000 		.4byte	.LASF22
 613 00fc 01       		.byte	0x1
 614 00fd 58       		.byte	0x58
 615 00fe 01       		.byte	0x1
 616 00ff 00000000 		.4byte	.LFB1
 617 0103 26000000 		.4byte	.LFE1
ARM GAS  C:\Users\Lloyd\AppData\Local\Temp\cczxjIIl.s 			page 18


 618 0107 2C000000 		.4byte	.LLST1
 619 010b 01       		.byte	0x1
 620 010c 1F010000 		.4byte	0x11f
 621 0110 0B       		.uleb128 0xb
 622 0111 52010000 		.4byte	.LASF24
 623 0115 01       		.byte	0x1
 624 0116 58       		.byte	0x58
 625 0117 D4000000 		.4byte	0xd4
 626 011b 02       		.byte	0x2
 627 011c 91       		.byte	0x91
 628 011d 74       		.sleb128 -12
 629 011e 00       		.byte	0
 630 011f 09       		.uleb128 0x9
 631 0120 01       		.byte	0x1
 632 0121 86010000 		.4byte	.LASF20
 633 0125 01       		.byte	0x1
 634 0126 75       		.byte	0x75
 635 0127 01       		.byte	0x1
 636 0128 00000000 		.4byte	.LFB2
 637 012c 16000000 		.4byte	.LFE2
 638 0130 64000000 		.4byte	.LLST2
 639 0134 01       		.byte	0x1
 640 0135 0C       		.uleb128 0xc
 641 0136 01       		.byte	0x1
 642 0137 9F000000 		.4byte	.LASF21
 643 013b 01       		.byte	0x1
 644 013c 8F       		.byte	0x8f
 645 013d 01       		.byte	0x1
 646 013e 00000000 		.4byte	.LFB3
 647 0142 18000000 		.4byte	.LFE3
 648 0146 90000000 		.4byte	.LLST3
 649 014a 01       		.byte	0x1
 650 014b 0D       		.uleb128 0xd
 651 014c 01       		.byte	0x1
 652 014d 00000000 		.4byte	.LASF23
 653 0151 01       		.byte	0x1
 654 0152 A8       		.byte	0xa8
 655 0153 01       		.byte	0x1
 656 0154 00000000 		.4byte	.LFB4
 657 0158 28000000 		.4byte	.LFE4
 658 015c BC000000 		.4byte	.LLST4
 659 0160 01       		.byte	0x1
 660 0161 82010000 		.4byte	0x182
 661 0165 0B       		.uleb128 0xb
 662 0166 52010000 		.4byte	.LASF24
 663 016a 01       		.byte	0x1
 664 016b A8       		.byte	0xa8
 665 016c D4000000 		.4byte	0xd4
 666 0170 02       		.byte	0x2
 667 0171 91       		.byte	0x91
 668 0172 6C       		.sleb128 -20
 669 0173 0E       		.uleb128 0xe
 670 0174 FD010000 		.4byte	.LASF25
 671 0178 01       		.byte	0x1
 672 0179 AA       		.byte	0xaa
 673 017a 82010000 		.4byte	0x182
 674 017e 02       		.byte	0x2
ARM GAS  C:\Users\Lloyd\AppData\Local\Temp\cczxjIIl.s 			page 19


 675 017f 91       		.byte	0x91
 676 0180 74       		.sleb128 -12
 677 0181 00       		.byte	0
 678 0182 05       		.uleb128 0x5
 679 0183 04       		.byte	0x4
 680 0184 D4000000 		.4byte	0xd4
 681 0188 0F       		.uleb128 0xf
 682 0189 01       		.byte	0x1
 683 018a F2000000 		.4byte	.LASF28
 684 018e 01       		.byte	0x1
 685 018f C0       		.byte	0xc0
 686 0190 01       		.byte	0x1
 687 0191 D4000000 		.4byte	0xd4
 688 0195 00000000 		.4byte	.LFB5
 689 0199 22000000 		.4byte	.LFE5
 690 019d F4000000 		.4byte	.LLST5
 691 01a1 01       		.byte	0x1
 692 01a2 B5010000 		.4byte	0x1b5
 693 01a6 0E       		.uleb128 0xe
 694 01a7 FD010000 		.4byte	.LASF25
 695 01ab 01       		.byte	0x1
 696 01ac C2       		.byte	0xc2
 697 01ad 82010000 		.4byte	0x182
 698 01b1 02       		.byte	0x2
 699 01b2 91       		.byte	0x91
 700 01b3 74       		.sleb128 -12
 701 01b4 00       		.byte	0
 702 01b5 0D       		.uleb128 0xd
 703 01b6 01       		.byte	0x1
 704 01b7 DA000000 		.4byte	.LASF26
 705 01bb 01       		.byte	0x1
 706 01bc DC       		.byte	0xdc
 707 01bd 01       		.byte	0x1
 708 01be 00000000 		.4byte	.LFB6
 709 01c2 26000000 		.4byte	.LFE6
 710 01c6 2C010000 		.4byte	.LLST6
 711 01ca 01       		.byte	0x1
 712 01cb DE010000 		.4byte	0x1de
 713 01cf 0B       		.uleb128 0xb
 714 01d0 1A010000 		.4byte	.LASF27
 715 01d4 01       		.byte	0x1
 716 01d5 DC       		.byte	0xdc
 717 01d6 90000000 		.4byte	0x90
 718 01da 02       		.byte	0x2
 719 01db 91       		.byte	0x91
 720 01dc 77       		.sleb128 -9
 721 01dd 00       		.byte	0
 722 01de 0F       		.uleb128 0xf
 723 01df 01       		.byte	0x1
 724 01e0 4F000000 		.4byte	.LASF29
 725 01e4 01       		.byte	0x1
 726 01e5 F0       		.byte	0xf0
 727 01e6 01       		.byte	0x1
 728 01e7 90000000 		.4byte	0x90
 729 01eb 00000000 		.4byte	.LFB7
 730 01ef 26000000 		.4byte	.LFE7
 731 01f3 64010000 		.4byte	.LLST7
ARM GAS  C:\Users\Lloyd\AppData\Local\Temp\cczxjIIl.s 			page 20


 732 01f7 01       		.byte	0x1
 733 01f8 0B020000 		.4byte	0x20b
 734 01fc 0E       		.uleb128 0xe
 735 01fd 1A010000 		.4byte	.LASF27
 736 0201 01       		.byte	0x1
 737 0202 F2       		.byte	0xf2
 738 0203 90000000 		.4byte	0x90
 739 0207 02       		.byte	0x2
 740 0208 91       		.byte	0x91
 741 0209 77       		.sleb128 -9
 742 020a 00       		.byte	0
 743 020b 10       		.uleb128 0x10
 744 020c 01       		.byte	0x1
 745 020d EA010000 		.4byte	.LASF30
 746 0211 01       		.byte	0x1
 747 0212 0901     		.2byte	0x109
 748 0214 01       		.byte	0x1
 749 0215 00000000 		.4byte	.LFB8
 750 0219 18000000 		.4byte	.LFE8
 751 021d 9C010000 		.4byte	.LLST8
 752 0221 01       		.byte	0x1
 753 0222 11       		.uleb128 0x11
 754 0223 01       		.byte	0x1
 755 0224 D5010000 		.4byte	.LASF37
 756 0228 01       		.byte	0x1
 757 0229 1E01     		.2byte	0x11e
 758 022b 01       		.byte	0x1
 759 022c 90000000 		.4byte	0x90
 760 0230 00000000 		.4byte	.LFB9
 761 0234 1E000000 		.4byte	.LFE9
 762 0238 C8010000 		.4byte	.LLST9
 763 023c 01       		.byte	0x1
 764 023d 10       		.uleb128 0x10
 765 023e 01       		.byte	0x1
 766 023f 0C020000 		.4byte	.LASF31
 767 0243 01       		.byte	0x1
 768 0244 3301     		.2byte	0x133
 769 0246 01       		.byte	0x1
 770 0247 00000000 		.4byte	.LFB10
 771 024b 18000000 		.4byte	.LFE10
 772 024f F4010000 		.4byte	.LLST10
 773 0253 01       		.byte	0x1
 774 0254 10       		.uleb128 0x10
 775 0255 01       		.byte	0x1
 776 0256 2A020000 		.4byte	.LASF32
 777 025a 01       		.byte	0x1
 778 025b 4901     		.2byte	0x149
 779 025d 01       		.byte	0x1
 780 025e 00000000 		.4byte	.LFB11
 781 0262 18000000 		.4byte	.LFE11
 782 0266 20020000 		.4byte	.LLST11
 783 026a 01       		.byte	0x1
 784 026b 10       		.uleb128 0x10
 785 026c 01       		.byte	0x1
 786 026d 80000000 		.4byte	.LASF33
 787 0271 01       		.byte	0x1
 788 0272 5D01     		.2byte	0x15d
ARM GAS  C:\Users\Lloyd\AppData\Local\Temp\cczxjIIl.s 			page 21


 789 0274 01       		.byte	0x1
 790 0275 00000000 		.4byte	.LFB12
 791 0279 18000000 		.4byte	.LFE12
 792 027d 4C020000 		.4byte	.LLST12
 793 0281 01       		.byte	0x1
 794 0282 12       		.uleb128 0x12
 795 0283 44000000 		.4byte	.LASF38
 796 0287 04       		.byte	0x4
 797 0288 25       		.byte	0x25
 798 0289 85000000 		.4byte	0x85
 799 028d 01       		.byte	0x1
 800 028e 01       		.byte	0x1
 801 028f 00       		.byte	0
 802              		.section	.debug_abbrev,"",%progbits
 803              	.Ldebug_abbrev0:
 804 0000 01       		.uleb128 0x1
 805 0001 11       		.uleb128 0x11
 806 0002 01       		.byte	0x1
 807 0003 25       		.uleb128 0x25
 808 0004 0E       		.uleb128 0xe
 809 0005 13       		.uleb128 0x13
 810 0006 0B       		.uleb128 0xb
 811 0007 03       		.uleb128 0x3
 812 0008 0E       		.uleb128 0xe
 813 0009 1B       		.uleb128 0x1b
 814 000a 0E       		.uleb128 0xe
 815 000b 55       		.uleb128 0x55
 816 000c 06       		.uleb128 0x6
 817 000d 11       		.uleb128 0x11
 818 000e 01       		.uleb128 0x1
 819 000f 52       		.uleb128 0x52
 820 0010 01       		.uleb128 0x1
 821 0011 10       		.uleb128 0x10
 822 0012 06       		.uleb128 0x6
 823 0013 00       		.byte	0
 824 0014 00       		.byte	0
 825 0015 02       		.uleb128 0x2
 826 0016 24       		.uleb128 0x24
 827 0017 00       		.byte	0
 828 0018 0B       		.uleb128 0xb
 829 0019 0B       		.uleb128 0xb
 830 001a 3E       		.uleb128 0x3e
 831 001b 0B       		.uleb128 0xb
 832 001c 03       		.uleb128 0x3
 833 001d 0E       		.uleb128 0xe
 834 001e 00       		.byte	0
 835 001f 00       		.byte	0
 836 0020 03       		.uleb128 0x3
 837 0021 24       		.uleb128 0x24
 838 0022 00       		.byte	0
 839 0023 0B       		.uleb128 0xb
 840 0024 0B       		.uleb128 0xb
 841 0025 3E       		.uleb128 0x3e
 842 0026 0B       		.uleb128 0xb
 843 0027 03       		.uleb128 0x3
 844 0028 08       		.uleb128 0x8
 845 0029 00       		.byte	0
ARM GAS  C:\Users\Lloyd\AppData\Local\Temp\cczxjIIl.s 			page 22


 846 002a 00       		.byte	0
 847 002b 04       		.uleb128 0x4
 848 002c 15       		.uleb128 0x15
 849 002d 00       		.byte	0
 850 002e 27       		.uleb128 0x27
 851 002f 0C       		.uleb128 0xc
 852 0030 00       		.byte	0
 853 0031 00       		.byte	0
 854 0032 05       		.uleb128 0x5
 855 0033 0F       		.uleb128 0xf
 856 0034 00       		.byte	0
 857 0035 0B       		.uleb128 0xb
 858 0036 0B       		.uleb128 0xb
 859 0037 49       		.uleb128 0x49
 860 0038 13       		.uleb128 0x13
 861 0039 00       		.byte	0
 862 003a 00       		.byte	0
 863 003b 06       		.uleb128 0x6
 864 003c 16       		.uleb128 0x16
 865 003d 00       		.byte	0
 866 003e 03       		.uleb128 0x3
 867 003f 0E       		.uleb128 0xe
 868 0040 3A       		.uleb128 0x3a
 869 0041 0B       		.uleb128 0xb
 870 0042 3B       		.uleb128 0x3b
 871 0043 0B       		.uleb128 0xb
 872 0044 49       		.uleb128 0x49
 873 0045 13       		.uleb128 0x13
 874 0046 00       		.byte	0
 875 0047 00       		.byte	0
 876 0048 07       		.uleb128 0x7
 877 0049 35       		.uleb128 0x35
 878 004a 00       		.byte	0
 879 004b 49       		.uleb128 0x49
 880 004c 13       		.uleb128 0x13
 881 004d 00       		.byte	0
 882 004e 00       		.byte	0
 883 004f 08       		.uleb128 0x8
 884 0050 16       		.uleb128 0x16
 885 0051 00       		.byte	0
 886 0052 03       		.uleb128 0x3
 887 0053 0E       		.uleb128 0xe
 888 0054 3A       		.uleb128 0x3a
 889 0055 0B       		.uleb128 0xb
 890 0056 3B       		.uleb128 0x3b
 891 0057 05       		.uleb128 0x5
 892 0058 49       		.uleb128 0x49
 893 0059 13       		.uleb128 0x13
 894 005a 00       		.byte	0
 895 005b 00       		.byte	0
 896 005c 09       		.uleb128 0x9
 897 005d 2E       		.uleb128 0x2e
 898 005e 00       		.byte	0
 899 005f 3F       		.uleb128 0x3f
 900 0060 0C       		.uleb128 0xc
 901 0061 03       		.uleb128 0x3
 902 0062 0E       		.uleb128 0xe
ARM GAS  C:\Users\Lloyd\AppData\Local\Temp\cczxjIIl.s 			page 23


 903 0063 3A       		.uleb128 0x3a
 904 0064 0B       		.uleb128 0xb
 905 0065 3B       		.uleb128 0x3b
 906 0066 0B       		.uleb128 0xb
 907 0067 27       		.uleb128 0x27
 908 0068 0C       		.uleb128 0xc
 909 0069 11       		.uleb128 0x11
 910 006a 01       		.uleb128 0x1
 911 006b 12       		.uleb128 0x12
 912 006c 01       		.uleb128 0x1
 913 006d 40       		.uleb128 0x40
 914 006e 06       		.uleb128 0x6
 915 006f 9642     		.uleb128 0x2116
 916 0071 0C       		.uleb128 0xc
 917 0072 00       		.byte	0
 918 0073 00       		.byte	0
 919 0074 0A       		.uleb128 0xa
 920 0075 2E       		.uleb128 0x2e
 921 0076 01       		.byte	0x1
 922 0077 3F       		.uleb128 0x3f
 923 0078 0C       		.uleb128 0xc
 924 0079 03       		.uleb128 0x3
 925 007a 0E       		.uleb128 0xe
 926 007b 3A       		.uleb128 0x3a
 927 007c 0B       		.uleb128 0xb
 928 007d 3B       		.uleb128 0x3b
 929 007e 0B       		.uleb128 0xb
 930 007f 27       		.uleb128 0x27
 931 0080 0C       		.uleb128 0xc
 932 0081 11       		.uleb128 0x11
 933 0082 01       		.uleb128 0x1
 934 0083 12       		.uleb128 0x12
 935 0084 01       		.uleb128 0x1
 936 0085 40       		.uleb128 0x40
 937 0086 06       		.uleb128 0x6
 938 0087 9642     		.uleb128 0x2116
 939 0089 0C       		.uleb128 0xc
 940 008a 01       		.uleb128 0x1
 941 008b 13       		.uleb128 0x13
 942 008c 00       		.byte	0
 943 008d 00       		.byte	0
 944 008e 0B       		.uleb128 0xb
 945 008f 05       		.uleb128 0x5
 946 0090 00       		.byte	0
 947 0091 03       		.uleb128 0x3
 948 0092 0E       		.uleb128 0xe
 949 0093 3A       		.uleb128 0x3a
 950 0094 0B       		.uleb128 0xb
 951 0095 3B       		.uleb128 0x3b
 952 0096 0B       		.uleb128 0xb
 953 0097 49       		.uleb128 0x49
 954 0098 13       		.uleb128 0x13
 955 0099 02       		.uleb128 0x2
 956 009a 0A       		.uleb128 0xa
 957 009b 00       		.byte	0
 958 009c 00       		.byte	0
 959 009d 0C       		.uleb128 0xc
ARM GAS  C:\Users\Lloyd\AppData\Local\Temp\cczxjIIl.s 			page 24


 960 009e 2E       		.uleb128 0x2e
 961 009f 00       		.byte	0
 962 00a0 3F       		.uleb128 0x3f
 963 00a1 0C       		.uleb128 0xc
 964 00a2 03       		.uleb128 0x3
 965 00a3 0E       		.uleb128 0xe
 966 00a4 3A       		.uleb128 0x3a
 967 00a5 0B       		.uleb128 0xb
 968 00a6 3B       		.uleb128 0x3b
 969 00a7 0B       		.uleb128 0xb
 970 00a8 27       		.uleb128 0x27
 971 00a9 0C       		.uleb128 0xc
 972 00aa 11       		.uleb128 0x11
 973 00ab 01       		.uleb128 0x1
 974 00ac 12       		.uleb128 0x12
 975 00ad 01       		.uleb128 0x1
 976 00ae 40       		.uleb128 0x40
 977 00af 06       		.uleb128 0x6
 978 00b0 9742     		.uleb128 0x2117
 979 00b2 0C       		.uleb128 0xc
 980 00b3 00       		.byte	0
 981 00b4 00       		.byte	0
 982 00b5 0D       		.uleb128 0xd
 983 00b6 2E       		.uleb128 0x2e
 984 00b7 01       		.byte	0x1
 985 00b8 3F       		.uleb128 0x3f
 986 00b9 0C       		.uleb128 0xc
 987 00ba 03       		.uleb128 0x3
 988 00bb 0E       		.uleb128 0xe
 989 00bc 3A       		.uleb128 0x3a
 990 00bd 0B       		.uleb128 0xb
 991 00be 3B       		.uleb128 0x3b
 992 00bf 0B       		.uleb128 0xb
 993 00c0 27       		.uleb128 0x27
 994 00c1 0C       		.uleb128 0xc
 995 00c2 11       		.uleb128 0x11
 996 00c3 01       		.uleb128 0x1
 997 00c4 12       		.uleb128 0x12
 998 00c5 01       		.uleb128 0x1
 999 00c6 40       		.uleb128 0x40
 1000 00c7 06       		.uleb128 0x6
 1001 00c8 9742     		.uleb128 0x2117
 1002 00ca 0C       		.uleb128 0xc
 1003 00cb 01       		.uleb128 0x1
 1004 00cc 13       		.uleb128 0x13
 1005 00cd 00       		.byte	0
 1006 00ce 00       		.byte	0
 1007 00cf 0E       		.uleb128 0xe
 1008 00d0 34       		.uleb128 0x34
 1009 00d1 00       		.byte	0
 1010 00d2 03       		.uleb128 0x3
 1011 00d3 0E       		.uleb128 0xe
 1012 00d4 3A       		.uleb128 0x3a
 1013 00d5 0B       		.uleb128 0xb
 1014 00d6 3B       		.uleb128 0x3b
 1015 00d7 0B       		.uleb128 0xb
 1016 00d8 49       		.uleb128 0x49
ARM GAS  C:\Users\Lloyd\AppData\Local\Temp\cczxjIIl.s 			page 25


 1017 00d9 13       		.uleb128 0x13
 1018 00da 02       		.uleb128 0x2
 1019 00db 0A       		.uleb128 0xa
 1020 00dc 00       		.byte	0
 1021 00dd 00       		.byte	0
 1022 00de 0F       		.uleb128 0xf
 1023 00df 2E       		.uleb128 0x2e
 1024 00e0 01       		.byte	0x1
 1025 00e1 3F       		.uleb128 0x3f
 1026 00e2 0C       		.uleb128 0xc
 1027 00e3 03       		.uleb128 0x3
 1028 00e4 0E       		.uleb128 0xe
 1029 00e5 3A       		.uleb128 0x3a
 1030 00e6 0B       		.uleb128 0xb
 1031 00e7 3B       		.uleb128 0x3b
 1032 00e8 0B       		.uleb128 0xb
 1033 00e9 27       		.uleb128 0x27
 1034 00ea 0C       		.uleb128 0xc
 1035 00eb 49       		.uleb128 0x49
 1036 00ec 13       		.uleb128 0x13
 1037 00ed 11       		.uleb128 0x11
 1038 00ee 01       		.uleb128 0x1
 1039 00ef 12       		.uleb128 0x12
 1040 00f0 01       		.uleb128 0x1
 1041 00f1 40       		.uleb128 0x40
 1042 00f2 06       		.uleb128 0x6
 1043 00f3 9742     		.uleb128 0x2117
 1044 00f5 0C       		.uleb128 0xc
 1045 00f6 01       		.uleb128 0x1
 1046 00f7 13       		.uleb128 0x13
 1047 00f8 00       		.byte	0
 1048 00f9 00       		.byte	0
 1049 00fa 10       		.uleb128 0x10
 1050 00fb 2E       		.uleb128 0x2e
 1051 00fc 00       		.byte	0
 1052 00fd 3F       		.uleb128 0x3f
 1053 00fe 0C       		.uleb128 0xc
 1054 00ff 03       		.uleb128 0x3
 1055 0100 0E       		.uleb128 0xe
 1056 0101 3A       		.uleb128 0x3a
 1057 0102 0B       		.uleb128 0xb
 1058 0103 3B       		.uleb128 0x3b
 1059 0104 05       		.uleb128 0x5
 1060 0105 27       		.uleb128 0x27
 1061 0106 0C       		.uleb128 0xc
 1062 0107 11       		.uleb128 0x11
 1063 0108 01       		.uleb128 0x1
 1064 0109 12       		.uleb128 0x12
 1065 010a 01       		.uleb128 0x1
 1066 010b 40       		.uleb128 0x40
 1067 010c 06       		.uleb128 0x6
 1068 010d 9742     		.uleb128 0x2117
 1069 010f 0C       		.uleb128 0xc
 1070 0110 00       		.byte	0
 1071 0111 00       		.byte	0
 1072 0112 11       		.uleb128 0x11
 1073 0113 2E       		.uleb128 0x2e
ARM GAS  C:\Users\Lloyd\AppData\Local\Temp\cczxjIIl.s 			page 26


 1074 0114 00       		.byte	0
 1075 0115 3F       		.uleb128 0x3f
 1076 0116 0C       		.uleb128 0xc
 1077 0117 03       		.uleb128 0x3
 1078 0118 0E       		.uleb128 0xe
 1079 0119 3A       		.uleb128 0x3a
 1080 011a 0B       		.uleb128 0xb
 1081 011b 3B       		.uleb128 0x3b
 1082 011c 05       		.uleb128 0x5
 1083 011d 27       		.uleb128 0x27
 1084 011e 0C       		.uleb128 0xc
 1085 011f 49       		.uleb128 0x49
 1086 0120 13       		.uleb128 0x13
 1087 0121 11       		.uleb128 0x11
 1088 0122 01       		.uleb128 0x1
 1089 0123 12       		.uleb128 0x12
 1090 0124 01       		.uleb128 0x1
 1091 0125 40       		.uleb128 0x40
 1092 0126 06       		.uleb128 0x6
 1093 0127 9742     		.uleb128 0x2117
 1094 0129 0C       		.uleb128 0xc
 1095 012a 00       		.byte	0
 1096 012b 00       		.byte	0
 1097 012c 12       		.uleb128 0x12
 1098 012d 34       		.uleb128 0x34
 1099 012e 00       		.byte	0
 1100 012f 03       		.uleb128 0x3
 1101 0130 0E       		.uleb128 0xe
 1102 0131 3A       		.uleb128 0x3a
 1103 0132 0B       		.uleb128 0xb
 1104 0133 3B       		.uleb128 0x3b
 1105 0134 0B       		.uleb128 0xb
 1106 0135 49       		.uleb128 0x49
 1107 0136 13       		.uleb128 0x13
 1108 0137 3F       		.uleb128 0x3f
 1109 0138 0C       		.uleb128 0xc
 1110 0139 3C       		.uleb128 0x3c
 1111 013a 0C       		.uleb128 0xc
 1112 013b 00       		.byte	0
 1113 013c 00       		.byte	0
 1114 013d 00       		.byte	0
 1115              		.section	.debug_loc,"",%progbits
 1116              	.Ldebug_loc0:
 1117              	.LLST0:
 1118 0000 00000000 		.4byte	.LFB0
 1119 0004 02000000 		.4byte	.LCFI0
 1120 0008 0200     		.2byte	0x2
 1121 000a 7D       		.byte	0x7d
 1122 000b 00       		.sleb128 0
 1123 000c 02000000 		.4byte	.LCFI0
 1124 0010 04000000 		.4byte	.LCFI1
 1125 0014 0200     		.2byte	0x2
 1126 0016 7D       		.byte	0x7d
 1127 0017 08       		.sleb128 8
 1128 0018 04000000 		.4byte	.LCFI1
 1129 001c 22000000 		.4byte	.LFE0
 1130 0020 0200     		.2byte	0x2
ARM GAS  C:\Users\Lloyd\AppData\Local\Temp\cczxjIIl.s 			page 27


 1131 0022 77       		.byte	0x77
 1132 0023 08       		.sleb128 8
 1133 0024 00000000 		.4byte	0
 1134 0028 00000000 		.4byte	0
 1135              	.LLST1:
 1136 002c 00000000 		.4byte	.LFB1
 1137 0030 02000000 		.4byte	.LCFI2
 1138 0034 0200     		.2byte	0x2
 1139 0036 7D       		.byte	0x7d
 1140 0037 00       		.sleb128 0
 1141 0038 02000000 		.4byte	.LCFI2
 1142 003c 04000000 		.4byte	.LCFI3
 1143 0040 0200     		.2byte	0x2
 1144 0042 7D       		.byte	0x7d
 1145 0043 08       		.sleb128 8
 1146 0044 04000000 		.4byte	.LCFI3
 1147 0048 06000000 		.4byte	.LCFI4
 1148 004c 0200     		.2byte	0x2
 1149 004e 7D       		.byte	0x7d
 1150 004f 10       		.sleb128 16
 1151 0050 06000000 		.4byte	.LCFI4
 1152 0054 26000000 		.4byte	.LFE1
 1153 0058 0200     		.2byte	0x2
 1154 005a 77       		.byte	0x77
 1155 005b 10       		.sleb128 16
 1156 005c 00000000 		.4byte	0
 1157 0060 00000000 		.4byte	0
 1158              	.LLST2:
 1159 0064 00000000 		.4byte	.LFB2
 1160 0068 02000000 		.4byte	.LCFI5
 1161 006c 0200     		.2byte	0x2
 1162 006e 7D       		.byte	0x7d
 1163 006f 00       		.sleb128 0
 1164 0070 02000000 		.4byte	.LCFI5
 1165 0074 04000000 		.4byte	.LCFI6
 1166 0078 0200     		.2byte	0x2
 1167 007a 7D       		.byte	0x7d
 1168 007b 08       		.sleb128 8
 1169 007c 04000000 		.4byte	.LCFI6
 1170 0080 16000000 		.4byte	.LFE2
 1171 0084 0200     		.2byte	0x2
 1172 0086 77       		.byte	0x77
 1173 0087 08       		.sleb128 8
 1174 0088 00000000 		.4byte	0
 1175 008c 00000000 		.4byte	0
 1176              	.LLST3:
 1177 0090 00000000 		.4byte	.LFB3
 1178 0094 02000000 		.4byte	.LCFI7
 1179 0098 0200     		.2byte	0x2
 1180 009a 7D       		.byte	0x7d
 1181 009b 00       		.sleb128 0
 1182 009c 02000000 		.4byte	.LCFI7
 1183 00a0 04000000 		.4byte	.LCFI8
 1184 00a4 0200     		.2byte	0x2
 1185 00a6 7D       		.byte	0x7d
 1186 00a7 04       		.sleb128 4
 1187 00a8 04000000 		.4byte	.LCFI8
ARM GAS  C:\Users\Lloyd\AppData\Local\Temp\cczxjIIl.s 			page 28


 1188 00ac 18000000 		.4byte	.LFE3
 1189 00b0 0200     		.2byte	0x2
 1190 00b2 77       		.byte	0x77
 1191 00b3 04       		.sleb128 4
 1192 00b4 00000000 		.4byte	0
 1193 00b8 00000000 		.4byte	0
 1194              	.LLST4:
 1195 00bc 00000000 		.4byte	.LFB4
 1196 00c0 02000000 		.4byte	.LCFI9
 1197 00c4 0200     		.2byte	0x2
 1198 00c6 7D       		.byte	0x7d
 1199 00c7 00       		.sleb128 0
 1200 00c8 02000000 		.4byte	.LCFI9
 1201 00cc 04000000 		.4byte	.LCFI10
 1202 00d0 0200     		.2byte	0x2
 1203 00d2 7D       		.byte	0x7d
 1204 00d3 04       		.sleb128 4
 1205 00d4 04000000 		.4byte	.LCFI10
 1206 00d8 06000000 		.4byte	.LCFI11
 1207 00dc 0200     		.2byte	0x2
 1208 00de 7D       		.byte	0x7d
 1209 00df 18       		.sleb128 24
 1210 00e0 06000000 		.4byte	.LCFI11
 1211 00e4 28000000 		.4byte	.LFE4
 1212 00e8 0200     		.2byte	0x2
 1213 00ea 77       		.byte	0x77
 1214 00eb 18       		.sleb128 24
 1215 00ec 00000000 		.4byte	0
 1216 00f0 00000000 		.4byte	0
 1217              	.LLST5:
 1218 00f4 00000000 		.4byte	.LFB5
 1219 00f8 02000000 		.4byte	.LCFI12
 1220 00fc 0200     		.2byte	0x2
 1221 00fe 7D       		.byte	0x7d
 1222 00ff 00       		.sleb128 0
 1223 0100 02000000 		.4byte	.LCFI12
 1224 0104 04000000 		.4byte	.LCFI13
 1225 0108 0200     		.2byte	0x2
 1226 010a 7D       		.byte	0x7d
 1227 010b 04       		.sleb128 4
 1228 010c 04000000 		.4byte	.LCFI13
 1229 0110 06000000 		.4byte	.LCFI14
 1230 0114 0200     		.2byte	0x2
 1231 0116 7D       		.byte	0x7d
 1232 0117 10       		.sleb128 16
 1233 0118 06000000 		.4byte	.LCFI14
 1234 011c 22000000 		.4byte	.LFE5
 1235 0120 0200     		.2byte	0x2
 1236 0122 77       		.byte	0x77
 1237 0123 10       		.sleb128 16
 1238 0124 00000000 		.4byte	0
 1239 0128 00000000 		.4byte	0
 1240              	.LLST6:
 1241 012c 00000000 		.4byte	.LFB6
 1242 0130 02000000 		.4byte	.LCFI15
 1243 0134 0200     		.2byte	0x2
 1244 0136 7D       		.byte	0x7d
ARM GAS  C:\Users\Lloyd\AppData\Local\Temp\cczxjIIl.s 			page 29


 1245 0137 00       		.sleb128 0
 1246 0138 02000000 		.4byte	.LCFI15
 1247 013c 04000000 		.4byte	.LCFI16
 1248 0140 0200     		.2byte	0x2
 1249 0142 7D       		.byte	0x7d
 1250 0143 04       		.sleb128 4
 1251 0144 04000000 		.4byte	.LCFI16
 1252 0148 06000000 		.4byte	.LCFI17
 1253 014c 0200     		.2byte	0x2
 1254 014e 7D       		.byte	0x7d
 1255 014f 10       		.sleb128 16
 1256 0150 06000000 		.4byte	.LCFI17
 1257 0154 26000000 		.4byte	.LFE6
 1258 0158 0200     		.2byte	0x2
 1259 015a 77       		.byte	0x77
 1260 015b 10       		.sleb128 16
 1261 015c 00000000 		.4byte	0
 1262 0160 00000000 		.4byte	0
 1263              	.LLST7:
 1264 0164 00000000 		.4byte	.LFB7
 1265 0168 02000000 		.4byte	.LCFI18
 1266 016c 0200     		.2byte	0x2
 1267 016e 7D       		.byte	0x7d
 1268 016f 00       		.sleb128 0
 1269 0170 02000000 		.4byte	.LCFI18
 1270 0174 04000000 		.4byte	.LCFI19
 1271 0178 0200     		.2byte	0x2
 1272 017a 7D       		.byte	0x7d
 1273 017b 04       		.sleb128 4
 1274 017c 04000000 		.4byte	.LCFI19
 1275 0180 06000000 		.4byte	.LCFI20
 1276 0184 0200     		.2byte	0x2
 1277 0186 7D       		.byte	0x7d
 1278 0187 10       		.sleb128 16
 1279 0188 06000000 		.4byte	.LCFI20
 1280 018c 26000000 		.4byte	.LFE7
 1281 0190 0200     		.2byte	0x2
 1282 0192 77       		.byte	0x77
 1283 0193 10       		.sleb128 16
 1284 0194 00000000 		.4byte	0
 1285 0198 00000000 		.4byte	0
 1286              	.LLST8:
 1287 019c 00000000 		.4byte	.LFB8
 1288 01a0 02000000 		.4byte	.LCFI21
 1289 01a4 0200     		.2byte	0x2
 1290 01a6 7D       		.byte	0x7d
 1291 01a7 00       		.sleb128 0
 1292 01a8 02000000 		.4byte	.LCFI21
 1293 01ac 04000000 		.4byte	.LCFI22
 1294 01b0 0200     		.2byte	0x2
 1295 01b2 7D       		.byte	0x7d
 1296 01b3 04       		.sleb128 4
 1297 01b4 04000000 		.4byte	.LCFI22
 1298 01b8 18000000 		.4byte	.LFE8
 1299 01bc 0200     		.2byte	0x2
 1300 01be 77       		.byte	0x77
 1301 01bf 04       		.sleb128 4
ARM GAS  C:\Users\Lloyd\AppData\Local\Temp\cczxjIIl.s 			page 30


 1302 01c0 00000000 		.4byte	0
 1303 01c4 00000000 		.4byte	0
 1304              	.LLST9:
 1305 01c8 00000000 		.4byte	.LFB9
 1306 01cc 02000000 		.4byte	.LCFI23
 1307 01d0 0200     		.2byte	0x2
 1308 01d2 7D       		.byte	0x7d
 1309 01d3 00       		.sleb128 0
 1310 01d4 02000000 		.4byte	.LCFI23
 1311 01d8 04000000 		.4byte	.LCFI24
 1312 01dc 0200     		.2byte	0x2
 1313 01de 7D       		.byte	0x7d
 1314 01df 04       		.sleb128 4
 1315 01e0 04000000 		.4byte	.LCFI24
 1316 01e4 1E000000 		.4byte	.LFE9
 1317 01e8 0200     		.2byte	0x2
 1318 01ea 77       		.byte	0x77
 1319 01eb 04       		.sleb128 4
 1320 01ec 00000000 		.4byte	0
 1321 01f0 00000000 		.4byte	0
 1322              	.LLST10:
 1323 01f4 00000000 		.4byte	.LFB10
 1324 01f8 02000000 		.4byte	.LCFI25
 1325 01fc 0200     		.2byte	0x2
 1326 01fe 7D       		.byte	0x7d
 1327 01ff 00       		.sleb128 0
 1328 0200 02000000 		.4byte	.LCFI25
 1329 0204 04000000 		.4byte	.LCFI26
 1330 0208 0200     		.2byte	0x2
 1331 020a 7D       		.byte	0x7d
 1332 020b 04       		.sleb128 4
 1333 020c 04000000 		.4byte	.LCFI26
 1334 0210 18000000 		.4byte	.LFE10
 1335 0214 0200     		.2byte	0x2
 1336 0216 77       		.byte	0x77
 1337 0217 04       		.sleb128 4
 1338 0218 00000000 		.4byte	0
 1339 021c 00000000 		.4byte	0
 1340              	.LLST11:
 1341 0220 00000000 		.4byte	.LFB11
 1342 0224 02000000 		.4byte	.LCFI27
 1343 0228 0200     		.2byte	0x2
 1344 022a 7D       		.byte	0x7d
 1345 022b 00       		.sleb128 0
 1346 022c 02000000 		.4byte	.LCFI27
 1347 0230 04000000 		.4byte	.LCFI28
 1348 0234 0200     		.2byte	0x2
 1349 0236 7D       		.byte	0x7d
 1350 0237 04       		.sleb128 4
 1351 0238 04000000 		.4byte	.LCFI28
 1352 023c 18000000 		.4byte	.LFE11
 1353 0240 0200     		.2byte	0x2
 1354 0242 77       		.byte	0x77
 1355 0243 04       		.sleb128 4
 1356 0244 00000000 		.4byte	0
 1357 0248 00000000 		.4byte	0
 1358              	.LLST12:
ARM GAS  C:\Users\Lloyd\AppData\Local\Temp\cczxjIIl.s 			page 31


 1359 024c 00000000 		.4byte	.LFB12
 1360 0250 02000000 		.4byte	.LCFI29
 1361 0254 0200     		.2byte	0x2
 1362 0256 7D       		.byte	0x7d
 1363 0257 00       		.sleb128 0
 1364 0258 02000000 		.4byte	.LCFI29
 1365 025c 04000000 		.4byte	.LCFI30
 1366 0260 0200     		.2byte	0x2
 1367 0262 7D       		.byte	0x7d
 1368 0263 04       		.sleb128 4
 1369 0264 04000000 		.4byte	.LCFI30
 1370 0268 18000000 		.4byte	.LFE12
 1371 026c 0200     		.2byte	0x2
 1372 026e 77       		.byte	0x77
 1373 026f 04       		.sleb128 4
 1374 0270 00000000 		.4byte	0
 1375 0274 00000000 		.4byte	0
 1376              		.section	.debug_aranges,"",%progbits
 1377 0000 7C000000 		.4byte	0x7c
 1378 0004 0200     		.2byte	0x2
 1379 0006 00000000 		.4byte	.Ldebug_info0
 1380 000a 04       		.byte	0x4
 1381 000b 00       		.byte	0
 1382 000c 0000     		.2byte	0
 1383 000e 0000     		.2byte	0
 1384 0010 00000000 		.4byte	.LFB0
 1385 0014 22000000 		.4byte	.LFE0-.LFB0
 1386 0018 00000000 		.4byte	.LFB1
 1387 001c 26000000 		.4byte	.LFE1-.LFB1
 1388 0020 00000000 		.4byte	.LFB2
 1389 0024 16000000 		.4byte	.LFE2-.LFB2
 1390 0028 00000000 		.4byte	.LFB3
 1391 002c 18000000 		.4byte	.LFE3-.LFB3
 1392 0030 00000000 		.4byte	.LFB4
 1393 0034 28000000 		.4byte	.LFE4-.LFB4
 1394 0038 00000000 		.4byte	.LFB5
 1395 003c 22000000 		.4byte	.LFE5-.LFB5
 1396 0040 00000000 		.4byte	.LFB6
 1397 0044 26000000 		.4byte	.LFE6-.LFB6
 1398 0048 00000000 		.4byte	.LFB7
 1399 004c 26000000 		.4byte	.LFE7-.LFB7
 1400 0050 00000000 		.4byte	.LFB8
 1401 0054 18000000 		.4byte	.LFE8-.LFB8
 1402 0058 00000000 		.4byte	.LFB9
 1403 005c 1E000000 		.4byte	.LFE9-.LFB9
 1404 0060 00000000 		.4byte	.LFB10
 1405 0064 18000000 		.4byte	.LFE10-.LFB10
 1406 0068 00000000 		.4byte	.LFB11
 1407 006c 18000000 		.4byte	.LFE11-.LFB11
 1408 0070 00000000 		.4byte	.LFB12
 1409 0074 18000000 		.4byte	.LFE12-.LFB12
 1410 0078 00000000 		.4byte	0
 1411 007c 00000000 		.4byte	0
 1412              		.section	.debug_ranges,"",%progbits
 1413              	.Ldebug_ranges0:
 1414 0000 00000000 		.4byte	.LFB0
 1415 0004 22000000 		.4byte	.LFE0
ARM GAS  C:\Users\Lloyd\AppData\Local\Temp\cczxjIIl.s 			page 32


 1416 0008 00000000 		.4byte	.LFB1
 1417 000c 26000000 		.4byte	.LFE1
 1418 0010 00000000 		.4byte	.LFB2
 1419 0014 16000000 		.4byte	.LFE2
 1420 0018 00000000 		.4byte	.LFB3
 1421 001c 18000000 		.4byte	.LFE3
 1422 0020 00000000 		.4byte	.LFB4
 1423 0024 28000000 		.4byte	.LFE4
 1424 0028 00000000 		.4byte	.LFB5
 1425 002c 22000000 		.4byte	.LFE5
 1426 0030 00000000 		.4byte	.LFB6
 1427 0034 26000000 		.4byte	.LFE6
 1428 0038 00000000 		.4byte	.LFB7
 1429 003c 26000000 		.4byte	.LFE7
 1430 0040 00000000 		.4byte	.LFB8
 1431 0044 18000000 		.4byte	.LFE8
 1432 0048 00000000 		.4byte	.LFB9
 1433 004c 1E000000 		.4byte	.LFE9
 1434 0050 00000000 		.4byte	.LFB10
 1435 0054 18000000 		.4byte	.LFE10
 1436 0058 00000000 		.4byte	.LFB11
 1437 005c 18000000 		.4byte	.LFE11
 1438 0060 00000000 		.4byte	.LFB12
 1439 0064 18000000 		.4byte	.LFE12
 1440 0068 00000000 		.4byte	0
 1441 006c 00000000 		.4byte	0
 1442              		.section	.debug_line,"",%progbits
 1443              	.Ldebug_line0:
 1444 0000 F9010000 		.section	.debug_str,"MS",%progbits,1
 1444      02000001 
 1444      00000201 
 1444      FB0E0D00 
 1444      01010101 
 1445              	.LASF23:
 1446 0000 53706958 		.ascii	"SpiXferDone_SetVector\000"
 1446      66657244 
 1446      6F6E655F 
 1446      53657456 
 1446      6563746F 
 1447              	.LASF17:
 1448 0016 72656733 		.ascii	"reg32\000"
 1448      3200
 1449              	.LASF36:
 1450 001c 433A5C47 		.ascii	"C:\\GitHub\\RPi-Dev\\BotPsoc\\BotPsoc.cydsn\000"
 1450      69744875 
 1450      625C5250 
 1450      692D4465 
 1450      765C426F 
 1451              	.LASF38:
 1452 0044 675F7370 		.ascii	"g_spiReady\000"
 1452      69526561 
 1452      647900
 1453              	.LASF29:
 1454 004f 53706958 		.ascii	"SpiXferDone_GetPriority\000"
 1454      66657244 
 1454      6F6E655F 
 1454      47657450 
ARM GAS  C:\Users\Lloyd\AppData\Local\Temp\cczxjIIl.s 			page 33


 1454      72696F72 
 1455              	.LASF3:
 1456 0067 73686F72 		.ascii	"short unsigned int\000"
 1456      7420756E 
 1456      7369676E 
 1456      65642069 
 1456      6E7400
 1457              	.LASF14:
 1458 007a 666C6F61 		.ascii	"float\000"
 1458      7400
 1459              	.LASF33:
 1460 0080 53706958 		.ascii	"SpiXferDone_ClearPending\000"
 1460      66657244 
 1460      6F6E655F 
 1460      436C6561 
 1460      7250656E 
 1461              	.LASF12:
 1462 0099 75696E74 		.ascii	"uint8\000"
 1462      3800
 1463              	.LASF21:
 1464 009f 53706958 		.ascii	"SpiXferDone_Interrupt\000"
 1464      66657244 
 1464      6F6E655F 
 1464      496E7465 
 1464      72727570 
 1465              	.LASF1:
 1466 00b5 756E7369 		.ascii	"unsigned char\000"
 1466      676E6564 
 1466      20636861 
 1466      7200
 1467              	.LASF16:
 1468 00c3 72656738 		.ascii	"reg8\000"
 1468      00
 1469              	.LASF9:
 1470 00c8 6C6F6E67 		.ascii	"long unsigned int\000"
 1470      20756E73 
 1470      69676E65 
 1470      6420696E 
 1470      7400
 1471              	.LASF26:
 1472 00da 53706958 		.ascii	"SpiXferDone_SetPriority\000"
 1472      66657244 
 1472      6F6E655F 
 1472      53657450 
 1472      72696F72 
 1473              	.LASF28:
 1474 00f2 53706958 		.ascii	"SpiXferDone_GetVector\000"
 1474      66657244 
 1474      6F6E655F 
 1474      47657456 
 1474      6563746F 
 1475              	.LASF19:
 1476 0108 53706958 		.ascii	"SpiXferDone_Start\000"
 1476      66657244 
 1476      6F6E655F 
 1476      53746172 
 1476      7400
ARM GAS  C:\Users\Lloyd\AppData\Local\Temp\cczxjIIl.s 			page 34


 1477              	.LASF27:
 1478 011a 7072696F 		.ascii	"priority\000"
 1478      72697479 
 1478      00
 1479              	.LASF15:
 1480 0123 646F7562 		.ascii	"double\000"
 1480      6C6500
 1481              	.LASF22:
 1482 012a 53706958 		.ascii	"SpiXferDone_StartEx\000"
 1482      66657244 
 1482      6F6E655F 
 1482      53746172 
 1482      74457800 
 1483              	.LASF13:
 1484 013e 75696E74 		.ascii	"uint32\000"
 1484      333200
 1485              	.LASF4:
 1486 0145 756E7369 		.ascii	"unsigned int\000"
 1486      676E6564 
 1486      20696E74 
 1486      00
 1487              	.LASF24:
 1488 0152 61646472 		.ascii	"address\000"
 1488      65737300 
 1489              	.LASF6:
 1490 015a 6C6F6E67 		.ascii	"long long unsigned int\000"
 1490      206C6F6E 
 1490      6720756E 
 1490      7369676E 
 1490      65642069 
 1491              	.LASF11:
 1492 0171 75696E74 		.ascii	"uint8_t\000"
 1492      385F7400 
 1493              	.LASF18:
 1494 0179 63796973 		.ascii	"cyisraddress\000"
 1494      72616464 
 1494      72657373 
 1494      00
 1495              	.LASF20:
 1496 0186 53706958 		.ascii	"SpiXferDone_Stop\000"
 1496      66657244 
 1496      6F6E655F 
 1496      53746F70 
 1496      00
 1497              	.LASF35:
 1498 0197 2E5C4765 		.ascii	".\\Generated_Source\\PSoC5\\SpiXferDone.c\000"
 1498      6E657261 
 1498      7465645F 
 1498      536F7572 
 1498      63655C50 
 1499              	.LASF8:
 1500 01be 73697A65 		.ascii	"sizetype\000"
 1500      74797065 
 1500      00
 1501              	.LASF5:
 1502 01c7 6C6F6E67 		.ascii	"long long int\000"
 1502      206C6F6E 
ARM GAS  C:\Users\Lloyd\AppData\Local\Temp\cczxjIIl.s 			page 35


 1502      6720696E 
 1502      7400
 1503              	.LASF37:
 1504 01d5 53706958 		.ascii	"SpiXferDone_GetState\000"
 1504      66657244 
 1504      6F6E655F 
 1504      47657453 
 1504      74617465 
 1505              	.LASF30:
 1506 01ea 53706958 		.ascii	"SpiXferDone_Enable\000"
 1506      66657244 
 1506      6F6E655F 
 1506      456E6162 
 1506      6C6500
 1507              	.LASF25:
 1508 01fd 72616D56 		.ascii	"ramVectorTable\000"
 1508      6563746F 
 1508      72546162 
 1508      6C6500
 1509              	.LASF31:
 1510 020c 53706958 		.ascii	"SpiXferDone_Disable\000"
 1510      66657244 
 1510      6F6E655F 
 1510      44697361 
 1510      626C6500 
 1511              	.LASF2:
 1512 0220 73686F72 		.ascii	"short int\000"
 1512      7420696E 
 1512      7400
 1513              	.LASF32:
 1514 022a 53706958 		.ascii	"SpiXferDone_SetPending\000"
 1514      66657244 
 1514      6F6E655F 
 1514      53657450 
 1514      656E6469 
 1515              	.LASF34:
 1516 0241 474E5520 		.ascii	"GNU C 4.7.3 20130312 (release) [ARM/embedded-4_7-br"
 1516      4320342E 
 1516      372E3320 
 1516      32303133 
 1516      30333132 
 1517 0274 616E6368 		.ascii	"anch revision 196615]\000"
 1517      20726576 
 1517      6973696F 
 1517      6E203139 
 1517      36363135 
 1518              	.LASF7:
 1519 028a 6C6F6E67 		.ascii	"long int\000"
 1519      20696E74 
 1519      00
 1520              	.LASF10:
 1521 0293 63686172 		.ascii	"char\000"
 1521      00
 1522              	.LASF0:
 1523 0298 7369676E 		.ascii	"signed char\000"
 1523      65642063 
 1523      68617200 
ARM GAS  C:\Users\Lloyd\AppData\Local\Temp\cczxjIIl.s 			page 36


 1524              		.ident	"GCC: (GNU Tools for ARM Embedded Processors) 4.7.3 20130312 (release) [ARM/embedded-4_7-br
